[2022-06-18T17:59:29.204-0700][gc,init] CardTable entry size: 512
[2022-06-18T17:59:29.204-0700][gc     ] Using G1
[2022-06-18T17:59:29.205-0700][gc,init] Version: 18.0.1.1+2-6 (release)
[2022-06-18T17:59:29.205-0700][gc,init] CPUs: 8 total, 8 available
[2022-06-18T17:59:29.205-0700][gc,init] Memory: 8192M
[2022-06-18T17:59:29.205-0700][gc,init] Large Page Support: Disabled
[2022-06-18T17:59:29.205-0700][gc,init] NUMA Support: Disabled
[2022-06-18T17:59:29.205-0700][gc,init] Compressed Oops: Enabled (Zero based)
[2022-06-18T17:59:29.205-0700][gc,init] Heap Region Size: 1M
[2022-06-18T17:59:29.205-0700][gc,init] Heap Min Capacity: 1G
[2022-06-18T17:59:29.205-0700][gc,init] Heap Initial Capacity: 1G
[2022-06-18T17:59:29.205-0700][gc,init] Heap Max Capacity: 1G
[2022-06-18T17:59:29.205-0700][gc,init] Pre-touch: Disabled
[2022-06-18T17:59:29.205-0700][gc,init] Parallel Workers: 8
[2022-06-18T17:59:29.205-0700][gc,init] Concurrent Workers: 2
[2022-06-18T17:59:29.206-0700][gc,init] Concurrent Refinement Workers: 8
[2022-06-18T17:59:29.206-0700][gc,init] Periodic GC: Disabled
[2022-06-18T17:59:29.206-0700][gc,metaspace] CDS archive(s) mapped at: [0x0000000800000000-0x0000000800ba8000-0x0000000800ba8000), size 12222464, SharedBaseAddress: 0x0000000800000000, ArchiveRelocationMode: 0.
[2022-06-18T17:59:29.206-0700][gc,metaspace] Compressed class space mapped at: 0x0000000800c00000-0x0000000840c00000, reserved size: 1073741824
[2022-06-18T17:59:29.206-0700][gc,metaspace] Narrow klass base: 0x0000000800000000, Narrow klass shift: 0, Narrow klass range: 0x100000000
[2022-06-18T17:59:30.162-0700][gc,start    ] GC(0) Pause Young (Normal) (G1 Evacuation Pause)
[2022-06-18T17:59:30.162-0700][gc,task     ] GC(0) Using 8 workers of 8 for evacuation
[2022-06-18T17:59:30.165-0700][gc,phases   ] GC(0)   Pre Evacuate Collection Set: 0.1ms
[2022-06-18T17:59:30.165-0700][gc,phases   ] GC(0)   Merge Heap Roots: 0.0ms
[2022-06-18T17:59:30.165-0700][gc,phases   ] GC(0)   Evacuate Collection Set: 2.4ms
[2022-06-18T17:59:30.165-0700][gc,phases   ] GC(0)   Post Evacuate Collection Set: 0.2ms
[2022-06-18T17:59:30.165-0700][gc,phases   ] GC(0)   Other: 0.2ms
[2022-06-18T17:59:30.165-0700][gc,heap     ] GC(0) Eden regions: 51->0(44)
[2022-06-18T17:59:30.165-0700][gc,heap     ] GC(0) Survivor regions: 0->7(7)
[2022-06-18T17:59:30.165-0700][gc,heap     ] GC(0) Old regions: 0->1
[2022-06-18T17:59:30.165-0700][gc,heap     ] GC(0) Archive regions: 2->2
[2022-06-18T17:59:30.165-0700][gc,heap     ] GC(0) Humongous regions: 0->0
[2022-06-18T17:59:30.165-0700][gc,metaspace] GC(0) Metaspace: 18714K(18944K)->18714K(18944K) NonClass: 16519K(16640K)->16519K(16640K) Class: 2194K(2304K)->2194K(2304K)
[2022-06-18T17:59:30.165-0700][gc          ] GC(0) Pause Young (Normal) (G1 Evacuation Pause) 51M->8M(1024M) 3.115ms
[2022-06-18T17:59:30.165-0700][gc,cpu      ] GC(0) User=0.01s Sys=0.00s Real=0.00s
[2022-06-18T17:59:30.337-0700][gc,start    ] GC(1) Pause Young (Concurrent Start) (Metadata GC Threshold)
[2022-06-18T17:59:30.337-0700][gc,task     ] GC(1) Using 8 workers of 8 for evacuation
[2022-06-18T17:59:30.340-0700][gc,phases   ] GC(1)   Pre Evacuate Collection Set: 0.2ms
[2022-06-18T17:59:30.340-0700][gc,phases   ] GC(1)   Merge Heap Roots: 0.0ms
[2022-06-18T17:59:30.340-0700][gc,phases   ] GC(1)   Evacuate Collection Set: 2.8ms
[2022-06-18T17:59:30.340-0700][gc,phases   ] GC(1)   Post Evacuate Collection Set: 0.2ms
[2022-06-18T17:59:30.340-0700][gc,phases   ] GC(1)   Other: 0.0ms
[2022-06-18T17:59:30.340-0700][gc,heap     ] GC(1) Eden regions: 12->0(49)
[2022-06-18T17:59:30.340-0700][gc,heap     ] GC(1) Survivor regions: 7->2(7)
[2022-06-18T17:59:30.340-0700][gc,heap     ] GC(1) Old regions: 1->7
[2022-06-18T17:59:30.340-0700][gc,heap     ] GC(1) Archive regions: 2->2
[2022-06-18T17:59:30.340-0700][gc,heap     ] GC(1) Humongous regions: 129->129
[2022-06-18T17:59:30.340-0700][gc,metaspace] GC(1) Metaspace: 21290K(21504K)->21290K(21504K) NonClass: 18769K(18880K)->18769K(18880K) Class: 2521K(2624K)->2521K(2624K)
[2022-06-18T17:59:30.340-0700][gc          ] GC(1) Pause Young (Concurrent Start) (Metadata GC Threshold) 148M->138M(1024M) 3.371ms
[2022-06-18T17:59:30.340-0700][gc,cpu      ] GC(1) User=0.01s Sys=0.00s Real=0.01s
[2022-06-18T17:59:30.340-0700][gc          ] GC(2) Concurrent Mark Cycle
[2022-06-18T17:59:30.340-0700][gc,marking  ] GC(2) Concurrent Clear Claimed Marks
[2022-06-18T17:59:30.340-0700][gc,marking  ] GC(2) Concurrent Clear Claimed Marks 0.009ms
[2022-06-18T17:59:30.340-0700][gc,marking  ] GC(2) Concurrent Scan Root Regions
[2022-06-18T17:59:30.341-0700][gc,marking  ] GC(2) Concurrent Scan Root Regions 1.420ms
[2022-06-18T17:59:30.342-0700][gc,marking  ] GC(2) Concurrent Mark
[2022-06-18T17:59:30.342-0700][gc,marking  ] GC(2) Concurrent Mark From Roots
[2022-06-18T17:59:30.342-0700][gc,task     ] GC(2) Using 2 workers of 2 for marking
[2022-06-18T17:59:30.343-0700][gc,marking  ] GC(2) Concurrent Mark From Roots 1.159ms
[2022-06-18T17:59:30.343-0700][gc,marking  ] GC(2) Concurrent Preclean
[2022-06-18T17:59:30.343-0700][gc,marking  ] GC(2) Concurrent Preclean 0.005ms
[2022-06-18T17:59:30.343-0700][gc,start    ] GC(2) Pause Remark
[2022-06-18T17:59:30.344-0700][gc          ] GC(2) Pause Remark 138M->138M(1024M) 0.813ms
[2022-06-18T17:59:30.344-0700][gc,cpu      ] GC(2) User=0.00s Sys=0.00s Real=0.00s
[2022-06-18T17:59:30.344-0700][gc,marking  ] GC(2) Concurrent Mark 2.099ms
[2022-06-18T17:59:30.344-0700][gc,marking  ] GC(2) Concurrent Rebuild Remembered Sets
[2022-06-18T17:59:30.344-0700][gc,marking  ] GC(2) Concurrent Rebuild Remembered Sets 0.004ms
[2022-06-18T17:59:30.344-0700][gc,start    ] GC(2) Pause Cleanup
[2022-06-18T17:59:30.344-0700][gc          ] GC(2) Pause Cleanup 138M->138M(1024M) 0.008ms
[2022-06-18T17:59:30.344-0700][gc,cpu      ] GC(2) User=0.00s Sys=0.00s Real=0.00s
[2022-06-18T17:59:30.344-0700][gc,marking  ] GC(2) Concurrent Cleanup for Next Mark
[2022-06-18T17:59:30.345-0700][gc,marking  ] GC(2) Concurrent Cleanup for Next Mark 1.136ms
[2022-06-18T17:59:30.345-0700][gc          ] GC(2) Concurrent Mark Cycle 4.789ms
[2022-06-18T17:59:30.705-0700][gc,start    ] GC(3) Pause Young (Normal) (G1 Evacuation Pause)
[2022-06-18T17:59:30.705-0700][gc,task     ] GC(3) Using 8 workers of 8 for evacuation
[2022-06-18T17:59:30.707-0700][gc,phases   ] GC(3)   Pre Evacuate Collection Set: 0.1ms
[2022-06-18T17:59:30.707-0700][gc,phases   ] GC(3)   Merge Heap Roots: 0.0ms
[2022-06-18T17:59:30.707-0700][gc,phases   ] GC(3)   Evacuate Collection Set: 1.8ms
[2022-06-18T17:59:30.707-0700][gc,phases   ] GC(3)   Post Evacuate Collection Set: 0.2ms
[2022-06-18T17:59:30.707-0700][gc,phases   ] GC(3)   Other: 0.0ms
[2022-06-18T17:59:30.707-0700][gc,heap     ] GC(3) Eden regions: 49->0(45)
[2022-06-18T17:59:30.707-0700][gc,heap     ] GC(3) Survivor regions: 2->6(7)
[2022-06-18T17:59:30.707-0700][gc,heap     ] GC(3) Old regions: 7->7
[2022-06-18T17:59:30.707-0700][gc,heap     ] GC(3) Archive regions: 2->2
[2022-06-18T17:59:30.707-0700][gc,heap     ] GC(3) Humongous regions: 129->129
[2022-06-18T17:59:30.707-0700][gc,metaspace] GC(3) Metaspace: 32746K(33088K)->32746K(33088K) NonClass: 29110K(29312K)->29110K(29312K) Class: 3635K(3776K)->3635K(3776K)
[2022-06-18T17:59:30.707-0700][gc          ] GC(3) Pause Young (Normal) (G1 Evacuation Pause) 187M->142M(1024M) 2.215ms
[2022-06-18T17:59:30.707-0700][gc,cpu      ] GC(3) User=0.01s Sys=0.01s Real=0.00s
[2022-06-18T18:05:18.903-0700][gc,start    ] GC(4) Pause Young (Concurrent Start) (Metadata GC Threshold)
[2022-06-18T18:05:18.903-0700][gc,task     ] GC(4) Using 8 workers of 8 for evacuation
[2022-06-18T18:05:18.909-0700][gc,phases   ] GC(4)   Pre Evacuate Collection Set: 0.7ms
[2022-06-18T18:05:18.909-0700][gc,phases   ] GC(4)   Merge Heap Roots: 0.4ms
[2022-06-18T18:05:18.909-0700][gc,phases   ] GC(4)   Evacuate Collection Set: 4.5ms
[2022-06-18T18:05:18.909-0700][gc,phases   ] GC(4)   Post Evacuate Collection Set: 0.2ms
[2022-06-18T18:05:18.909-0700][gc,phases   ] GC(4)   Other: 0.0ms
[2022-06-18T18:05:18.909-0700][gc,heap     ] GC(4) Eden regions: 17->0(49)
[2022-06-18T18:05:18.909-0700][gc,heap     ] GC(4) Survivor regions: 6->2(7)
[2022-06-18T18:05:18.909-0700][gc,heap     ] GC(4) Old regions: 7->13
[2022-06-18T18:05:18.909-0700][gc,heap     ] GC(4) Archive regions: 2->2
[2022-06-18T18:05:18.909-0700][gc,heap     ] GC(4) Humongous regions: 129->129
[2022-06-18T18:05:18.909-0700][gc,metaspace] GC(4) Metaspace: 35659K(36096K)->35659K(36096K) NonClass: 31520K(31808K)->31520K(31808K) Class: 4139K(4288K)->4139K(4288K)
[2022-06-18T18:05:18.909-0700][gc          ] GC(4) Pause Young (Concurrent Start) (Metadata GC Threshold) 159M->143M(1024M) 6.176ms
[2022-06-18T18:05:18.909-0700][gc          ] GC(5) Concurrent Mark Cycle
[2022-06-18T18:05:18.909-0700][gc,cpu      ] GC(4) User=0.02s Sys=0.00s Real=0.00s
[2022-06-18T18:05:18.909-0700][gc,marking  ] GC(5) Concurrent Clear Claimed Marks
[2022-06-18T18:05:18.909-0700][gc,marking  ] GC(5) Concurrent Clear Claimed Marks 0.025ms
[2022-06-18T18:05:18.909-0700][gc,marking  ] GC(5) Concurrent Scan Root Regions
[2022-06-18T18:05:18.910-0700][gc,marking  ] GC(5) Concurrent Scan Root Regions 1.603ms
[2022-06-18T18:05:18.910-0700][gc,marking  ] GC(5) Concurrent Mark
[2022-06-18T18:05:18.910-0700][gc,marking  ] GC(5) Concurrent Mark From Roots
[2022-06-18T18:05:18.910-0700][gc,task     ] GC(5) Using 2 workers of 2 for marking
[2022-06-18T18:05:18.915-0700][gc,marking  ] GC(5) Concurrent Mark From Roots 4.608ms
[2022-06-18T18:05:18.915-0700][gc,marking  ] GC(5) Concurrent Preclean
[2022-06-18T18:05:18.915-0700][gc,marking  ] GC(5) Concurrent Preclean 0.073ms
[2022-06-18T18:05:18.915-0700][gc,start    ] GC(5) Pause Remark
[2022-06-18T18:05:18.916-0700][gc          ] GC(5) Pause Remark 144M->144M(1024M) 1.044ms
[2022-06-18T18:05:18.916-0700][gc,cpu      ] GC(5) User=0.00s Sys=0.00s Real=0.00s
[2022-06-18T18:05:18.916-0700][gc,marking  ] GC(5) Concurrent Mark 5.899ms
[2022-06-18T18:05:18.916-0700][gc,marking  ] GC(5) Concurrent Rebuild Remembered Sets
[2022-06-18T18:05:18.919-0700][gc,marking  ] GC(5) Concurrent Rebuild Remembered Sets 2.820ms
[2022-06-18T18:05:18.919-0700][gc,start    ] GC(5) Pause Cleanup
[2022-06-18T18:05:18.919-0700][gc          ] GC(5) Pause Cleanup 144M->144M(1024M) 0.079ms
[2022-06-18T18:05:18.919-0700][gc,cpu      ] GC(5) User=0.00s Sys=0.00s Real=0.00s
[2022-06-18T18:05:18.919-0700][gc,marking  ] GC(5) Concurrent Cleanup for Next Mark
[2022-06-18T18:05:18.921-0700][gc,marking  ] GC(5) Concurrent Cleanup for Next Mark 1.362ms
[2022-06-18T18:05:18.921-0700][gc          ] GC(5) Concurrent Mark Cycle 12.013ms
[2022-06-18T18:09:40.238-0700][gc,start    ] GC(6) Pause Young (Normal) (G1 Evacuation Pause)
[2022-06-18T18:09:40.239-0700][gc,task     ] GC(6) Using 8 workers of 8 for evacuation
[2022-06-18T18:09:40.319-0700][gc,mmu      ] GC(6) MMU target violated: 21.0ms (20.0ms/21.0ms)
[2022-06-18T18:09:40.320-0700][gc,phases   ] GC(6)   Pre Evacuate Collection Set: 3.1ms
[2022-06-18T18:09:40.320-0700][gc,phases   ] GC(6)   Merge Heap Roots: 0.9ms
[2022-06-18T18:09:40.320-0700][gc,phases   ] GC(6)   Evacuate Collection Set: 76.1ms
[2022-06-18T18:09:40.320-0700][gc,phases   ] GC(6)   Post Evacuate Collection Set: 0.5ms
[2022-06-18T18:09:40.320-0700][gc,phases   ] GC(6)   Other: 0.2ms
[2022-06-18T18:09:40.320-0700][gc,heap     ] GC(6) Eden regions: 49->0(46)
[2022-06-18T18:09:40.320-0700][gc,heap     ] GC(6) Survivor regions: 2->5(7)
[2022-06-18T18:09:40.320-0700][gc,heap     ] GC(6) Old regions: 13->13
[2022-06-18T18:09:40.320-0700][gc,heap     ] GC(6) Archive regions: 2->2
[2022-06-18T18:09:40.320-0700][gc,heap     ] GC(6) Humongous regions: 129->129
[2022-06-18T18:09:40.320-0700][gc,metaspace] GC(6) Metaspace: 40439K(41088K)->40439K(41088K) NonClass: 35705K(36032K)->35705K(36032K) Class: 4734K(5056K)->4734K(5056K)
[2022-06-18T18:09:40.321-0700][gc          ] GC(6) Pause Young (Normal) (G1 Evacuation Pause) 192M->146M(1024M) 82.985ms
[2022-06-18T18:09:40.321-0700][gc,cpu      ] GC(6) User=0.03s Sys=0.06s Real=0.09s
[2022-06-18T18:22:19.478-0700][gc,start    ] GC(7) Pause Young (Normal) (G1 Evacuation Pause)
[2022-06-18T18:22:19.486-0700][gc,task     ] GC(7) Using 8 workers of 8 for evacuation
[2022-06-18T18:22:19.663-0700][gc,mmu      ] GC(7) MMU target violated: 21.0ms (20.0ms/21.0ms)
[2022-06-18T18:22:20.003-0700][gc,phases   ] GC(7)   Pre Evacuate Collection Set: 9.6ms
[2022-06-18T18:22:20.003-0700][gc,phases   ] GC(7)   Merge Heap Roots: 4.7ms
[2022-06-18T18:22:20.003-0700][gc,phases   ] GC(7)   Evacuate Collection Set: 161.3ms
[2022-06-18T18:22:20.003-0700][gc,phases   ] GC(7)   Post Evacuate Collection Set: 1.1ms
[2022-06-18T18:22:20.003-0700][gc,phases   ] GC(7)   Other: 341.3ms
[2022-06-18T18:22:20.003-0700][gc,heap     ] GC(7) Eden regions: 46->0(47)
[2022-06-18T18:22:20.003-0700][gc,heap     ] GC(7) Survivor regions: 5->4(7)
[2022-06-18T18:22:20.003-0700][gc,heap     ] GC(7) Old regions: 13->16
[2022-06-18T18:22:20.003-0700][gc,heap     ] GC(7) Archive regions: 2->2
[2022-06-18T18:22:20.003-0700][gc,heap     ] GC(7) Humongous regions: 129->129
[2022-06-18T18:22:20.003-0700][gc,metaspace] GC(7) Metaspace: 40829K(41408K)->40829K(41408K) NonClass: 36056K(36352K)->36056K(36352K) Class: 4773K(5056K)->4773K(5056K)
[2022-06-18T18:22:20.003-0700][gc          ] GC(7) Pause Young (Normal) (G1 Evacuation Pause) 192M->148M(1024M) 524.728ms
[2022-06-18T18:22:20.003-0700][gc,cpu      ] GC(7) User=0.07s Sys=0.07s Real=0.53s
[2022-06-18T18:35:33.490-0700][gc,start    ] GC(8) Pause Young (Normal) (G1 Evacuation Pause)
[2022-06-18T18:35:33.495-0700][gc,task     ] GC(8) Using 8 workers of 8 for evacuation
[2022-06-18T18:35:33.712-0700][gc,mmu      ] GC(8) MMU target violated: 21.0ms (20.0ms/21.0ms)
[2022-06-18T18:35:33.712-0700][gc,phases   ] GC(8)   Pre Evacuate Collection Set: 9.5ms
[2022-06-18T18:35:33.712-0700][gc,phases   ] GC(8)   Merge Heap Roots: 0.8ms
[2022-06-18T18:35:33.712-0700][gc,phases   ] GC(8)   Evacuate Collection Set: 192.3ms
[2022-06-18T18:35:33.712-0700][gc,phases   ] GC(8)   Post Evacuate Collection Set: 8.8ms
[2022-06-18T18:35:33.712-0700][gc,phases   ] GC(8)   Other: 7.0ms
[2022-06-18T18:35:33.712-0700][gc,heap     ] GC(8) Eden regions: 47->0(47)
[2022-06-18T18:35:33.712-0700][gc,heap     ] GC(8) Survivor regions: 4->4(7)
[2022-06-18T18:35:33.712-0700][gc,heap     ] GC(8) Old regions: 16->16
[2022-06-18T18:35:33.712-0700][gc,heap     ] GC(8) Archive regions: 2->2
[2022-06-18T18:35:33.712-0700][gc,heap     ] GC(8) Humongous regions: 129->129
[2022-06-18T18:35:33.712-0700][gc,metaspace] GC(8) Metaspace: 41360K(42048K)->41360K(42048K) NonClass: 36500K(36864K)->36500K(36864K) Class: 4859K(5184K)->4859K(5184K)
[2022-06-18T18:35:33.712-0700][gc          ] GC(8) Pause Young (Normal) (G1 Evacuation Pause) 195M->149M(1024M) 223.030ms
[2022-06-18T18:35:33.712-0700][gc,cpu      ] GC(8) User=0.09s Sys=0.07s Real=0.23s
[2022-06-18T18:50:30.197-0700][gc,start    ] GC(9) Pause Young (Normal) (G1 Evacuation Pause)
[2022-06-18T18:50:30.199-0700][gc,task     ] GC(9) Using 8 workers of 8 for evacuation
[2022-06-18T18:50:30.299-0700][gc,mmu      ] GC(9) MMU target violated: 21.0ms (20.0ms/21.0ms)
[2022-06-18T18:50:30.300-0700][gc,phases   ] GC(9)   Pre Evacuate Collection Set: 5.5ms
[2022-06-18T18:50:30.300-0700][gc,phases   ] GC(9)   Merge Heap Roots: 0.2ms
[2022-06-18T18:50:30.301-0700][gc,phases   ] GC(9)   Evacuate Collection Set: 88.4ms
[2022-06-18T18:50:30.301-0700][gc,phases   ] GC(9)   Post Evacuate Collection Set: 2.3ms
[2022-06-18T18:50:30.301-0700][gc,phases   ] GC(9)   Other: 4.0ms
[2022-06-18T18:50:30.301-0700][gc,heap     ] GC(9) Eden regions: 47->0(46)
[2022-06-18T18:50:30.301-0700][gc,heap     ] GC(9) Survivor regions: 4->5(7)
[2022-06-18T18:50:30.301-0700][gc,heap     ] GC(9) Old regions: 16->17
[2022-06-18T18:50:30.301-0700][gc,heap     ] GC(9) Archive regions: 2->2
[2022-06-18T18:50:30.301-0700][gc,heap     ] GC(9) Humongous regions: 129->129
[2022-06-18T18:50:30.301-0700][gc,metaspace] GC(9) Metaspace: 41471K(42176K)->41471K(42176K) NonClass: 36611K(36992K)->36611K(36992K) Class: 4859K(5184K)->4859K(5184K)
[2022-06-18T18:50:30.301-0700][gc          ] GC(9) Pause Young (Normal) (G1 Evacuation Pause) 196M->150M(1024M) 104.717ms
[2022-06-18T18:50:30.301-0700][gc,cpu      ] GC(9) User=0.02s Sys=0.06s Real=0.11s
[2022-06-18T19:04:26.148-0700][gc,start    ] GC(10) Pause Young (Normal) (G1 Evacuation Pause)
[2022-06-18T19:04:26.151-0700][gc,task     ] GC(10) Using 8 workers of 8 for evacuation
[2022-06-18T19:04:26.660-0700][gc,mmu      ] GC(10) MMU target violated: 21.0ms (20.0ms/21.0ms)
[2022-06-18T19:04:26.660-0700][gc,phases   ] GC(10)   Pre Evacuate Collection Set: 7.8ms
[2022-06-18T19:04:26.660-0700][gc,phases   ] GC(10)   Merge Heap Roots: 1.1ms
[2022-06-18T19:04:26.660-0700][gc,phases   ] GC(10)   Evacuate Collection Set: 492.0ms
[2022-06-18T19:04:26.660-0700][gc,phases   ] GC(10)   Post Evacuate Collection Set: 2.9ms
[2022-06-18T19:04:26.660-0700][gc,phases   ] GC(10)   Other: 5.3ms
[2022-06-18T19:04:26.660-0700][gc,heap     ] GC(10) Eden regions: 46->0(44)
[2022-06-18T19:04:26.660-0700][gc,heap     ] GC(10) Survivor regions: 5->7(7)
[2022-06-18T19:04:26.660-0700][gc,heap     ] GC(10) Old regions: 17->18
[2022-06-18T19:04:26.660-0700][gc,heap     ] GC(10) Archive regions: 2->2
[2022-06-18T19:04:26.660-0700][gc,heap     ] GC(10) Humongous regions: 129->129
[2022-06-18T19:04:26.660-0700][gc,metaspace] GC(10) Metaspace: 41548K(42240K)->41548K(42240K) NonClass: 36685K(37056K)->36685K(37056K) Class: 4863K(5184K)->4863K(5184K)
[2022-06-18T19:04:26.660-0700][gc          ] GC(10) Pause Young (Normal) (G1 Evacuation Pause) 196M->154M(1024M) 513.795ms
[2022-06-18T19:04:26.660-0700][gc,cpu      ] GC(10) User=0.24s Sys=0.09s Real=0.52s
[2022-06-18T19:13:11.596-0700][gc,start    ] GC(11) Pause Young (Normal) (G1 Evacuation Pause)
[2022-06-18T19:13:11.597-0700][gc,task     ] GC(11) Using 8 workers of 8 for evacuation
[2022-06-18T19:13:11.652-0700][gc,mmu      ] GC(11) MMU target violated: 21.0ms (20.0ms/21.0ms)
[2022-06-18T19:13:11.652-0700][gc,phases   ] GC(11)   Pre Evacuate Collection Set: 3.1ms
[2022-06-18T19:13:11.652-0700][gc,phases   ] GC(11)   Merge Heap Roots: 1.0ms
[2022-06-18T19:13:11.652-0700][gc,phases   ] GC(11)   Evacuate Collection Set: 46.4ms
[2022-06-18T19:13:11.652-0700][gc,phases   ] GC(11)   Post Evacuate Collection Set: 2.4ms
[2022-06-18T19:13:11.652-0700][gc,phases   ] GC(11)   Other: 2.3ms
[2022-06-18T19:13:11.652-0700][gc,heap     ] GC(11) Eden regions: 44->0(48)
[2022-06-18T19:13:11.652-0700][gc,heap     ] GC(11) Survivor regions: 7->3(7)
[2022-06-18T19:13:11.652-0700][gc,heap     ] GC(11) Old regions: 18->22
[2022-06-18T19:13:11.652-0700][gc,heap     ] GC(11) Archive regions: 2->2
[2022-06-18T19:13:11.652-0700][gc,heap     ] GC(11) Humongous regions: 129->129
[2022-06-18T19:13:11.652-0700][gc,metaspace] GC(11) Metaspace: 41596K(42304K)->41596K(42304K) NonClass: 36729K(37120K)->36729K(37120K) Class: 4866K(5184K)->4866K(5184K)
[2022-06-18T19:13:11.652-0700][gc          ] GC(11) Pause Young (Normal) (G1 Evacuation Pause) 198M->154M(1024M) 55.684ms
[2022-06-18T19:13:11.652-0700][gc,cpu      ] GC(11) User=0.02s Sys=0.04s Real=0.06s
[2022-06-18T19:22:47.287-0700][gc,start    ] GC(12) Pause Young (Normal) (G1 Evacuation Pause)
[2022-06-18T19:22:47.289-0700][gc,task     ] GC(12) Using 8 workers of 8 for evacuation
[2022-06-18T19:22:47.314-0700][gc,mmu      ] GC(12) MMU target violated: 21.0ms (20.0ms/21.0ms)
[2022-06-18T19:22:47.314-0700][gc,phases   ] GC(12)   Pre Evacuate Collection Set: 6.1ms
[2022-06-18T19:22:47.314-0700][gc,phases   ] GC(12)   Merge Heap Roots: 0.8ms
[2022-06-18T19:22:47.314-0700][gc,phases   ] GC(12)   Evacuate Collection Set: 15.6ms
[2022-06-18T19:22:47.314-0700][gc,phases   ] GC(12)   Post Evacuate Collection Set: 1.4ms
[2022-06-18T19:22:47.314-0700][gc,phases   ] GC(12)   Other: 1.7ms
[2022-06-18T19:22:47.314-0700][gc,heap     ] GC(12) Eden regions: 48->0(47)
[2022-06-18T19:22:47.314-0700][gc,heap     ] GC(12) Survivor regions: 3->4(7)
[2022-06-18T19:22:47.314-0700][gc,heap     ] GC(12) Old regions: 22->22
[2022-06-18T19:22:47.314-0700][gc,heap     ] GC(12) Archive regions: 2->2
[2022-06-18T19:22:47.314-0700][gc,heap     ] GC(12) Humongous regions: 129->129
[2022-06-18T19:22:47.314-0700][gc,metaspace] GC(12) Metaspace: 41632K(42304K)->41632K(42304K) NonClass: 36766K(37120K)->36766K(37120K) Class: 4866K(5184K)->4866K(5184K)
[2022-06-18T19:22:47.314-0700][gc          ] GC(12) Pause Young (Normal) (G1 Evacuation Pause) 202M->155M(1024M) 27.093ms
[2022-06-18T19:22:47.314-0700][gc,cpu      ] GC(12) User=0.02s Sys=0.04s Real=0.03s
[2022-06-18T19:32:05.681-0700][gc,start    ] GC(13) Pause Young (Normal) (G1 Evacuation Pause)
[2022-06-18T19:32:05.683-0700][gc,task     ] GC(13) Using 8 workers of 8 for evacuation
[2022-06-18T19:32:05.726-0700][gc,mmu      ] GC(13) MMU target violated: 21.0ms (20.0ms/21.0ms)
[2022-06-18T19:32:05.726-0700][gc,phases   ] GC(13)   Pre Evacuate Collection Set: 4.6ms
[2022-06-18T19:32:05.726-0700][gc,phases   ] GC(13)   Merge Heap Roots: 0.8ms
[2022-06-18T19:32:05.726-0700][gc,phases   ] GC(13)   Evacuate Collection Set: 36.2ms
[2022-06-18T19:32:05.726-0700][gc,phases   ] GC(13)   Post Evacuate Collection Set: 0.9ms
[2022-06-18T19:32:05.726-0700][gc,phases   ] GC(13)   Other: 1.5ms
[2022-06-18T19:32:05.726-0700][gc,heap     ] GC(13) Eden regions: 47->0(45)
[2022-06-18T19:32:05.726-0700][gc,heap     ] GC(13) Survivor regions: 4->6(7)
[2022-06-18T19:32:05.726-0700][gc,heap     ] GC(13) Old regions: 22->23
[2022-06-18T19:32:05.726-0700][gc,heap     ] GC(13) Archive regions: 2->2
[2022-06-18T19:32:05.726-0700][gc,heap     ] GC(13) Humongous regions: 129->129
[2022-06-18T19:32:05.726-0700][gc,metaspace] GC(13) Metaspace: 41635K(42304K)->41635K(42304K) NonClass: 36768K(37120K)->36768K(37120K) Class: 4866K(5184K)->4866K(5184K)
[2022-06-18T19:32:05.726-0700][gc          ] GC(13) Pause Young (Normal) (G1 Evacuation Pause) 202M->157M(1024M) 45.443ms
[2022-06-18T19:32:05.726-0700][gc,cpu      ] GC(13) User=0.02s Sys=0.06s Real=0.04s
[2022-06-18T19:41:07.887-0700][gc,start    ] GC(14) Pause Young (Normal) (G1 Evacuation Pause)
[2022-06-18T19:41:07.888-0700][gc,task     ] GC(14) Using 8 workers of 8 for evacuation
[2022-06-18T19:41:07.935-0700][gc,mmu      ] GC(14) MMU target violated: 21.0ms (20.0ms/21.0ms)
[2022-06-18T19:41:07.935-0700][gc,phases   ] GC(14)   Pre Evacuate Collection Set: 1.5ms
[2022-06-18T19:41:07.935-0700][gc,phases   ] GC(14)   Merge Heap Roots: 0.3ms
[2022-06-18T19:41:07.935-0700][gc,phases   ] GC(14)   Evacuate Collection Set: 44.1ms
[2022-06-18T19:41:07.935-0700][gc,phases   ] GC(14)   Post Evacuate Collection Set: 0.5ms
[2022-06-18T19:41:07.935-0700][gc,phases   ] GC(14)   Other: 0.5ms
[2022-06-18T19:41:07.935-0700][gc,heap     ] GC(14) Eden regions: 45->0(45)
[2022-06-18T19:41:07.935-0700][gc,heap     ] GC(14) Survivor regions: 6->6(7)
[2022-06-18T19:41:07.935-0700][gc,heap     ] GC(14) Old regions: 23->25
[2022-06-18T19:41:07.935-0700][gc,heap     ] GC(14) Archive regions: 2->2
[2022-06-18T19:41:07.935-0700][gc,heap     ] GC(14) Humongous regions: 129->129
[2022-06-18T19:41:07.935-0700][gc,metaspace] GC(14) Metaspace: 41646K(42304K)->41646K(42304K) NonClass: 36780K(37120K)->36780K(37120K) Class: 4866K(5184K)->4866K(5184K)
[2022-06-18T19:41:07.935-0700][gc          ] GC(14) Pause Young (Normal) (G1 Evacuation Pause) 202M->159M(1024M) 48.445ms
[2022-06-18T19:41:07.935-0700][gc,cpu      ] GC(14) User=0.04s Sys=0.04s Real=0.05s
[2022-06-18T19:50:06.345-0700][gc,start    ] GC(15) Pause Young (Normal) (G1 Evacuation Pause)
[2022-06-18T19:50:06.346-0700][gc,task     ] GC(15) Using 8 workers of 8 for evacuation
[2022-06-18T19:50:06.418-0700][gc,mmu      ] GC(15) MMU target violated: 21.0ms (20.0ms/21.0ms)
[2022-06-18T19:50:06.418-0700][gc,phases   ] GC(15)   Pre Evacuate Collection Set: 2.4ms
[2022-06-18T19:50:06.418-0700][gc,phases   ] GC(15)   Merge Heap Roots: 1.0ms
[2022-06-18T19:50:06.418-0700][gc,phases   ] GC(15)   Evacuate Collection Set: 63.1ms
[2022-06-18T19:50:06.418-0700][gc,phases   ] GC(15)   Post Evacuate Collection Set: 4.0ms
[2022-06-18T19:50:06.418-0700][gc,phases   ] GC(15)   Other: 1.9ms
[2022-06-18T19:50:06.418-0700][gc,heap     ] GC(15) Eden regions: 45->0(45)
[2022-06-18T19:50:06.418-0700][gc,heap     ] GC(15) Survivor regions: 6->6(7)
[2022-06-18T19:50:06.418-0700][gc,heap     ] GC(15) Old regions: 25->27
[2022-06-18T19:50:06.418-0700][gc,heap     ] GC(15) Archive regions: 2->2
[2022-06-18T19:50:06.418-0700][gc,heap     ] GC(15) Humongous regions: 129->129
[2022-06-18T19:50:06.418-0700][gc,metaspace] GC(15) Metaspace: 41652K(42304K)->41652K(42304K) NonClass: 36785K(37120K)->36785K(37120K) Class: 4866K(5184K)->4866K(5184K)
[2022-06-18T19:50:06.418-0700][gc          ] GC(15) Pause Young (Normal) (G1 Evacuation Pause) 204M->161M(1024M) 73.924ms
[2022-06-18T19:50:06.418-0700][gc,cpu      ] GC(15) User=0.03s Sys=0.05s Real=0.07s
[2022-06-18T19:59:10.487-0700][gc,start    ] GC(16) Pause Young (Normal) (G1 Evacuation Pause)
[2022-06-18T19:59:10.490-0700][gc,task     ] GC(16) Using 8 workers of 8 for evacuation
[2022-06-18T19:59:10.564-0700][gc,mmu      ] GC(16) MMU target violated: 21.0ms (20.0ms/21.0ms)
[2022-06-18T19:59:10.565-0700][gc,phases   ] GC(16)   Pre Evacuate Collection Set: 8.7ms
[2022-06-18T19:59:10.565-0700][gc,phases   ] GC(16)   Merge Heap Roots: 0.8ms
[2022-06-18T19:59:10.565-0700][gc,phases   ] GC(16)   Evacuate Collection Set: 59.7ms
[2022-06-18T19:59:10.565-0700][gc,phases   ] GC(16)   Post Evacuate Collection Set: 3.5ms
[2022-06-18T19:59:10.565-0700][gc,phases   ] GC(16)   Other: 2.3ms
[2022-06-18T19:59:10.565-0700][gc,heap     ] GC(16) Eden regions: 45->0(44)
[2022-06-18T19:59:10.565-0700][gc,heap     ] GC(16) Survivor regions: 6->7(7)
[2022-06-18T19:59:10.565-0700][gc,heap     ] GC(16) Old regions: 27->28
[2022-06-18T19:59:10.565-0700][gc,heap     ] GC(16) Archive regions: 2->2
[2022-06-18T19:59:10.565-0700][gc,heap     ] GC(16) Humongous regions: 129->129
[2022-06-18T19:59:10.565-0700][gc,metaspace] GC(16) Metaspace: 41656K(42304K)->41656K(42304K) NonClass: 36790K(37120K)->36790K(37120K) Class: 4866K(5184K)->4866K(5184K)
[2022-06-18T19:59:10.565-0700][gc          ] GC(16) Pause Young (Normal) (G1 Evacuation Pause) 206M->164M(1024M) 77.736ms
[2022-06-18T19:59:10.565-0700][gc,cpu      ] GC(16) User=0.03s Sys=0.05s Real=0.08s
[2022-06-18T20:07:26.998-0700][gc,start    ] GC(17) Pause Young (Normal) (G1 Evacuation Pause)
[2022-06-18T20:07:27.001-0700][gc,task     ] GC(17) Using 8 workers of 8 for evacuation
[2022-06-18T20:07:27.129-0700][gc,mmu      ] GC(17) MMU target violated: 21.0ms (20.0ms/21.0ms)
[2022-06-18T20:07:27.130-0700][gc,phases   ] GC(17)   Pre Evacuate Collection Set: 6.1ms
[2022-06-18T20:07:27.130-0700][gc,phases   ] GC(17)   Merge Heap Roots: 1.6ms
[2022-06-18T20:07:27.130-0700][gc,phases   ] GC(17)   Evacuate Collection Set: 113.1ms
[2022-06-18T20:07:27.130-0700][gc,phases   ] GC(17)   Post Evacuate Collection Set: 4.3ms
[2022-06-18T20:07:27.130-0700][gc,phases   ] GC(17)   Other: 3.3ms
[2022-06-18T20:07:27.130-0700][gc,heap     ] GC(17) Eden regions: 44->0(47)
[2022-06-18T20:07:27.130-0700][gc,heap     ] GC(17) Survivor regions: 7->4(7)
[2022-06-18T20:07:27.130-0700][gc,heap     ] GC(17) Old regions: 28->32
[2022-06-18T20:07:27.130-0700][gc,heap     ] GC(17) Archive regions: 2->2
[2022-06-18T20:07:27.130-0700][gc,heap     ] GC(17) Humongous regions: 129->129
[2022-06-18T20:07:27.130-0700][gc,metaspace] GC(17) Metaspace: 41669K(42304K)->41669K(42304K) NonClass: 36802K(37120K)->36802K(37120K) Class: 4866K(5184K)->4866K(5184K)
[2022-06-18T20:07:27.130-0700][gc          ] GC(17) Pause Young (Normal) (G1 Evacuation Pause) 208M->165M(1024M) 132.597ms
[2022-06-18T20:07:27.130-0700][gc,cpu      ] GC(17) User=0.04s Sys=0.06s Real=0.14s
[2022-06-18T20:16:55.834-0700][gc,start    ] GC(18) Pause Young (Normal) (G1 Evacuation Pause)
[2022-06-18T20:16:55.836-0700][gc,task     ] GC(18) Using 8 workers of 8 for evacuation
[2022-06-18T20:16:55.895-0700][gc,mmu      ] GC(18) MMU target violated: 21.0ms (20.0ms/21.0ms)
[2022-06-18T20:16:55.896-0700][gc,phases   ] GC(18)   Pre Evacuate Collection Set: 4.3ms
[2022-06-18T20:16:55.896-0700][gc,phases   ] GC(18)   Merge Heap Roots: 9.5ms
[2022-06-18T20:16:55.896-0700][gc,phases   ] GC(18)   Evacuate Collection Set: 36.5ms
[2022-06-18T20:16:55.896-0700][gc,phases   ] GC(18)   Post Evacuate Collection Set: 3.9ms
[2022-06-18T20:16:55.896-0700][gc,phases   ] GC(18)   Other: 5.0ms
[2022-06-18T20:16:55.897-0700][gc,heap     ] GC(18) Eden regions: 47->0(48)
[2022-06-18T20:16:55.897-0700][gc,heap     ] GC(18) Survivor regions: 4->3(7)
[2022-06-18T20:16:55.897-0700][gc,heap     ] GC(18) Old regions: 32->32
[2022-06-18T20:16:55.897-0700][gc,heap     ] GC(18) Archive regions: 2->2
[2022-06-18T20:16:55.897-0700][gc,heap     ] GC(18) Humongous regions: 129->129
[2022-06-18T20:16:55.897-0700][gc,metaspace] GC(18) Metaspace: 41675K(42304K)->41675K(42304K) NonClass: 36809K(37120K)->36809K(37120K) Class: 4866K(5184K)->4866K(5184K)
[2022-06-18T20:16:55.897-0700][gc          ] GC(18) Pause Young (Normal) (G1 Evacuation Pause) 212M->164M(1024M) 63.517ms
[2022-06-18T20:16:55.897-0700][gc,cpu      ] GC(18) User=0.01s Sys=0.04s Real=0.06s
[2022-06-18T20:26:38.683-0700][gc,start    ] GC(19) Pause Young (Normal) (G1 Evacuation Pause)
[2022-06-18T20:26:38.698-0700][gc,task     ] GC(19) Using 8 workers of 8 for evacuation
[2022-06-18T20:26:38.969-0700][gc,mmu      ] GC(19) MMU target violated: 21.0ms (20.0ms/21.0ms)
[2022-06-18T20:26:38.969-0700][gc,phases   ] GC(19)   Pre Evacuate Collection Set: 49.4ms
[2022-06-18T20:26:38.969-0700][gc,phases   ] GC(19)   Merge Heap Roots: 4.9ms
[2022-06-18T20:26:38.969-0700][gc,phases   ] GC(19)   Evacuate Collection Set: 171.4ms
[2022-06-18T20:26:38.969-0700][gc,phases   ] GC(19)   Post Evacuate Collection Set: 11.9ms
[2022-06-18T20:26:38.969-0700][gc,phases   ] GC(19)   Other: 37.9ms
[2022-06-18T20:26:38.972-0700][gc,heap     ] GC(19) Eden regions: 48->0(47)
[2022-06-18T20:26:38.972-0700][gc,heap     ] GC(19) Survivor regions: 3->4(7)
[2022-06-18T20:26:38.972-0700][gc,heap     ] GC(19) Old regions: 32->32
[2022-06-18T20:26:38.972-0700][gc,heap     ] GC(19) Archive regions: 2->2
[2022-06-18T20:26:38.972-0700][gc,heap     ] GC(19) Humongous regions: 129->129
[2022-06-18T20:26:38.972-0700][gc,metaspace] GC(19) Metaspace: 41675K(42304K)->41675K(42304K) NonClass: 36809K(37120K)->36809K(37120K) Class: 4866K(5184K)->4866K(5184K)
[2022-06-18T20:26:38.975-0700][gc          ] GC(19) Pause Young (Normal) (G1 Evacuation Pause) 212M->164M(1024M) 297.539ms
[2022-06-18T20:26:38.975-0700][gc,cpu      ] GC(19) User=0.04s Sys=0.04s Real=0.30s
[2022-06-18T20:36:09.878-0700][gc,start    ] GC(20) Pause Young (Normal) (G1 Evacuation Pause)
[2022-06-18T20:36:09.883-0700][gc,task     ] GC(20) Using 8 workers of 8 for evacuation
[2022-06-18T20:36:10.072-0700][gc,mmu      ] GC(20) MMU target violated: 21.0ms (20.0ms/21.0ms)
[2022-06-18T20:36:10.072-0700][gc,phases   ] GC(20)   Pre Evacuate Collection Set: 3.3ms
[2022-06-18T20:36:10.072-0700][gc,phases   ] GC(20)   Merge Heap Roots: 3.0ms
[2022-06-18T20:36:10.072-0700][gc,phases   ] GC(20)   Evacuate Collection Set: 151.6ms
[2022-06-18T20:36:10.072-0700][gc,phases   ] GC(20)   Post Evacuate Collection Set: 11.4ms
[2022-06-18T20:36:10.074-0700][gc,phases   ] GC(20)   Other: 21.0ms
[2022-06-18T20:36:10.074-0700][gc,heap     ] GC(20) Eden regions: 47->0(47)
[2022-06-18T20:36:10.074-0700][gc,heap     ] GC(20) Survivor regions: 4->4(7)
[2022-06-18T20:36:10.074-0700][gc,heap     ] GC(20) Old regions: 32->32
[2022-06-18T20:36:10.074-0700][gc,heap     ] GC(20) Archive regions: 2->2
[2022-06-18T20:36:10.074-0700][gc,heap     ] GC(20) Humongous regions: 129->129
[2022-06-18T20:36:10.074-0700][gc,metaspace] GC(20) Metaspace: 41678K(42304K)->41678K(42304K) NonClass: 36811K(37120K)->36811K(37120K) Class: 4866K(5184K)->4866K(5184K)
[2022-06-18T20:36:10.074-0700][gc          ] GC(20) Pause Young (Normal) (G1 Evacuation Pause) 211M->165M(1024M) 197.453ms
[2022-06-18T20:36:10.074-0700][gc,cpu      ] GC(20) User=0.06s Sys=0.05s Real=0.20s
[2022-06-18T20:45:42.798-0700][gc,start    ] GC(21) Pause Young (Normal) (G1 Evacuation Pause)
[2022-06-18T20:45:42.800-0700][gc,task     ] GC(21) Using 8 workers of 8 for evacuation
[2022-06-18T20:45:42.838-0700][gc,mmu      ] GC(21) MMU target violated: 21.0ms (20.0ms/21.0ms)
[2022-06-18T20:45:42.839-0700][gc,phases   ] GC(21)   Pre Evacuate Collection Set: 5.0ms
[2022-06-18T20:45:42.839-0700][gc,phases   ] GC(21)   Merge Heap Roots: 1.2ms
[2022-06-18T20:45:42.839-0700][gc,phases   ] GC(21)   Evacuate Collection Set: 30.2ms
[2022-06-18T20:45:42.839-0700][gc,phases   ] GC(21)   Post Evacuate Collection Set: 1.4ms
[2022-06-18T20:45:42.839-0700][gc,phases   ] GC(21)   Other: 1.1ms
[2022-06-18T20:45:42.839-0700][gc,heap     ] GC(21) Eden regions: 47->0(48)
[2022-06-18T20:45:42.839-0700][gc,heap     ] GC(21) Survivor regions: 4->3(7)
[2022-06-18T20:45:42.839-0700][gc,heap     ] GC(21) Old regions: 32->32
[2022-06-18T20:45:42.839-0700][gc,heap     ] GC(21) Archive regions: 2->2
[2022-06-18T20:45:42.839-0700][gc,heap     ] GC(21) Humongous regions: 129->129
[2022-06-18T20:45:42.839-0700][gc,metaspace] GC(21) Metaspace: 41679K(42304K)->41679K(42304K) NonClass: 36813K(37120K)->36813K(37120K) Class: 4866K(5184K)->4866K(5184K)
[2022-06-18T20:45:42.839-0700][gc          ] GC(21) Pause Young (Normal) (G1 Evacuation Pause) 212M->164M(1024M) 41.680ms
[2022-06-18T20:45:42.839-0700][gc,cpu      ] GC(21) User=0.01s Sys=0.02s Real=0.04s
[2022-06-18T20:55:24.599-0700][gc,start    ] GC(22) Pause Young (Normal) (G1 Evacuation Pause)
[2022-06-18T20:55:24.601-0700][gc,task     ] GC(22) Using 8 workers of 8 for evacuation
[2022-06-18T20:55:24.648-0700][gc,mmu      ] GC(22) MMU target violated: 21.0ms (20.0ms/21.0ms)
[2022-06-18T20:55:24.648-0700][gc,phases   ] GC(22)   Pre Evacuate Collection Set: 8.1ms
[2022-06-18T20:55:24.648-0700][gc,phases   ] GC(22)   Merge Heap Roots: 2.0ms
[2022-06-18T20:55:24.648-0700][gc,phases   ] GC(22)   Evacuate Collection Set: 33.8ms
[2022-06-18T20:55:24.649-0700][gc,phases   ] GC(22)   Post Evacuate Collection Set: 1.1ms
[2022-06-18T20:55:24.649-0700][gc,phases   ] GC(22)   Other: 1.9ms
[2022-06-18T20:55:24.649-0700][gc,heap     ] GC(22) Eden regions: 48->0(48)
[2022-06-18T20:55:24.649-0700][gc,heap     ] GC(22) Survivor regions: 3->3(7)
[2022-06-18T20:55:24.649-0700][gc,heap     ] GC(22) Old regions: 32->32
[2022-06-18T20:55:24.649-0700][gc,heap     ] GC(22) Archive regions: 2->2
[2022-06-18T20:55:24.649-0700][gc,heap     ] GC(22) Humongous regions: 129->129
[2022-06-18T20:55:24.649-0700][gc,metaspace] GC(22) Metaspace: 41681K(42304K)->41681K(42304K) NonClass: 36814K(37120K)->36814K(37120K) Class: 4866K(5184K)->4866K(5184K)
[2022-06-18T20:55:24.649-0700][gc          ] GC(22) Pause Young (Normal) (G1 Evacuation Pause) 212M->164M(1024M) 51.407ms
[2022-06-18T20:55:24.649-0700][gc,cpu      ] GC(22) User=0.01s Sys=0.04s Real=0.05s
[2022-06-18T21:04:30.604-0700][gc,start    ] GC(23) Pause Young (Normal) (G1 Evacuation Pause)
[2022-06-18T21:04:30.607-0700][gc,task     ] GC(23) Using 8 workers of 8 for evacuation
[2022-06-18T21:04:30.660-0700][gc,mmu      ] GC(23) MMU target violated: 21.0ms (20.0ms/21.0ms)
[2022-06-18T21:04:30.661-0700][gc,phases   ] GC(23)   Pre Evacuate Collection Set: 9.6ms
[2022-06-18T21:04:30.661-0700][gc,phases   ] GC(23)   Merge Heap Roots: 1.5ms
[2022-06-18T21:04:30.661-0700][gc,phases   ] GC(23)   Evacuate Collection Set: 37.6ms
[2022-06-18T21:04:30.661-0700][gc,phases   ] GC(23)   Post Evacuate Collection Set: 1.5ms
[2022-06-18T21:04:30.661-0700][gc,phases   ] GC(23)   Other: 3.4ms
[2022-06-18T21:04:30.661-0700][gc,heap     ] GC(23) Eden regions: 48->0(47)
[2022-06-18T21:04:30.661-0700][gc,heap     ] GC(23) Survivor regions: 3->4(7)
[2022-06-18T21:04:30.661-0700][gc,heap     ] GC(23) Old regions: 32->32
[2022-06-18T21:04:30.661-0700][gc,heap     ] GC(23) Archive regions: 2->2
[2022-06-18T21:04:30.661-0700][gc,heap     ] GC(23) Humongous regions: 129->129
[2022-06-18T21:04:30.661-0700][gc,metaspace] GC(23) Metaspace: 41683K(42304K)->41683K(42304K) NonClass: 36816K(37120K)->36816K(37120K) Class: 4866K(5184K)->4866K(5184K)
[2022-06-18T21:04:30.661-0700][gc          ] GC(23) Pause Young (Normal) (G1 Evacuation Pause) 212M->164M(1024M) 56.914ms
[2022-06-18T21:04:30.661-0700][gc,cpu      ] GC(23) User=0.01s Sys=0.04s Real=0.06s
[2022-06-18T21:13:57.430-0700][gc,start    ] GC(24) Pause Young (Normal) (G1 Evacuation Pause)
[2022-06-18T21:13:57.432-0700][gc,task     ] GC(24) Using 8 workers of 8 for evacuation
[2022-06-18T21:13:57.593-0700][gc,mmu      ] GC(24) MMU target violated: 21.0ms (20.0ms/21.0ms)
[2022-06-18T21:13:57.596-0700][gc,phases   ] GC(24)   Pre Evacuate Collection Set: 8.8ms
[2022-06-18T21:13:57.596-0700][gc,phases   ] GC(24)   Merge Heap Roots: 2.1ms
[2022-06-18T21:13:57.596-0700][gc,phases   ] GC(24)   Evacuate Collection Set: 137.2ms
[2022-06-18T21:13:57.596-0700][gc,phases   ] GC(24)   Post Evacuate Collection Set: 9.0ms
[2022-06-18T21:13:57.596-0700][gc,phases   ] GC(24)   Other: 4.7ms
[2022-06-18T21:13:57.598-0700][gc,heap     ] GC(24) Eden regions: 47->0(47)
[2022-06-18T21:13:57.598-0700][gc,heap     ] GC(24) Survivor regions: 4->4(7)
[2022-06-18T21:13:57.598-0700][gc,heap     ] GC(24) Old regions: 32->32
[2022-06-18T21:13:57.598-0700][gc,heap     ] GC(24) Archive regions: 2->2
[2022-06-18T21:13:57.598-0700][gc,heap     ] GC(24) Humongous regions: 129->129
[2022-06-18T21:13:57.598-0700][gc,metaspace] GC(24) Metaspace: 41692K(42304K)->41692K(42304K) NonClass: 36825K(37120K)->36825K(37120K) Class: 4866K(5184K)->4866K(5184K)
[2022-06-18T21:13:57.598-0700][gc          ] GC(24) Pause Young (Normal) (G1 Evacuation Pause) 211M->165M(1024M) 169.953ms
[2022-06-18T21:13:57.598-0700][gc,cpu      ] GC(24) User=0.04s Sys=0.06s Real=0.17s
[2022-06-18T21:23:28.126-0700][gc,start    ] GC(25) Pause Young (Normal) (G1 Evacuation Pause)
[2022-06-18T21:23:28.129-0700][gc,task     ] GC(25) Using 8 workers of 8 for evacuation
[2022-06-18T21:23:28.285-0700][gc,mmu      ] GC(25) MMU target violated: 21.0ms (20.0ms/21.0ms)
[2022-06-18T21:23:28.286-0700][gc,phases   ] GC(25)   Pre Evacuate Collection Set: 20.9ms
[2022-06-18T21:23:28.286-0700][gc,phases   ] GC(25)   Merge Heap Roots: 3.1ms
[2022-06-18T21:23:28.286-0700][gc,phases   ] GC(25)   Evacuate Collection Set: 108.9ms
[2022-06-18T21:23:28.286-0700][gc,phases   ] GC(25)   Post Evacuate Collection Set: 11.5ms
[2022-06-18T21:23:28.286-0700][gc,phases   ] GC(25)   Other: 13.1ms
[2022-06-18T21:23:28.287-0700][gc,heap     ] GC(25) Eden regions: 47->0(47)
[2022-06-18T21:23:28.287-0700][gc,heap     ] GC(25) Survivor regions: 4->4(7)
[2022-06-18T21:23:28.287-0700][gc,heap     ] GC(25) Old regions: 32->32
[2022-06-18T21:23:28.287-0700][gc,heap     ] GC(25) Archive regions: 2->2
[2022-06-18T21:23:28.287-0700][gc,heap     ] GC(25) Humongous regions: 129->129
[2022-06-18T21:23:28.287-0700][gc,metaspace] GC(25) Metaspace: 41708K(42368K)->41708K(42368K) NonClass: 36841K(37184K)->36841K(37184K) Class: 4866K(5184K)->4866K(5184K)
[2022-06-18T21:23:28.288-0700][gc          ] GC(25) Pause Young (Normal) (G1 Evacuation Pause) 212M->165M(1024M) 162.433ms
[2022-06-18T21:23:28.288-0700][gc,cpu      ] GC(25) User=0.04s Sys=0.07s Real=0.16s
[2022-06-18T21:32:57.104-0700][gc,start    ] GC(26) Pause Young (Normal) (G1 Evacuation Pause)
[2022-06-18T21:32:57.109-0700][gc,task     ] GC(26) Using 8 workers of 8 for evacuation
[2022-06-18T21:32:57.187-0700][gc,mmu      ] GC(26) MMU target violated: 21.0ms (20.0ms/21.0ms)
[2022-06-18T21:32:57.187-0700][gc,phases   ] GC(26)   Pre Evacuate Collection Set: 6.6ms
[2022-06-18T21:32:57.187-0700][gc,phases   ] GC(26)   Merge Heap Roots: 2.4ms
[2022-06-18T21:32:57.187-0700][gc,phases   ] GC(26)   Evacuate Collection Set: 53.7ms
[2022-06-18T21:32:57.187-0700][gc,phases   ] GC(26)   Post Evacuate Collection Set: 2.8ms
[2022-06-18T21:32:57.187-0700][gc,phases   ] GC(26)   Other: 14.0ms
[2022-06-18T21:32:57.187-0700][gc,heap     ] GC(26) Eden regions: 47->0(48)
[2022-06-18T21:32:57.187-0700][gc,heap     ] GC(26) Survivor regions: 4->3(7)
[2022-06-18T21:32:57.187-0700][gc,heap     ] GC(26) Old regions: 32->33
[2022-06-18T21:32:57.187-0700][gc,heap     ] GC(26) Archive regions: 2->2
[2022-06-18T21:32:57.187-0700][gc,heap     ] GC(26) Humongous regions: 129->129
[2022-06-18T21:32:57.187-0700][gc,metaspace] GC(26) Metaspace: 41708K(42368K)->41708K(42368K) NonClass: 36842K(37184K)->36842K(37184K) Class: 4866K(5184K)->4866K(5184K)
[2022-06-18T21:32:57.187-0700][gc          ] GC(26) Pause Young (Normal) (G1 Evacuation Pause) 212M->164M(1024M) 84.707ms
[2022-06-18T21:32:57.187-0700][gc,cpu      ] GC(26) User=0.01s Sys=0.04s Real=0.08s
[2022-06-18T21:42:38.471-0700][gc,start    ] GC(27) Pause Young (Normal) (G1 Evacuation Pause)
[2022-06-18T21:42:38.473-0700][gc,task     ] GC(27) Using 8 workers of 8 for evacuation
[2022-06-18T21:42:38.533-0700][gc,mmu      ] GC(27) MMU target violated: 21.0ms (20.0ms/21.0ms)
[2022-06-18T21:42:38.534-0700][gc,phases   ] GC(27)   Pre Evacuate Collection Set: 5.6ms
[2022-06-18T21:42:38.534-0700][gc,phases   ] GC(27)   Merge Heap Roots: 7.9ms
[2022-06-18T21:42:38.534-0700][gc,phases   ] GC(27)   Evacuate Collection Set: 40.3ms
[2022-06-18T21:42:38.534-0700][gc,phases   ] GC(27)   Post Evacuate Collection Set: 1.2ms
[2022-06-18T21:42:38.534-0700][gc,phases   ] GC(27)   Other: 5.8ms
[2022-06-18T21:42:38.534-0700][gc,heap     ] GC(27) Eden regions: 48->0(48)
[2022-06-18T21:42:38.534-0700][gc,heap     ] GC(27) Survivor regions: 3->3(7)
[2022-06-18T21:42:38.534-0700][gc,heap     ] GC(27) Old regions: 33->33
[2022-06-18T21:42:38.534-0700][gc,heap     ] GC(27) Archive regions: 2->2
[2022-06-18T21:42:38.534-0700][gc,heap     ] GC(27) Humongous regions: 129->129
[2022-06-18T21:42:38.534-0700][gc,metaspace] GC(27) Metaspace: 41710K(42368K)->41710K(42368K) NonClass: 36843K(37184K)->36843K(37184K) Class: 4866K(5184K)->4866K(5184K)
[2022-06-18T21:42:38.534-0700][gc          ] GC(27) Pause Young (Normal) (G1 Evacuation Pause) 212M->164M(1024M) 64.188ms
[2022-06-18T21:42:38.534-0700][gc,cpu      ] GC(27) User=0.01s Sys=0.03s Real=0.06s
[2022-06-18T21:52:19.291-0700][gc,start    ] GC(28) Pause Young (Normal) (G1 Evacuation Pause)
[2022-06-18T21:52:19.292-0700][gc,task     ] GC(28) Using 8 workers of 8 for evacuation
[2022-06-18T21:52:19.425-0700][gc,mmu      ] GC(28) MMU target violated: 21.0ms (20.0ms/21.0ms)
[2022-06-18T21:52:19.425-0700][gc,phases   ] GC(28)   Pre Evacuate Collection Set: 8.7ms
[2022-06-18T21:52:19.425-0700][gc,phases   ] GC(28)   Merge Heap Roots: 1.2ms
[2022-06-18T21:52:19.425-0700][gc,phases   ] GC(28)   Evacuate Collection Set: 111.0ms
[2022-06-18T21:52:19.425-0700][gc,phases   ] GC(28)   Post Evacuate Collection Set: 8.1ms
[2022-06-18T21:52:19.425-0700][gc,phases   ] GC(28)   Other: 4.0ms
[2022-06-18T21:52:19.425-0700][gc,heap     ] GC(28) Eden regions: 48->0(47)
[2022-06-18T21:52:19.425-0700][gc,heap     ] GC(28) Survivor regions: 3->4(7)
[2022-06-18T21:52:19.425-0700][gc,heap     ] GC(28) Old regions: 33->33
[2022-06-18T21:52:19.425-0700][gc,heap     ] GC(28) Archive regions: 2->2
[2022-06-18T21:52:19.425-0700][gc,heap     ] GC(28) Humongous regions: 129->129
[2022-06-18T21:52:19.425-0700][gc,metaspace] GC(28) Metaspace: 41710K(42368K)->41710K(42368K) NonClass: 36843K(37184K)->36843K(37184K) Class: 4866K(5184K)->4866K(5184K)
[2022-06-18T21:52:19.425-0700][gc          ] GC(28) Pause Young (Normal) (G1 Evacuation Pause) 212M->165M(1024M) 135.515ms
[2022-06-18T21:52:19.425-0700][gc,cpu      ] GC(28) User=0.06s Sys=0.04s Real=0.13s
[2022-06-18T22:01:15.880-0700][gc,start    ] GC(29) Pause Young (Normal) (G1 Evacuation Pause)
[2022-06-18T22:01:15.910-0700][gc,task     ] GC(29) Using 8 workers of 8 for evacuation
[2022-06-18T22:01:16.345-0700][gc,mmu      ] GC(29) MMU target violated: 21.0ms (20.0ms/21.0ms)
[2022-06-18T22:01:16.345-0700][gc,phases   ] GC(29)   Pre Evacuate Collection Set: 81.2ms
[2022-06-18T22:01:16.345-0700][gc,phases   ] GC(29)   Merge Heap Roots: 14.0ms
[2022-06-18T22:01:16.345-0700][gc,phases   ] GC(29)   Evacuate Collection Set: 260.0ms
[2022-06-18T22:01:16.345-0700][gc,phases   ] GC(29)   Post Evacuate Collection Set: 19.4ms
[2022-06-18T22:01:16.345-0700][gc,phases   ] GC(29)   Other: 67.4ms
[2022-06-18T22:01:16.347-0700][gc,heap     ] GC(29) Eden regions: 47->0(47)
[2022-06-18T22:01:16.347-0700][gc,heap     ] GC(29) Survivor regions: 4->4(7)
[2022-06-18T22:01:16.347-0700][gc,heap     ] GC(29) Old regions: 33->33
[2022-06-18T22:01:16.347-0700][gc,heap     ] GC(29) Archive regions: 2->2
[2022-06-18T22:01:16.347-0700][gc,heap     ] GC(29) Humongous regions: 129->129
[2022-06-18T22:01:16.349-0700][gc,metaspace] GC(29) Metaspace: 41711K(42368K)->41711K(42368K) NonClass: 36845K(37184K)->36845K(37184K) Class: 4866K(5184K)->4866K(5184K)
[2022-06-18T22:01:16.351-0700][gc          ] GC(29) Pause Young (Normal) (G1 Evacuation Pause) 212M->165M(1024M) 487.989ms
[2022-06-18T22:01:16.351-0700][gc,cpu      ] GC(29) User=0.06s Sys=0.05s Real=0.49s
[2022-06-18T22:10:44.326-0700][gc,start    ] GC(30) Pause Young (Normal) (G1 Evacuation Pause)
[2022-06-18T22:10:44.331-0700][gc,task     ] GC(30) Using 8 workers of 8 for evacuation
[2022-06-18T22:10:44.388-0700][gc,mmu      ] GC(30) MMU target violated: 21.0ms (20.0ms/21.0ms)
[2022-06-18T22:10:44.390-0700][gc,phases   ] GC(30)   Pre Evacuate Collection Set: 11.0ms
[2022-06-18T22:10:44.390-0700][gc,phases   ] GC(30)   Merge Heap Roots: 1.2ms
[2022-06-18T22:10:44.390-0700][gc,phases   ] GC(30)   Evacuate Collection Set: 31.7ms
[2022-06-18T22:10:44.390-0700][gc,phases   ] GC(30)   Post Evacuate Collection Set: 2.7ms
[2022-06-18T22:10:44.390-0700][gc,phases   ] GC(30)   Other: 12.7ms
[2022-06-18T22:10:44.391-0700][gc,heap     ] GC(30) Eden regions: 47->0(48)
[2022-06-18T22:10:44.391-0700][gc,heap     ] GC(30) Survivor regions: 4->3(7)
[2022-06-18T22:10:44.391-0700][gc,heap     ] GC(30) Old regions: 33->33
[2022-06-18T22:10:44.391-0700][gc,heap     ] GC(30) Archive regions: 2->2
[2022-06-18T22:10:44.391-0700][gc,heap     ] GC(30) Humongous regions: 129->129
[2022-06-18T22:10:44.391-0700][gc,metaspace] GC(30) Metaspace: 41712K(42368K)->41712K(42368K) NonClass: 36845K(37184K)->36845K(37184K) Class: 4866K(5184K)->4866K(5184K)
[2022-06-18T22:10:44.391-0700][gc          ] GC(30) Pause Young (Normal) (G1 Evacuation Pause) 212M->164M(1024M) 66.810ms
[2022-06-18T22:10:44.391-0700][gc,cpu      ] GC(30) User=0.00s Sys=0.03s Real=0.07s
[2022-06-18T22:20:28.382-0700][gc,start    ] GC(31) Pause Young (Normal) (G1 Evacuation Pause)
[2022-06-18T22:20:28.386-0700][gc,task     ] GC(31) Using 8 workers of 8 for evacuation
[2022-06-18T22:20:28.495-0700][gc,mmu      ] GC(31) MMU target violated: 21.0ms (20.0ms/21.0ms)
[2022-06-18T22:20:28.498-0700][gc,phases   ] GC(31)   Pre Evacuate Collection Set: 9.1ms
[2022-06-18T22:20:28.498-0700][gc,phases   ] GC(31)   Merge Heap Roots: 3.8ms
[2022-06-18T22:20:28.498-0700][gc,phases   ] GC(31)   Evacuate Collection Set: 75.3ms
[2022-06-18T22:20:28.498-0700][gc,phases   ] GC(31)   Post Evacuate Collection Set: 2.9ms
[2022-06-18T22:20:28.498-0700][gc,phases   ] GC(31)   Other: 20.4ms
[2022-06-18T22:20:28.499-0700][gc,heap     ] GC(31) Eden regions: 48->0(48)
[2022-06-18T22:20:28.499-0700][gc,heap     ] GC(31) Survivor regions: 3->3(7)
[2022-06-18T22:20:28.499-0700][gc,heap     ] GC(31) Old regions: 33->33
[2022-06-18T22:20:28.499-0700][gc,heap     ] GC(31) Archive regions: 2->2
[2022-06-18T22:20:28.499-0700][gc,heap     ] GC(31) Humongous regions: 129->129
[2022-06-18T22:20:28.499-0700][gc,metaspace] GC(31) Metaspace: 41721K(42432K)->41721K(42432K) NonClass: 36854K(37248K)->36854K(37248K) Class: 4866K(5184K)->4866K(5184K)
[2022-06-18T22:20:28.499-0700][gc          ] GC(31) Pause Young (Normal) (G1 Evacuation Pause) 212M->164M(1024M) 118.356ms
[2022-06-18T22:20:28.499-0700][gc,cpu      ] GC(31) User=0.02s Sys=0.05s Real=0.11s
[2022-06-18T22:30:18.341-0700][gc,start    ] GC(32) Pause Young (Normal) (G1 Evacuation Pause)
[2022-06-18T22:30:18.346-0700][gc,task     ] GC(32) Using 8 workers of 8 for evacuation
[2022-06-18T22:30:18.495-0700][gc,mmu      ] GC(32) MMU target violated: 21.0ms (20.0ms/21.0ms)
[2022-06-18T22:30:18.498-0700][gc,phases   ] GC(32)   Pre Evacuate Collection Set: 6.8ms
[2022-06-18T22:30:18.498-0700][gc,phases   ] GC(32)   Merge Heap Roots: 1.5ms
[2022-06-18T22:30:18.498-0700][gc,phases   ] GC(32)   Evacuate Collection Set: 115.6ms
[2022-06-18T22:30:18.498-0700][gc,phases   ] GC(32)   Post Evacuate Collection Set: 6.4ms
[2022-06-18T22:30:18.498-0700][gc,phases   ] GC(32)   Other: 19.3ms
[2022-06-18T22:30:18.500-0700][gc,heap     ] GC(32) Eden regions: 48->0(47)
[2022-06-18T22:30:18.500-0700][gc,heap     ] GC(32) Survivor regions: 3->4(7)
[2022-06-18T22:30:18.500-0700][gc,heap     ] GC(32) Old regions: 33->33
[2022-06-18T22:30:18.500-0700][gc,heap     ] GC(32) Archive regions: 2->2
[2022-06-18T22:30:18.500-0700][gc,heap     ] GC(32) Humongous regions: 129->129
[2022-06-18T22:30:18.500-0700][gc,metaspace] GC(32) Metaspace: 41725K(42432K)->41725K(42432K) NonClass: 36858K(37248K)->36858K(37248K) Class: 4866K(5184K)->4866K(5184K)
[2022-06-18T22:30:18.500-0700][gc          ] GC(32) Pause Young (Normal) (G1 Evacuation Pause) 212M->165M(1024M) 161.628ms
[2022-06-18T22:30:18.500-0700][gc,cpu      ] GC(32) User=0.03s Sys=0.05s Real=0.17s
[2022-06-18T22:39:50.022-0700][gc,start    ] GC(33) Pause Young (Normal) (G1 Evacuation Pause)
[2022-06-18T22:39:50.024-0700][gc,task     ] GC(33) Using 8 workers of 8 for evacuation
[2022-06-18T22:39:50.099-0700][gc,mmu      ] GC(33) MMU target violated: 21.0ms (20.0ms/21.0ms)
[2022-06-18T22:39:50.100-0700][gc,phases   ] GC(33)   Pre Evacuate Collection Set: 16.8ms
[2022-06-18T22:39:50.100-0700][gc,phases   ] GC(33)   Merge Heap Roots: 5.4ms
[2022-06-18T22:39:50.100-0700][gc,phases   ] GC(33)   Evacuate Collection Set: 38.5ms
[2022-06-18T22:39:50.100-0700][gc,phases   ] GC(33)   Post Evacuate Collection Set: 4.3ms
[2022-06-18T22:39:50.100-0700][gc,phases   ] GC(33)   Other: 10.5ms
[2022-06-18T22:39:50.101-0700][gc,heap     ] GC(33) Eden regions: 47->0(48)
[2022-06-18T22:39:50.101-0700][gc,heap     ] GC(33) Survivor regions: 4->3(7)
[2022-06-18T22:39:50.101-0700][gc,heap     ] GC(33) Old regions: 33->33
[2022-06-18T22:39:50.101-0700][gc,heap     ] GC(33) Archive regions: 2->2
[2022-06-18T22:39:50.101-0700][gc,heap     ] GC(33) Humongous regions: 129->129
[2022-06-18T22:39:50.101-0700][gc,metaspace] GC(33) Metaspace: 41725K(42432K)->41725K(42432K) NonClass: 36858K(37248K)->36858K(37248K) Class: 4866K(5184K)->4866K(5184K)
[2022-06-18T22:39:50.101-0700][gc          ] GC(33) Pause Young (Normal) (G1 Evacuation Pause) 212M->164M(1024M) 80.380ms
[2022-06-18T22:39:50.101-0700][gc,cpu      ] GC(33) User=0.01s Sys=0.02s Real=0.08s
[2022-06-18T22:49:35.993-0700][gc,start    ] GC(34) Pause Young (Normal) (G1 Evacuation Pause)
[2022-06-18T22:49:35.996-0700][gc,task     ] GC(34) Using 8 workers of 8 for evacuation
[2022-06-18T22:49:36.088-0700][gc,mmu      ] GC(34) MMU target violated: 21.0ms (20.0ms/21.0ms)
[2022-06-18T22:49:36.089-0700][gc,phases   ] GC(34)   Pre Evacuate Collection Set: 5.9ms
[2022-06-18T22:49:36.089-0700][gc,phases   ] GC(34)   Merge Heap Roots: 4.6ms
[2022-06-18T22:49:36.089-0700][gc,phases   ] GC(34)   Evacuate Collection Set: 68.1ms
[2022-06-18T22:49:36.089-0700][gc,phases   ] GC(34)   Post Evacuate Collection Set: 2.0ms
[2022-06-18T22:49:36.089-0700][gc,phases   ] GC(34)   Other: 11.8ms
[2022-06-18T22:49:36.089-0700][gc,heap     ] GC(34) Eden regions: 48->0(48)
[2022-06-18T22:49:36.089-0700][gc,heap     ] GC(34) Survivor regions: 3->3(7)
[2022-06-18T22:49:36.089-0700][gc,heap     ] GC(34) Old regions: 33->33
[2022-06-18T22:49:36.089-0700][gc,heap     ] GC(34) Archive regions: 2->2
[2022-06-18T22:49:36.089-0700][gc,heap     ] GC(34) Humongous regions: 129->129
[2022-06-18T22:49:36.089-0700][gc,metaspace] GC(34) Metaspace: 41725K(42432K)->41725K(42432K) NonClass: 36858K(37248K)->36858K(37248K) Class: 4866K(5184K)->4866K(5184K)
[2022-06-18T22:49:36.089-0700][gc          ] GC(34) Pause Young (Normal) (G1 Evacuation Pause) 212M->164M(1024M) 96.682ms
[2022-06-18T22:49:36.089-0700][gc,cpu      ] GC(34) User=0.01s Sys=0.05s Real=0.09s
[2022-06-18T22:59:19.370-0700][gc,start    ] GC(35) Pause Young (Normal) (G1 Evacuation Pause)
[2022-06-18T22:59:19.372-0700][gc,task     ] GC(35) Using 8 workers of 8 for evacuation
[2022-06-18T22:59:19.475-0700][gc,mmu      ] GC(35) MMU target violated: 21.0ms (20.0ms/21.0ms)
[2022-06-18T22:59:19.475-0700][gc,phases   ] GC(35)   Pre Evacuate Collection Set: 9.9ms
[2022-06-18T22:59:19.475-0700][gc,phases   ] GC(35)   Merge Heap Roots: 4.6ms
[2022-06-18T22:59:19.475-0700][gc,phases   ] GC(35)   Evacuate Collection Set: 73.7ms
[2022-06-18T22:59:19.475-0700][gc,phases   ] GC(35)   Post Evacuate Collection Set: 5.5ms
[2022-06-18T22:59:19.475-0700][gc,phases   ] GC(35)   Other: 9.9ms
[2022-06-18T22:59:19.476-0700][gc,heap     ] GC(35) Eden regions: 48->0(48)
[2022-06-18T22:59:19.476-0700][gc,heap     ] GC(35) Survivor regions: 3->3(7)
[2022-06-18T22:59:19.476-0700][gc,heap     ] GC(35) Old regions: 33->33
[2022-06-18T22:59:19.476-0700][gc,heap     ] GC(35) Archive regions: 2->2
[2022-06-18T22:59:19.476-0700][gc,heap     ] GC(35) Humongous regions: 129->129
[2022-06-18T22:59:19.476-0700][gc,metaspace] GC(35) Metaspace: 41725K(42432K)->41725K(42432K) NonClass: 36859K(37248K)->36859K(37248K) Class: 4866K(5184K)->4866K(5184K)
[2022-06-18T22:59:19.476-0700][gc          ] GC(35) Pause Young (Normal) (G1 Evacuation Pause) 212M->164M(1024M) 107.811ms
[2022-06-18T22:59:19.476-0700][gc,cpu      ] GC(35) User=0.03s Sys=0.05s Real=0.11s
[2022-06-18T23:08:31.899-0700][gc,start    ] GC(36) Pause Young (Normal) (G1 Evacuation Pause)
[2022-06-18T23:08:31.924-0700][gc,task     ] GC(36) Using 8 workers of 8 for evacuation
[2022-06-18T23:08:32.148-0700][gc,mmu      ] GC(36) MMU target violated: 21.0ms (20.0ms/21.0ms)
[2022-06-18T23:08:32.148-0700][gc,phases   ] GC(36)   Pre Evacuate Collection Set: 61.3ms
[2022-06-18T23:08:32.149-0700][gc,phases   ] GC(36)   Merge Heap Roots: 12.9ms
[2022-06-18T23:08:32.149-0700][gc,phases   ] GC(36)   Evacuate Collection Set: 125.2ms
[2022-06-18T23:08:32.149-0700][gc,phases   ] GC(36)   Post Evacuate Collection Set: 16.3ms
[2022-06-18T23:08:32.149-0700][gc,phases   ] GC(36)   Other: 10.5ms
[2022-06-18T23:08:32.149-0700][gc,heap     ] GC(36) Eden regions: 48->0(47)
[2022-06-18T23:08:32.149-0700][gc,heap     ] GC(36) Survivor regions: 3->4(7)
[2022-06-18T23:08:32.149-0700][gc,heap     ] GC(36) Old regions: 33->33
[2022-06-18T23:08:32.149-0700][gc,heap     ] GC(36) Archive regions: 2->2
[2022-06-18T23:08:32.149-0700][gc,heap     ] GC(36) Humongous regions: 129->129
[2022-06-18T23:08:32.150-0700][gc,metaspace] GC(36) Metaspace: 41728K(42432K)->41728K(42432K) NonClass: 36861K(37248K)->36861K(37248K) Class: 4866K(5184K)->4866K(5184K)
[2022-06-18T23:08:32.151-0700][gc          ] GC(36) Pause Young (Normal) (G1 Evacuation Pause) 212M->165M(1024M) 254.731ms
[2022-06-18T23:08:32.151-0700][gc,cpu      ] GC(36) User=0.03s Sys=0.07s Real=0.26s
[2022-06-18T23:33:56.231-0700][gc,start    ] GC(37) Pause Young (Normal) (G1 Evacuation Pause)
[2022-06-18T23:33:56.235-0700][gc,task     ] GC(37) Using 8 workers of 8 for evacuation
[2022-06-18T23:33:56.293-0700][gc,mmu      ] GC(37) MMU target violated: 21.0ms (20.0ms/21.0ms)
[2022-06-18T23:33:56.293-0700][gc,phases   ] GC(37)   Pre Evacuate Collection Set: 6.1ms
[2022-06-18T23:33:56.293-0700][gc,phases   ] GC(37)   Merge Heap Roots: 2.8ms
[2022-06-18T23:33:56.293-0700][gc,phases   ] GC(37)   Evacuate Collection Set: 33.8ms
[2022-06-18T23:33:56.293-0700][gc,phases   ] GC(37)   Post Evacuate Collection Set: 6.4ms
[2022-06-18T23:33:56.293-0700][gc,phases   ] GC(37)   Other: 9.7ms
[2022-06-18T23:33:56.293-0700][gc,heap     ] GC(37) Eden regions: 47->0(48)
[2022-06-18T23:33:56.293-0700][gc,heap     ] GC(37) Survivor regions: 4->3(7)
[2022-06-18T23:33:56.293-0700][gc,heap     ] GC(37) Old regions: 33->33
[2022-06-18T23:33:56.293-0700][gc,heap     ] GC(37) Archive regions: 2->2
[2022-06-18T23:33:56.293-0700][gc,heap     ] GC(37) Humongous regions: 129->129
[2022-06-18T23:33:56.293-0700][gc,metaspace] GC(37) Metaspace: 41730K(42432K)->41730K(42432K) NonClass: 36863K(37248K)->36863K(37248K) Class: 4866K(5184K)->4866K(5184K)
[2022-06-18T23:33:56.293-0700][gc          ] GC(37) Pause Young (Normal) (G1 Evacuation Pause) 212M->164M(1024M) 62.035ms
[2022-06-18T23:33:56.293-0700][gc,cpu      ] GC(37) User=0.01s Sys=0.03s Real=0.06s
[2022-06-18T23:43:50.942-0700][gc,start    ] GC(38) Pause Young (Normal) (G1 Evacuation Pause)
[2022-06-18T23:43:50.945-0700][gc,task     ] GC(38) Using 8 workers of 8 for evacuation
[2022-06-18T23:43:51.021-0700][gc,mmu      ] GC(38) MMU target violated: 21.0ms (20.0ms/21.0ms)
[2022-06-18T23:43:51.022-0700][gc,phases   ] GC(38)   Pre Evacuate Collection Set: 6.6ms
[2022-06-18T23:43:51.022-0700][gc,phases   ] GC(38)   Merge Heap Roots: 0.9ms
[2022-06-18T23:43:51.022-0700][gc,phases   ] GC(38)   Evacuate Collection Set: 58.6ms
[2022-06-18T23:43:51.022-0700][gc,phases   ] GC(38)   Post Evacuate Collection Set: 4.2ms
[2022-06-18T23:43:51.022-0700][gc,phases   ] GC(38)   Other: 6.5ms
[2022-06-18T23:43:51.022-0700][gc,heap     ] GC(38) Eden regions: 48->0(48)
[2022-06-18T23:43:51.022-0700][gc,heap     ] GC(38) Survivor regions: 3->3(7)
[2022-06-18T23:43:51.022-0700][gc,heap     ] GC(38) Old regions: 33->33
[2022-06-18T23:43:51.022-0700][gc,heap     ] GC(38) Archive regions: 2->2
[2022-06-18T23:43:51.022-0700][gc,heap     ] GC(38) Humongous regions: 129->129
[2022-06-18T23:43:51.022-0700][gc,metaspace] GC(38) Metaspace: 41730K(42432K)->41730K(42432K) NonClass: 36863K(37248K)->36863K(37248K) Class: 4866K(5184K)->4866K(5184K)
[2022-06-18T23:43:51.022-0700][gc          ] GC(38) Pause Young (Normal) (G1 Evacuation Pause) 212M->164M(1024M) 80.662ms
[2022-06-18T23:43:51.022-0700][gc,cpu      ] GC(38) User=0.02s Sys=0.06s Real=0.08s
[2022-06-18T23:53:35.383-0700][gc,start    ] GC(39) Pause Young (Normal) (G1 Evacuation Pause)
[2022-06-18T23:53:35.385-0700][gc,task     ] GC(39) Using 8 workers of 8 for evacuation
[2022-06-18T23:53:35.461-0700][gc,mmu      ] GC(39) MMU target violated: 21.0ms (20.0ms/21.0ms)
[2022-06-18T23:53:35.462-0700][gc,phases   ] GC(39)   Pre Evacuate Collection Set: 10.0ms
[2022-06-18T23:53:35.462-0700][gc,phases   ] GC(39)   Merge Heap Roots: 1.3ms
[2022-06-18T23:53:35.462-0700][gc,phases   ] GC(39)   Evacuate Collection Set: 55.4ms
[2022-06-18T23:53:35.462-0700][gc,phases   ] GC(39)   Post Evacuate Collection Set: 1.6ms
[2022-06-18T23:53:35.462-0700][gc,phases   ] GC(39)   Other: 8.7ms
[2022-06-18T23:53:35.462-0700][gc,heap     ] GC(39) Eden regions: 48->0(47)
[2022-06-18T23:53:35.462-0700][gc,heap     ] GC(39) Survivor regions: 3->4(7)
[2022-06-18T23:53:35.462-0700][gc,heap     ] GC(39) Old regions: 33->33
[2022-06-18T23:53:35.462-0700][gc,heap     ] GC(39) Archive regions: 2->2
[2022-06-18T23:53:35.462-0700][gc,heap     ] GC(39) Humongous regions: 129->129
[2022-06-18T23:53:35.462-0700][gc,metaspace] GC(39) Metaspace: 41732K(42432K)->41732K(42432K) NonClass: 36865K(37248K)->36865K(37248K) Class: 4866K(5184K)->4866K(5184K)
[2022-06-18T23:53:35.462-0700][gc          ] GC(39) Pause Young (Normal) (G1 Evacuation Pause) 212M->165M(1024M) 80.110ms
[2022-06-18T23:53:35.462-0700][gc,cpu      ] GC(39) User=0.02s Sys=0.06s Real=0.08s
[2022-06-19T00:03:04.553-0700][gc,start    ] GC(40) Pause Young (Normal) (G1 Evacuation Pause)
[2022-06-19T00:03:04.555-0700][gc,task     ] GC(40) Using 8 workers of 8 for evacuation
[2022-06-19T00:03:04.587-0700][gc,mmu      ] GC(40) MMU target violated: 21.0ms (20.0ms/21.0ms)
[2022-06-19T00:03:04.588-0700][gc,phases   ] GC(40)   Pre Evacuate Collection Set: 4.1ms
[2022-06-19T00:03:04.588-0700][gc,phases   ] GC(40)   Merge Heap Roots: 1.6ms
[2022-06-19T00:03:04.588-0700][gc,phases   ] GC(40)   Evacuate Collection Set: 23.4ms
[2022-06-19T00:03:04.588-0700][gc,phases   ] GC(40)   Post Evacuate Collection Set: 1.9ms
[2022-06-19T00:03:04.588-0700][gc,phases   ] GC(40)   Other: 1.6ms
[2022-06-19T00:03:04.588-0700][gc,heap     ] GC(40) Eden regions: 47->0(48)
[2022-06-19T00:03:04.588-0700][gc,heap     ] GC(40) Survivor regions: 4->3(7)
[2022-06-19T00:03:04.588-0700][gc,heap     ] GC(40) Old regions: 33->33
[2022-06-19T00:03:04.588-0700][gc,heap     ] GC(40) Archive regions: 2->2
[2022-06-19T00:03:04.588-0700][gc,heap     ] GC(40) Humongous regions: 129->129
[2022-06-19T00:03:04.588-0700][gc,metaspace] GC(40) Metaspace: 41734K(42432K)->41734K(42432K) NonClass: 36868K(37248K)->36868K(37248K) Class: 4866K(5184K)->4866K(5184K)
[2022-06-19T00:03:04.588-0700][gc          ] GC(40) Pause Young (Normal) (G1 Evacuation Pause) 212M->164M(1024M) 36.042ms
[2022-06-19T00:03:04.588-0700][gc,cpu      ] GC(40) User=0.02s Sys=0.05s Real=0.03s
[2022-06-19T00:12:44.544-0700][gc,start    ] GC(41) Pause Young (Normal) (G1 Evacuation Pause)
[2022-06-19T00:12:44.547-0700][gc,task     ] GC(41) Using 8 workers of 8 for evacuation
[2022-06-19T00:12:44.632-0700][gc,mmu      ] GC(41) MMU target violated: 21.0ms (20.0ms/21.0ms)
[2022-06-19T00:12:44.635-0700][gc,phases   ] GC(41)   Pre Evacuate Collection Set: 19.6ms
[2022-06-19T00:12:44.635-0700][gc,phases   ] GC(41)   Merge Heap Roots: 0.8ms
[2022-06-19T00:12:44.635-0700][gc,phases   ] GC(41)   Evacuate Collection Set: 38.2ms
[2022-06-19T00:12:44.635-0700][gc,phases   ] GC(41)   Post Evacuate Collection Set: 8.3ms
[2022-06-19T00:12:44.635-0700][gc,phases   ] GC(41)   Other: 18.6ms
[2022-06-19T00:12:44.635-0700][gc,heap     ] GC(41) Eden regions: 48->0(48)
[2022-06-19T00:12:44.635-0700][gc,heap     ] GC(41) Survivor regions: 3->3(7)
[2022-06-19T00:12:44.635-0700][gc,heap     ] GC(41) Old regions: 33->33
[2022-06-19T00:12:44.635-0700][gc,heap     ] GC(41) Archive regions: 2->2
[2022-06-19T00:12:44.635-0700][gc,heap     ] GC(41) Humongous regions: 129->129
[2022-06-19T00:12:44.635-0700][gc,metaspace] GC(41) Metaspace: 41735K(42432K)->41735K(42432K) NonClass: 36868K(37248K)->36868K(37248K) Class: 4866K(5184K)->4866K(5184K)
[2022-06-19T00:12:44.635-0700][gc          ] GC(41) Pause Young (Normal) (G1 Evacuation Pause) 212M->164M(1024M) 93.063ms
[2022-06-19T00:12:44.635-0700][gc,cpu      ] GC(41) User=0.01s Sys=0.04s Real=0.09s
[2022-06-19T00:21:51.353-0700][gc,start    ] GC(42) Pause Young (Normal) (G1 Evacuation Pause)
[2022-06-19T00:21:51.362-0700][gc,task     ] GC(42) Using 8 workers of 8 for evacuation
[2022-06-19T00:21:51.454-0700][gc,mmu      ] GC(42) MMU target violated: 21.0ms (20.0ms/21.0ms)
[2022-06-19T00:21:51.454-0700][gc,phases   ] GC(42)   Pre Evacuate Collection Set: 7.8ms
[2022-06-19T00:21:51.454-0700][gc,phases   ] GC(42)   Merge Heap Roots: 1.5ms
[2022-06-19T00:21:51.454-0700][gc,phases   ] GC(42)   Evacuate Collection Set: 67.2ms
[2022-06-19T00:21:51.454-0700][gc,phases   ] GC(42)   Post Evacuate Collection Set: 7.2ms
[2022-06-19T00:21:51.454-0700][gc,phases   ] GC(42)   Other: 11.3ms
[2022-06-19T00:21:51.455-0700][gc,heap     ] GC(42) Eden regions: 48->0(48)
[2022-06-19T00:21:51.455-0700][gc,heap     ] GC(42) Survivor regions: 3->3(7)
[2022-06-19T00:21:51.455-0700][gc,heap     ] GC(42) Old regions: 33->33
[2022-06-19T00:21:51.455-0700][gc,heap     ] GC(42) Archive regions: 2->2
[2022-06-19T00:21:51.455-0700][gc,heap     ] GC(42) Humongous regions: 129->129
[2022-06-19T00:21:51.456-0700][gc,metaspace] GC(42) Metaspace: 41736K(42432K)->41736K(42432K) NonClass: 36870K(37248K)->36870K(37248K) Class: 4866K(5184K)->4866K(5184K)
[2022-06-19T00:21:51.457-0700][gc          ] GC(42) Pause Young (Normal) (G1 Evacuation Pause) 212M->164M(1024M) 106.332ms
[2022-06-19T00:21:51.457-0700][gc,cpu      ] GC(42) User=0.02s Sys=0.06s Real=0.10s
[2022-06-19T00:49:53.729-0700][gc,start    ] GC(43) Pause Young (Normal) (G1 Evacuation Pause)
[2022-06-19T00:49:53.758-0700][gc,task     ] GC(43) Using 8 workers of 8 for evacuation
[2022-06-19T00:49:54.408-0700][gc,mmu      ] GC(43) MMU target violated: 21.0ms (20.0ms/21.0ms)
[2022-06-19T00:49:54.408-0700][gc,phases   ] GC(43)   Pre Evacuate Collection Set: 29.4ms
[2022-06-19T00:49:54.408-0700][gc,phases   ] GC(43)   Merge Heap Roots: 6.4ms
[2022-06-19T00:49:54.408-0700][gc,phases   ] GC(43)   Evacuate Collection Set: 551.0ms
[2022-06-19T00:49:54.408-0700][gc,phases   ] GC(43)   Post Evacuate Collection Set: 17.2ms
[2022-06-19T00:49:54.413-0700][gc,phases   ] GC(43)   Other: 58.2ms
[2022-06-19T00:49:54.413-0700][gc,heap     ] GC(43) Eden regions: 48->0(47)
[2022-06-19T00:49:54.413-0700][gc,heap     ] GC(43) Survivor regions: 3->4(7)
[2022-06-19T00:49:54.413-0700][gc,heap     ] GC(43) Old regions: 33->33
[2022-06-19T00:49:54.413-0700][gc,heap     ] GC(43) Archive regions: 2->2
[2022-06-19T00:49:54.413-0700][gc,heap     ] GC(43) Humongous regions: 129->129
[2022-06-19T00:49:54.418-0700][gc,metaspace] GC(43) Metaspace: 41741K(42432K)->41741K(42432K) NonClass: 36874K(37248K)->36874K(37248K) Class: 4866K(5184K)->4866K(5184K)
[2022-06-19T00:49:54.421-0700][gc          ] GC(43) Pause Young (Normal) (G1 Evacuation Pause) 212M->165M(1024M) 695.523ms
[2022-06-19T00:49:54.421-0700][gc,cpu      ] GC(43) User=0.05s Sys=0.07s Real=0.70s
[2022-06-19T00:59:34.335-0700][gc,start    ] GC(44) Pause Young (Normal) (G1 Evacuation Pause)
[2022-06-19T00:59:34.341-0700][gc,task     ] GC(44) Using 8 workers of 8 for evacuation
[2022-06-19T00:59:34.397-0700][gc,mmu      ] GC(44) MMU target violated: 21.0ms (20.0ms/21.0ms)
[2022-06-19T00:59:34.398-0700][gc,phases   ] GC(44)   Pre Evacuate Collection Set: 16.7ms
[2022-06-19T00:59:34.398-0700][gc,phases   ] GC(44)   Merge Heap Roots: 2.0ms
[2022-06-19T00:59:34.398-0700][gc,phases   ] GC(44)   Evacuate Collection Set: 28.7ms
[2022-06-19T00:59:34.398-0700][gc,phases   ] GC(44)   Post Evacuate Collection Set: 3.8ms
[2022-06-19T00:59:34.398-0700][gc,phases   ] GC(44)   Other: 6.2ms
[2022-06-19T00:59:34.399-0700][gc,heap     ] GC(44) Eden regions: 47->0(48)
[2022-06-19T00:59:34.399-0700][gc,heap     ] GC(44) Survivor regions: 4->3(7)
[2022-06-19T00:59:34.399-0700][gc,heap     ] GC(44) Old regions: 33->33
[2022-06-19T00:59:34.399-0700][gc,heap     ] GC(44) Archive regions: 2->2
[2022-06-19T00:59:34.399-0700][gc,heap     ] GC(44) Humongous regions: 129->129
[2022-06-19T00:59:34.399-0700][gc,metaspace] GC(44) Metaspace: 41743K(42432K)->41743K(42432K) NonClass: 36877K(37248K)->36877K(37248K) Class: 4866K(5184K)->4866K(5184K)
[2022-06-19T00:59:34.399-0700][gc          ] GC(44) Pause Young (Normal) (G1 Evacuation Pause) 212M->164M(1024M) 65.936ms
[2022-06-19T00:59:34.399-0700][gc,cpu      ] GC(44) User=0.02s Sys=0.05s Real=0.06s
[2022-06-19T01:54:22.335-0700][gc,start    ] GC(45) Pause Young (Normal) (G1 Evacuation Pause)
[2022-06-19T01:54:22.337-0700][gc,task     ] GC(45) Using 8 workers of 8 for evacuation
[2022-06-19T01:54:22.415-0700][gc,mmu      ] GC(45) MMU target violated: 21.0ms (20.0ms/21.0ms)
[2022-06-19T01:54:22.419-0700][gc,phases   ] GC(45)   Pre Evacuate Collection Set: 5.1ms
[2022-06-19T01:54:22.419-0700][gc,phases   ] GC(45)   Merge Heap Roots: 1.9ms
[2022-06-19T01:54:22.419-0700][gc,phases   ] GC(45)   Evacuate Collection Set: 55.3ms
[2022-06-19T01:54:22.419-0700][gc,phases   ] GC(45)   Post Evacuate Collection Set: 10.0ms
[2022-06-19T01:54:22.419-0700][gc,phases   ] GC(45)   Other: 6.1ms
[2022-06-19T01:54:22.421-0700][gc,heap     ] GC(45) Eden regions: 48->0(48)
[2022-06-19T01:54:22.421-0700][gc,heap     ] GC(45) Survivor regions: 3->3(7)
[2022-06-19T01:54:22.421-0700][gc,heap     ] GC(45) Old regions: 33->33
[2022-06-19T01:54:22.421-0700][gc,heap     ] GC(45) Archive regions: 2->2
[2022-06-19T01:54:22.421-0700][gc,heap     ] GC(45) Humongous regions: 129->129
[2022-06-19T01:54:22.421-0700][gc,metaspace] GC(45) Metaspace: 41764K(42432K)->41764K(42432K) NonClass: 36898K(37248K)->36898K(37248K) Class: 4866K(5184K)->4866K(5184K)
[2022-06-19T01:54:22.421-0700][gc          ] GC(45) Pause Young (Normal) (G1 Evacuation Pause) 212M->164M(1024M) 88.485ms
[2022-06-19T01:54:22.421-0700][gc,cpu      ] GC(45) User=0.02s Sys=0.04s Real=0.09s
[2022-06-19T02:04:06.154-0700][gc,start    ] GC(46) Pause Young (Normal) (G1 Evacuation Pause)
[2022-06-19T02:04:06.156-0700][gc,task     ] GC(46) Using 8 workers of 8 for evacuation
[2022-06-19T02:04:06.231-0700][gc,mmu      ] GC(46) MMU target violated: 21.0ms (20.0ms/21.0ms)
[2022-06-19T02:04:06.231-0700][gc,phases   ] GC(46)   Pre Evacuate Collection Set: 13.5ms
[2022-06-19T02:04:06.231-0700][gc,phases   ] GC(46)   Merge Heap Roots: 1.3ms
[2022-06-19T02:04:06.231-0700][gc,phases   ] GC(46)   Evacuate Collection Set: 46.5ms
[2022-06-19T02:04:06.231-0700][gc,phases   ] GC(46)   Post Evacuate Collection Set: 4.8ms
[2022-06-19T02:04:06.231-0700][gc,phases   ] GC(46)   Other: 9.9ms
[2022-06-19T02:04:06.231-0700][gc,heap     ] GC(46) Eden regions: 48->0(48)
[2022-06-19T02:04:06.231-0700][gc,heap     ] GC(46) Survivor regions: 3->3(7)
[2022-06-19T02:04:06.231-0700][gc,heap     ] GC(46) Old regions: 33->33
[2022-06-19T02:04:06.231-0700][gc,heap     ] GC(46) Archive regions: 2->2
[2022-06-19T02:04:06.231-0700][gc,heap     ] GC(46) Humongous regions: 129->129
[2022-06-19T02:04:06.231-0700][gc,metaspace] GC(46) Metaspace: 41771K(42432K)->41771K(42432K) NonClass: 36904K(37248K)->36904K(37248K) Class: 4866K(5184K)->4866K(5184K)
[2022-06-19T02:04:06.231-0700][gc          ] GC(46) Pause Young (Normal) (G1 Evacuation Pause) 212M->165M(1024M) 77.702ms
[2022-06-19T02:04:06.231-0700][gc,cpu      ] GC(46) User=0.02s Sys=0.05s Real=0.08s
[2022-06-19T02:45:53.305-0700][gc,start    ] GC(47) Pause Young (Normal) (G1 Evacuation Pause)
[2022-06-19T02:45:53.306-0700][gc,task     ] GC(47) Using 8 workers of 8 for evacuation
[2022-06-19T02:45:53.386-0700][gc,mmu      ] GC(47) MMU target violated: 21.0ms (20.0ms/21.0ms)
[2022-06-19T02:45:53.386-0700][gc,phases   ] GC(47)   Pre Evacuate Collection Set: 7.2ms
[2022-06-19T02:45:53.386-0700][gc,phases   ] GC(47)   Merge Heap Roots: 1.3ms
[2022-06-19T02:45:53.386-0700][gc,phases   ] GC(47)   Evacuate Collection Set: 53.2ms
[2022-06-19T02:45:53.386-0700][gc,phases   ] GC(47)   Post Evacuate Collection Set: 6.6ms
[2022-06-19T02:45:53.386-0700][gc,phases   ] GC(47)   Other: 11.6ms
[2022-06-19T02:45:53.386-0700][gc,heap     ] GC(47) Eden regions: 48->0(47)
[2022-06-19T02:45:53.386-0700][gc,heap     ] GC(47) Survivor regions: 3->4(7)
[2022-06-19T02:45:53.386-0700][gc,heap     ] GC(47) Old regions: 33->33
[2022-06-19T02:45:53.386-0700][gc,heap     ] GC(47) Archive regions: 2->2
[2022-06-19T02:45:53.386-0700][gc,heap     ] GC(47) Humongous regions: 129->129
[2022-06-19T02:45:53.386-0700][gc,metaspace] GC(47) Metaspace: 41775K(42432K)->41775K(42432K) NonClass: 36909K(37248K)->36909K(37248K) Class: 4866K(5184K)->4866K(5184K)
[2022-06-19T02:45:53.386-0700][gc          ] GC(47) Pause Young (Normal) (G1 Evacuation Pause) 213M->165M(1024M) 82.212ms
[2022-06-19T02:45:53.386-0700][gc,cpu      ] GC(47) User=0.03s Sys=0.06s Real=0.08s
[2022-06-19T02:54:41.017-0700][gc,start    ] GC(48) Pause Young (Normal) (G1 Evacuation Pause)
[2022-06-19T02:54:41.020-0700][gc,task     ] GC(48) Using 8 workers of 8 for evacuation
[2022-06-19T02:54:41.074-0700][gc,mmu      ] GC(48) MMU target violated: 21.0ms (20.0ms/21.0ms)
[2022-06-19T02:54:41.074-0700][gc,phases   ] GC(48)   Pre Evacuate Collection Set: 10.5ms
[2022-06-19T02:54:41.074-0700][gc,phases   ] GC(48)   Merge Heap Roots: 1.2ms
[2022-06-19T02:54:41.074-0700][gc,phases   ] GC(48)   Evacuate Collection Set: 29.2ms
[2022-06-19T02:54:41.074-0700][gc,phases   ] GC(48)   Post Evacuate Collection Set: 2.5ms
[2022-06-19T02:54:41.074-0700][gc,phases   ] GC(48)   Other: 10.9ms
[2022-06-19T02:54:41.074-0700][gc,heap     ] GC(48) Eden regions: 47->0(48)
[2022-06-19T02:54:41.074-0700][gc,heap     ] GC(48) Survivor regions: 4->3(7)
[2022-06-19T02:54:41.074-0700][gc,heap     ] GC(48) Old regions: 33->33
[2022-06-19T02:54:41.074-0700][gc,heap     ] GC(48) Archive regions: 2->2
[2022-06-19T02:54:41.074-0700][gc,heap     ] GC(48) Humongous regions: 129->129
[2022-06-19T02:54:41.074-0700][gc,metaspace] GC(48) Metaspace: 41775K(42432K)->41775K(42432K) NonClass: 36909K(37248K)->36909K(37248K) Class: 4866K(5184K)->4866K(5184K)
[2022-06-19T02:54:41.074-0700][gc          ] GC(48) Pause Young (Normal) (G1 Evacuation Pause) 212M->164M(1024M) 57.283ms
[2022-06-19T02:54:41.074-0700][gc,cpu      ] GC(48) User=0.01s Sys=0.02s Real=0.06s
[2022-06-19T03:54:12.336-0700][gc,start    ] GC(49) Pause Young (Normal) (G1 Evacuation Pause)
[2022-06-19T03:54:12.337-0700][gc,task     ] GC(49) Using 8 workers of 8 for evacuation
[2022-06-19T03:54:12.402-0700][gc,mmu      ] GC(49) MMU target violated: 21.0ms (20.0ms/21.0ms)
[2022-06-19T03:54:12.402-0700][gc,phases   ] GC(49)   Pre Evacuate Collection Set: 3.2ms
[2022-06-19T03:54:12.402-0700][gc,phases   ] GC(49)   Merge Heap Roots: 7.4ms
[2022-06-19T03:54:12.402-0700][gc,phases   ] GC(49)   Evacuate Collection Set: 47.7ms
[2022-06-19T03:54:12.402-0700][gc,phases   ] GC(49)   Post Evacuate Collection Set: 4.6ms
[2022-06-19T03:54:12.402-0700][gc,phases   ] GC(49)   Other: 2.5ms
[2022-06-19T03:54:12.402-0700][gc,heap     ] GC(49) Eden regions: 48->0(48)
[2022-06-19T03:54:12.402-0700][gc,heap     ] GC(49) Survivor regions: 3->3(7)
[2022-06-19T03:54:12.402-0700][gc,heap     ] GC(49) Old regions: 33->33
[2022-06-19T03:54:12.402-0700][gc,heap     ] GC(49) Archive regions: 2->2
[2022-06-19T03:54:12.402-0700][gc,heap     ] GC(49) Humongous regions: 129->129
[2022-06-19T03:54:12.402-0700][gc,metaspace] GC(49) Metaspace: 41786K(42432K)->41786K(42432K) NonClass: 36919K(37248K)->36919K(37248K) Class: 4866K(5184K)->4866K(5184K)
[2022-06-19T03:54:12.402-0700][gc          ] GC(49) Pause Young (Normal) (G1 Evacuation Pause) 212M->164M(1024M) 67.415ms
[2022-06-19T03:54:12.402-0700][gc,cpu      ] GC(49) User=0.02s Sys=0.04s Real=0.07s
[2022-06-19T04:18:46.071-0700][gc,start    ] GC(50) Pause Young (Normal) (G1 Evacuation Pause)
[2022-06-19T04:18:46.072-0700][gc,task     ] GC(50) Using 8 workers of 8 for evacuation
[2022-06-19T04:18:46.132-0700][gc,mmu      ] GC(50) MMU target violated: 21.0ms (20.0ms/21.0ms)
[2022-06-19T04:18:46.132-0700][gc,phases   ] GC(50)   Pre Evacuate Collection Set: 4.6ms
[2022-06-19T04:18:46.132-0700][gc,phases   ] GC(50)   Merge Heap Roots: 0.7ms
[2022-06-19T04:18:46.132-0700][gc,phases   ] GC(50)   Evacuate Collection Set: 49.0ms
[2022-06-19T04:18:46.132-0700][gc,phases   ] GC(50)   Post Evacuate Collection Set: 2.9ms
[2022-06-19T04:18:46.132-0700][gc,phases   ] GC(50)   Other: 3.4ms
[2022-06-19T04:18:46.132-0700][gc,heap     ] GC(50) Eden regions: 48->0(48)
[2022-06-19T04:18:46.132-0700][gc,heap     ] GC(50) Survivor regions: 3->3(7)
[2022-06-19T04:18:46.132-0700][gc,heap     ] GC(50) Old regions: 33->33
[2022-06-19T04:18:46.132-0700][gc,heap     ] GC(50) Archive regions: 2->2
[2022-06-19T04:18:46.132-0700][gc,heap     ] GC(50) Humongous regions: 129->129
[2022-06-19T04:18:46.132-0700][gc,metaspace] GC(50) Metaspace: 41790K(42432K)->41790K(42432K) NonClass: 36924K(37248K)->36924K(37248K) Class: 4866K(5184K)->4866K(5184K)
[2022-06-19T04:18:46.132-0700][gc          ] GC(50) Pause Young (Normal) (G1 Evacuation Pause) 212M->164M(1024M) 61.498ms
[2022-06-19T04:18:46.132-0700][gc,cpu      ] GC(50) User=0.03s Sys=0.06s Real=0.06s
[2022-06-19T04:58:22.674-0700][gc,start    ] GC(51) Pause Young (Normal) (G1 Evacuation Pause)
[2022-06-19T04:58:22.674-0700][gc,task     ] GC(51) Using 8 workers of 8 for evacuation
[2022-06-19T04:58:22.757-0700][gc,mmu      ] GC(51) MMU target violated: 21.0ms (20.0ms/21.0ms)
[2022-06-19T04:58:22.757-0700][gc,phases   ] GC(51)   Pre Evacuate Collection Set: 3.3ms
[2022-06-19T04:58:22.757-0700][gc,phases   ] GC(51)   Merge Heap Roots: 0.1ms
[2022-06-19T04:58:22.757-0700][gc,phases   ] GC(51)   Evacuate Collection Set: 70.7ms
[2022-06-19T04:58:22.757-0700][gc,phases   ] GC(51)   Post Evacuate Collection Set: 0.7ms
[2022-06-19T04:58:22.757-0700][gc,phases   ] GC(51)   Other: 8.1ms
[2022-06-19T04:58:22.757-0700][gc,heap     ] GC(51) Eden regions: 48->0(47)
[2022-06-19T04:58:22.757-0700][gc,heap     ] GC(51) Survivor regions: 3->4(7)
[2022-06-19T04:58:22.757-0700][gc,heap     ] GC(51) Old regions: 33->33
[2022-06-19T04:58:22.757-0700][gc,heap     ] GC(51) Archive regions: 2->2
[2022-06-19T04:58:22.757-0700][gc,heap     ] GC(51) Humongous regions: 129->129
[2022-06-19T04:58:22.757-0700][gc,metaspace] GC(51) Metaspace: 41791K(42432K)->41791K(42432K) NonClass: 36925K(37248K)->36925K(37248K) Class: 4866K(5184K)->4866K(5184K)
[2022-06-19T04:58:22.757-0700][gc          ] GC(51) Pause Young (Normal) (G1 Evacuation Pause) 212M->165M(1024M) 83.675ms
[2022-06-19T04:58:22.757-0700][gc,cpu      ] GC(51) User=0.05s Sys=0.06s Real=0.08s
[2022-06-19T05:40:19.193-0700][gc,start    ] GC(52) Pause Young (Normal) (G1 Evacuation Pause)
[2022-06-19T05:40:19.195-0700][gc,task     ] GC(52) Using 8 workers of 8 for evacuation
[2022-06-19T05:40:19.253-0700][gc,mmu      ] GC(52) MMU target violated: 21.0ms (20.0ms/21.0ms)
[2022-06-19T05:40:19.253-0700][gc,phases   ] GC(52)   Pre Evacuate Collection Set: 6.0ms
[2022-06-19T05:40:19.253-0700][gc,phases   ] GC(52)   Merge Heap Roots: 1.4ms
[2022-06-19T05:40:19.253-0700][gc,phases   ] GC(52)   Evacuate Collection Set: 37.9ms
[2022-06-19T05:40:19.253-0700][gc,phases   ] GC(52)   Post Evacuate Collection Set: 10.1ms
[2022-06-19T05:40:19.253-0700][gc,phases   ] GC(52)   Other: 2.7ms
[2022-06-19T05:40:19.253-0700][gc,heap     ] GC(52) Eden regions: 47->0(48)
[2022-06-19T05:40:19.253-0700][gc,heap     ] GC(52) Survivor regions: 4->3(7)
[2022-06-19T05:40:19.253-0700][gc,heap     ] GC(52) Old regions: 33->33
[2022-06-19T05:40:19.253-0700][gc,heap     ] GC(52) Archive regions: 2->2
[2022-06-19T05:40:19.253-0700][gc,heap     ] GC(52) Humongous regions: 129->129
[2022-06-19T05:40:19.253-0700][gc,metaspace] GC(52) Metaspace: 41797K(42496K)->41797K(42496K) NonClass: 36931K(37312K)->36931K(37312K) Class: 4866K(5184K)->4866K(5184K)
[2022-06-19T05:40:19.253-0700][gc          ] GC(52) Pause Young (Normal) (G1 Evacuation Pause) 212M->164M(1024M) 60.184ms
[2022-06-19T05:40:19.253-0700][gc,cpu      ] GC(52) User=0.01s Sys=0.04s Real=0.06s
[2022-06-19T05:50:05.590-0700][gc,start    ] GC(53) Pause Young (Normal) (G1 Evacuation Pause)
[2022-06-19T05:50:05.591-0700][gc,task     ] GC(53) Using 8 workers of 8 for evacuation
[2022-06-19T05:50:05.668-0700][gc,mmu      ] GC(53) MMU target violated: 21.0ms (20.0ms/21.0ms)
[2022-06-19T05:50:05.668-0700][gc,phases   ] GC(53)   Pre Evacuate Collection Set: 5.7ms
[2022-06-19T05:50:05.668-0700][gc,phases   ] GC(53)   Merge Heap Roots: 6.7ms
[2022-06-19T05:50:05.669-0700][gc,phases   ] GC(53)   Evacuate Collection Set: 46.7ms
[2022-06-19T05:50:05.669-0700][gc,phases   ] GC(53)   Post Evacuate Collection Set: 10.1ms
[2022-06-19T05:50:05.669-0700][gc,phases   ] GC(53)   Other: 8.0ms
[2022-06-19T05:50:05.669-0700][gc,heap     ] GC(53) Eden regions: 48->0(48)
[2022-06-19T05:50:05.669-0700][gc,heap     ] GC(53) Survivor regions: 3->3(7)
[2022-06-19T05:50:05.669-0700][gc,heap     ] GC(53) Old regions: 33->33
[2022-06-19T05:50:05.669-0700][gc,heap     ] GC(53) Archive regions: 2->2
[2022-06-19T05:50:05.669-0700][gc,heap     ] GC(53) Humongous regions: 129->129
[2022-06-19T05:50:05.669-0700][gc,metaspace] GC(53) Metaspace: 41798K(42496K)->41798K(42496K) NonClass: 36931K(37312K)->36931K(37312K) Class: 4866K(5184K)->4866K(5184K)
[2022-06-19T05:50:05.669-0700][gc          ] GC(53) Pause Young (Normal) (G1 Evacuation Pause) 212M->164M(1024M) 79.228ms
[2022-06-19T05:50:05.669-0700][gc,cpu      ] GC(53) User=0.02s Sys=0.04s Real=0.08s
[2022-06-19T06:42:49.888-0700][gc,start    ] GC(54) Pause Young (Normal) (G1 Evacuation Pause)
[2022-06-19T06:42:49.890-0700][gc,task     ] GC(54) Using 8 workers of 8 for evacuation
[2022-06-19T06:42:49.939-0700][gc,mmu      ] GC(54) MMU target violated: 21.0ms (20.0ms/21.0ms)
[2022-06-19T06:42:49.939-0700][gc,phases   ] GC(54)   Pre Evacuate Collection Set: 5.2ms
[2022-06-19T06:42:49.939-0700][gc,phases   ] GC(54)   Merge Heap Roots: 2.2ms
[2022-06-19T06:42:49.939-0700][gc,phases   ] GC(54)   Evacuate Collection Set: 30.6ms
[2022-06-19T06:42:49.939-0700][gc,phases   ] GC(54)   Post Evacuate Collection Set: 1.4ms
[2022-06-19T06:42:49.939-0700][gc,phases   ] GC(54)   Other: 9.8ms
[2022-06-19T06:42:49.939-0700][gc,heap     ] GC(54) Eden regions: 48->0(48)
[2022-06-19T06:42:49.939-0700][gc,heap     ] GC(54) Survivor regions: 3->3(7)
[2022-06-19T06:42:49.939-0700][gc,heap     ] GC(54) Old regions: 33->33
[2022-06-19T06:42:49.939-0700][gc,heap     ] GC(54) Archive regions: 2->2
[2022-06-19T06:42:49.939-0700][gc,heap     ] GC(54) Humongous regions: 129->129
[2022-06-19T06:42:49.939-0700][gc,metaspace] GC(54) Metaspace: 41808K(42496K)->41808K(42496K) NonClass: 36941K(37312K)->36941K(37312K) Class: 4866K(5184K)->4866K(5184K)
[2022-06-19T06:42:49.939-0700][gc          ] GC(54) Pause Young (Normal) (G1 Evacuation Pause) 212M->165M(1024M) 51.548ms
[2022-06-19T06:42:49.939-0700][gc,cpu      ] GC(54) User=0.02s Sys=0.05s Real=0.05s
[2022-06-19T06:52:29.522-0700][gc,start    ] GC(55) Pause Young (Normal) (G1 Evacuation Pause)
[2022-06-19T06:52:29.524-0700][gc,task     ] GC(55) Using 8 workers of 8 for evacuation
[2022-06-19T06:52:29.601-0700][gc,mmu      ] GC(55) MMU target violated: 21.0ms (20.0ms/21.0ms)
[2022-06-19T06:52:29.601-0700][gc,phases   ] GC(55)   Pre Evacuate Collection Set: 7.5ms
[2022-06-19T06:52:29.601-0700][gc,phases   ] GC(55)   Merge Heap Roots: 0.7ms
[2022-06-19T06:52:29.601-0700][gc,phases   ] GC(55)   Evacuate Collection Set: 65.0ms
[2022-06-19T06:52:29.601-0700][gc,phases   ] GC(55)   Post Evacuate Collection Set: 3.0ms
[2022-06-19T06:52:29.601-0700][gc,phases   ] GC(55)   Other: 1.1ms
[2022-06-19T06:52:29.601-0700][gc,heap     ] GC(55) Eden regions: 48->0(47)
[2022-06-19T06:52:29.601-0700][gc,heap     ] GC(55) Survivor regions: 3->4(7)
[2022-06-19T06:52:29.601-0700][gc,heap     ] GC(55) Old regions: 33->33
[2022-06-19T06:52:29.601-0700][gc,heap     ] GC(55) Archive regions: 2->2
[2022-06-19T06:52:29.601-0700][gc,heap     ] GC(55) Humongous regions: 129->129
[2022-06-19T06:52:29.601-0700][gc,metaspace] GC(55) Metaspace: 41812K(42496K)->41812K(42496K) NonClass: 36946K(37312K)->36946K(37312K) Class: 4866K(5184K)->4866K(5184K)
[2022-06-19T06:52:29.601-0700][gc          ] GC(55) Pause Young (Normal) (G1 Evacuation Pause) 213M->165M(1024M) 78.745ms
[2022-06-19T06:52:29.601-0700][gc,cpu      ] GC(55) User=0.03s Sys=0.07s Real=0.08s
[2022-06-19T07:46:50.680-0700][gc,start    ] GC(56) Pause Young (Normal) (G1 Evacuation Pause)
[2022-06-19T07:46:50.681-0700][gc,task     ] GC(56) Using 8 workers of 8 for evacuation
[2022-06-19T07:46:50.719-0700][gc,mmu      ] GC(56) MMU target violated: 21.0ms (20.0ms/21.0ms)
[2022-06-19T07:46:50.720-0700][gc,phases   ] GC(56)   Pre Evacuate Collection Set: 2.9ms
[2022-06-19T07:46:50.720-0700][gc,phases   ] GC(56)   Merge Heap Roots: 0.1ms
[2022-06-19T07:46:50.720-0700][gc,phases   ] GC(56)   Evacuate Collection Set: 25.6ms
[2022-06-19T07:46:50.720-0700][gc,phases   ] GC(56)   Post Evacuate Collection Set: 9.0ms
[2022-06-19T07:46:50.720-0700][gc,phases   ] GC(56)   Other: 1.6ms
[2022-06-19T07:46:50.720-0700][gc,heap     ] GC(56) Eden regions: 47->0(48)
[2022-06-19T07:46:50.720-0700][gc,heap     ] GC(56) Survivor regions: 4->3(7)
[2022-06-19T07:46:50.720-0700][gc,heap     ] GC(56) Old regions: 33->33
[2022-06-19T07:46:50.720-0700][gc,heap     ] GC(56) Archive regions: 2->2
[2022-06-19T07:46:50.720-0700][gc,heap     ] GC(56) Humongous regions: 129->129
[2022-06-19T07:46:50.720-0700][gc,metaspace] GC(56) Metaspace: 41819K(42496K)->41819K(42496K) NonClass: 36953K(37312K)->36953K(37312K) Class: 4866K(5184K)->4866K(5184K)
[2022-06-19T07:46:50.720-0700][gc          ] GC(56) Pause Young (Normal) (G1 Evacuation Pause) 212M->164M(1024M) 40.078ms
[2022-06-19T07:46:50.720-0700][gc,cpu      ] GC(56) User=0.01s Sys=0.03s Real=0.04s
[2022-06-19T07:56:31.838-0700][gc,start    ] GC(57) Pause Young (Normal) (G1 Evacuation Pause)
[2022-06-19T07:56:31.838-0700][gc,task     ] GC(57) Using 8 workers of 8 for evacuation
[2022-06-19T07:56:31.874-0700][gc,mmu      ] GC(57) MMU target violated: 21.0ms (20.0ms/21.0ms)
[2022-06-19T07:56:31.874-0700][gc,phases   ] GC(57)   Pre Evacuate Collection Set: 5.4ms
[2022-06-19T07:56:31.874-0700][gc,phases   ] GC(57)   Merge Heap Roots: 2.4ms
[2022-06-19T07:56:31.874-0700][gc,phases   ] GC(57)   Evacuate Collection Set: 25.1ms
[2022-06-19T07:56:31.874-0700][gc,phases   ] GC(57)   Post Evacuate Collection Set: 1.6ms
[2022-06-19T07:56:31.874-0700][gc,phases   ] GC(57)   Other: 0.9ms
[2022-06-19T07:56:31.874-0700][gc,heap     ] GC(57) Eden regions: 48->0(48)
[2022-06-19T07:56:31.874-0700][gc,heap     ] GC(57) Survivor regions: 3->3(7)
[2022-06-19T07:56:31.874-0700][gc,heap     ] GC(57) Old regions: 33->33
[2022-06-19T07:56:31.874-0700][gc,heap     ] GC(57) Archive regions: 2->2
[2022-06-19T07:56:31.874-0700][gc,heap     ] GC(57) Humongous regions: 129->129
[2022-06-19T07:56:31.874-0700][gc,metaspace] GC(57) Metaspace: 41838K(42496K)->41838K(42496K) NonClass: 36971K(37312K)->36971K(37312K) Class: 4866K(5184K)->4866K(5184K)
[2022-06-19T07:56:31.874-0700][gc          ] GC(57) Pause Young (Normal) (G1 Evacuation Pause) 212M->164M(1024M) 36.347ms
[2022-06-19T07:56:31.874-0700][gc,cpu      ] GC(57) User=0.02s Sys=0.04s Real=0.04s
[2022-06-19T08:44:29.146-0700][gc,start    ] GC(58) Pause Young (Normal) (G1 Evacuation Pause)
[2022-06-19T08:44:29.146-0700][gc,task     ] GC(58) Using 8 workers of 8 for evacuation
[2022-06-19T08:44:29.218-0700][gc,mmu      ] GC(58) MMU target violated: 21.0ms (20.0ms/21.0ms)
[2022-06-19T08:44:29.218-0700][gc,phases   ] GC(58)   Pre Evacuate Collection Set: 18.3ms
[2022-06-19T08:44:29.218-0700][gc,phases   ] GC(58)   Merge Heap Roots: 0.6ms
[2022-06-19T08:44:29.218-0700][gc,phases   ] GC(58)   Evacuate Collection Set: 46.6ms
[2022-06-19T08:44:29.218-0700][gc,phases   ] GC(58)   Post Evacuate Collection Set: 2.1ms
[2022-06-19T08:44:29.218-0700][gc,phases   ] GC(58)   Other: 4.0ms
[2022-06-19T08:44:29.218-0700][gc,heap     ] GC(58) Eden regions: 48->0(48)
[2022-06-19T08:44:29.218-0700][gc,heap     ] GC(58) Survivor regions: 3->3(7)
[2022-06-19T08:44:29.218-0700][gc,heap     ] GC(58) Old regions: 33->33
[2022-06-19T08:44:29.218-0700][gc,heap     ] GC(58) Archive regions: 2->2
[2022-06-19T08:44:29.218-0700][gc,heap     ] GC(58) Humongous regions: 129->129
[2022-06-19T08:44:29.218-0700][gc,metaspace] GC(58) Metaspace: 41859K(42496K)->41859K(42496K) NonClass: 36993K(37312K)->36993K(37312K) Class: 4866K(5184K)->4866K(5184K)
[2022-06-19T08:44:29.218-0700][gc          ] GC(58) Pause Young (Normal) (G1 Evacuation Pause) 212M->165M(1024M) 73.438ms
[2022-06-19T08:44:29.218-0700][gc,cpu      ] GC(58) User=0.03s Sys=0.06s Real=0.07s
[2022-06-19T08:54:09.303-0700][gc,start    ] GC(59) Pause Young (Normal) (G1 Evacuation Pause)
[2022-06-19T08:54:09.304-0700][gc,task     ] GC(59) Using 8 workers of 8 for evacuation
[2022-06-19T08:54:09.337-0700][gc,mmu      ] GC(59) MMU target violated: 21.0ms (20.0ms/21.0ms)
[2022-06-19T08:54:09.337-0700][gc,phases   ] GC(59)   Pre Evacuate Collection Set: 2.2ms
[2022-06-19T08:54:09.337-0700][gc,phases   ] GC(59)   Merge Heap Roots: 2.4ms
[2022-06-19T08:54:09.337-0700][gc,phases   ] GC(59)   Evacuate Collection Set: 22.9ms
[2022-06-19T08:54:09.337-0700][gc,phases   ] GC(59)   Post Evacuate Collection Set: 3.7ms
[2022-06-19T08:54:09.337-0700][gc,phases   ] GC(59)   Other: 2.3ms
[2022-06-19T08:54:09.337-0700][gc,heap     ] GC(59) Eden regions: 48->0(47)
[2022-06-19T08:54:09.337-0700][gc,heap     ] GC(59) Survivor regions: 3->4(7)
[2022-06-19T08:54:09.337-0700][gc,heap     ] GC(59) Old regions: 33->33
[2022-06-19T08:54:09.337-0700][gc,heap     ] GC(59) Archive regions: 2->2
[2022-06-19T08:54:09.337-0700][gc,heap     ] GC(59) Humongous regions: 129->129
[2022-06-19T08:54:09.337-0700][gc,metaspace] GC(59) Metaspace: 41863K(42496K)->41863K(42496K) NonClass: 36996K(37312K)->36996K(37312K) Class: 4866K(5184K)->4866K(5184K)
[2022-06-19T08:54:09.337-0700][gc          ] GC(59) Pause Young (Normal) (G1 Evacuation Pause) 213M->165M(1024M) 34.490ms
[2022-06-19T08:54:09.337-0700][gc,cpu      ] GC(59) User=0.03s Sys=0.04s Real=0.03s
[2022-06-19T09:42:47.118-0700][gc,start    ] GC(60) Pause Young (Normal) (G1 Evacuation Pause)
[2022-06-19T09:42:47.120-0700][gc,task     ] GC(60) Using 8 workers of 8 for evacuation
[2022-06-19T09:42:47.147-0700][gc,mmu      ] GC(60) MMU target violated: 21.0ms (20.0ms/21.0ms)
[2022-06-19T09:42:47.147-0700][gc,phases   ] GC(60)   Pre Evacuate Collection Set: 1.2ms
[2022-06-19T09:42:47.147-0700][gc,phases   ] GC(60)   Merge Heap Roots: 0.1ms
[2022-06-19T09:42:47.147-0700][gc,phases   ] GC(60)   Evacuate Collection Set: 20.9ms
[2022-06-19T09:42:47.147-0700][gc,phases   ] GC(60)   Post Evacuate Collection Set: 1.0ms
[2022-06-19T09:42:47.147-0700][gc,phases   ] GC(60)   Other: 3.5ms
[2022-06-19T09:42:47.147-0700][gc,heap     ] GC(60) Eden regions: 47->0(48)
[2022-06-19T09:42:47.147-0700][gc,heap     ] GC(60) Survivor regions: 4->3(7)
[2022-06-19T09:42:47.147-0700][gc,heap     ] GC(60) Old regions: 33->33
[2022-06-19T09:42:47.147-0700][gc,heap     ] GC(60) Archive regions: 2->2
[2022-06-19T09:42:47.147-0700][gc,heap     ] GC(60) Humongous regions: 129->129
[2022-06-19T09:42:47.147-0700][gc,metaspace] GC(60) Metaspace: 41876K(42560K)->41876K(42560K) NonClass: 37010K(37376K)->37010K(37376K) Class: 4866K(5184K)->4866K(5184K)
[2022-06-19T09:42:47.147-0700][gc          ] GC(60) Pause Young (Normal) (G1 Evacuation Pause) 212M->164M(1024M) 29.036ms
[2022-06-19T09:42:47.147-0700][gc,cpu      ] GC(60) User=0.01s Sys=0.04s Real=0.03s
[2022-06-19T09:51:53.403-0700][gc,start    ] GC(61) Pause Young (Normal) (G1 Evacuation Pause)
[2022-06-19T09:51:53.404-0700][gc,task     ] GC(61) Using 8 workers of 8 for evacuation
[2022-06-19T09:51:53.431-0700][gc,mmu      ] GC(61) MMU target violated: 21.0ms (20.0ms/21.0ms)
[2022-06-19T09:51:53.431-0700][gc,phases   ] GC(61)   Pre Evacuate Collection Set: 7.2ms
[2022-06-19T09:51:53.431-0700][gc,phases   ] GC(61)   Merge Heap Roots: 1.2ms
[2022-06-19T09:51:53.431-0700][gc,phases   ] GC(61)   Evacuate Collection Set: 14.7ms
[2022-06-19T09:51:53.431-0700][gc,phases   ] GC(61)   Post Evacuate Collection Set: 3.2ms
[2022-06-19T09:51:53.431-0700][gc,phases   ] GC(61)   Other: 0.4ms
[2022-06-19T09:51:53.431-0700][gc,heap     ] GC(61) Eden regions: 48->0(48)
[2022-06-19T09:51:53.431-0700][gc,heap     ] GC(61) Survivor regions: 3->3(7)
[2022-06-19T09:51:53.431-0700][gc,heap     ] GC(61) Old regions: 33->33
[2022-06-19T09:51:53.431-0700][gc,heap     ] GC(61) Archive regions: 2->2
[2022-06-19T09:51:53.431-0700][gc,heap     ] GC(61) Humongous regions: 129->129
[2022-06-19T09:51:53.431-0700][gc,metaspace] GC(61) Metaspace: 41876K(42560K)->41876K(42560K) NonClass: 37010K(37376K)->37010K(37376K) Class: 4866K(5184K)->4866K(5184K)
[2022-06-19T09:51:53.431-0700][gc          ] GC(61) Pause Young (Normal) (G1 Evacuation Pause) 212M->164M(1024M) 28.086ms
[2022-06-19T09:51:53.431-0700][gc,cpu      ] GC(61) User=0.01s Sys=0.03s Real=0.03s
[2022-06-19T10:44:00.573-0700][gc,start    ] GC(62) Pause Young (Normal) (G1 Evacuation Pause)
[2022-06-19T10:44:00.575-0700][gc,task     ] GC(62) Using 8 workers of 8 for evacuation
[2022-06-19T10:44:00.637-0700][gc,mmu      ] GC(62) MMU target violated: 21.0ms (20.0ms/21.0ms)
[2022-06-19T10:44:00.637-0700][gc,phases   ] GC(62)   Pre Evacuate Collection Set: 6.0ms
[2022-06-19T10:44:00.637-0700][gc,phases   ] GC(62)   Merge Heap Roots: 0.1ms
[2022-06-19T10:44:00.637-0700][gc,phases   ] GC(62)   Evacuate Collection Set: 49.1ms
[2022-06-19T10:44:00.637-0700][gc,phases   ] GC(62)   Post Evacuate Collection Set: 3.8ms
[2022-06-19T10:44:00.637-0700][gc,phases   ] GC(62)   Other: 3.0ms
[2022-06-19T10:44:00.637-0700][gc,heap     ] GC(62) Eden regions: 48->0(48)
[2022-06-19T10:44:00.637-0700][gc,heap     ] GC(62) Survivor regions: 3->3(7)
[2022-06-19T10:44:00.637-0700][gc,heap     ] GC(62) Old regions: 33->33
[2022-06-19T10:44:00.637-0700][gc,heap     ] GC(62) Archive regions: 2->2
[2022-06-19T10:44:00.637-0700][gc,heap     ] GC(62) Humongous regions: 129->129
[2022-06-19T10:44:00.637-0700][gc,metaspace] GC(62) Metaspace: 41908K(42560K)->41908K(42560K) NonClass: 37042K(37376K)->37042K(37376K) Class: 4866K(5184K)->4866K(5184K)
[2022-06-19T10:44:00.637-0700][gc          ] GC(62) Pause Young (Normal) (G1 Evacuation Pause) 212M->165M(1024M) 63.623ms
[2022-06-19T10:44:00.637-0700][gc,cpu      ] GC(62) User=0.02s Sys=0.06s Real=0.06s
[2022-06-19T10:53:37.157-0700][gc,start    ] GC(63) Pause Young (Normal) (G1 Evacuation Pause)
[2022-06-19T10:53:37.158-0700][gc,task     ] GC(63) Using 8 workers of 8 for evacuation
[2022-06-19T10:53:37.252-0700][gc,mmu      ] GC(63) MMU target violated: 21.0ms (20.0ms/21.0ms)
[2022-06-19T10:53:37.252-0700][gc,phases   ] GC(63)   Pre Evacuate Collection Set: 10.0ms
[2022-06-19T10:53:37.252-0700][gc,phases   ] GC(63)   Merge Heap Roots: 0.4ms
[2022-06-19T10:53:37.252-0700][gc,phases   ] GC(63)   Evacuate Collection Set: 75.8ms
[2022-06-19T10:53:37.252-0700][gc,phases   ] GC(63)   Post Evacuate Collection Set: 2.6ms
[2022-06-19T10:53:37.252-0700][gc,phases   ] GC(63)   Other: 5.6ms
[2022-06-19T10:53:37.252-0700][gc,heap     ] GC(63) Eden regions: 48->0(47)
[2022-06-19T10:53:37.252-0700][gc,heap     ] GC(63) Survivor regions: 3->4(7)
[2022-06-19T10:53:37.252-0700][gc,heap     ] GC(63) Old regions: 33->33
[2022-06-19T10:53:37.252-0700][gc,heap     ] GC(63) Archive regions: 2->2
[2022-06-19T10:53:37.252-0700][gc,heap     ] GC(63) Humongous regions: 129->129
[2022-06-19T10:53:37.252-0700][gc,metaspace] GC(63) Metaspace: 41908K(42560K)->41908K(42560K) NonClass: 37042K(37376K)->37042K(37376K) Class: 4866K(5184K)->4866K(5184K)
[2022-06-19T10:53:37.252-0700][gc          ] GC(63) Pause Young (Normal) (G1 Evacuation Pause) 213M->165M(1024M) 96.920ms
[2022-06-19T10:53:37.253-0700][gc,cpu      ] GC(63) User=0.03s Sys=0.04s Real=0.10s
[2022-06-19T11:13:13.069-0700][gc,start    ] GC(64) Pause Young (Normal) (G1 Evacuation Pause)
[2022-06-19T11:13:13.074-0700][gc,task     ] GC(64) Using 8 workers of 8 for evacuation
[2022-06-19T11:13:13.184-0700][gc,mmu      ] GC(64) MMU target violated: 21.0ms (20.0ms/21.0ms)
[2022-06-19T11:13:13.184-0700][gc,phases   ] GC(64)   Pre Evacuate Collection Set: 9.6ms
[2022-06-19T11:13:13.184-0700][gc,phases   ] GC(64)   Merge Heap Roots: 1.7ms
[2022-06-19T11:13:13.184-0700][gc,phases   ] GC(64)   Evacuate Collection Set: 83.3ms
[2022-06-19T11:13:13.184-0700][gc,phases   ] GC(64)   Post Evacuate Collection Set: 6.6ms
[2022-06-19T11:13:13.184-0700][gc,phases   ] GC(64)   Other: 9.0ms
[2022-06-19T11:13:13.185-0700][gc,heap     ] GC(64) Eden regions: 47->0(47)
[2022-06-19T11:13:13.185-0700][gc,heap     ] GC(64) Survivor regions: 4->4(7)
[2022-06-19T11:13:13.185-0700][gc,heap     ] GC(64) Old regions: 33->33
[2022-06-19T11:13:13.185-0700][gc,heap     ] GC(64) Archive regions: 2->2
[2022-06-19T11:13:13.185-0700][gc,heap     ] GC(64) Humongous regions: 129->129
[2022-06-19T11:13:13.186-0700][gc,metaspace] GC(64) Metaspace: 41912K(42560K)->41912K(42560K) NonClass: 37046K(37376K)->37046K(37376K) Class: 4866K(5184K)->4866K(5184K)
[2022-06-19T11:13:13.187-0700][gc          ] GC(64) Pause Young (Normal) (G1 Evacuation Pause) 212M->165M(1024M) 119.147ms
[2022-06-19T11:13:13.187-0700][gc,cpu      ] GC(64) User=0.03s Sys=0.05s Real=0.12s
[2022-06-19T11:22:42.808-0700][gc,start    ] GC(65) Pause Young (Normal) (G1 Evacuation Pause)
[2022-06-19T11:22:42.810-0700][gc,task     ] GC(65) Using 8 workers of 8 for evacuation
[2022-06-19T11:22:42.890-0700][gc,mmu      ] GC(65) MMU target violated: 21.0ms (20.0ms/21.0ms)
[2022-06-19T11:22:42.891-0700][gc,phases   ] GC(65)   Pre Evacuate Collection Set: 4.3ms
[2022-06-19T11:22:42.891-0700][gc,phases   ] GC(65)   Merge Heap Roots: 2.5ms
[2022-06-19T11:22:42.891-0700][gc,phases   ] GC(65)   Evacuate Collection Set: 50.9ms
[2022-06-19T11:22:42.891-0700][gc,phases   ] GC(65)   Post Evacuate Collection Set: 1.7ms
[2022-06-19T11:22:42.891-0700][gc,phases   ] GC(65)   Other: 21.1ms
[2022-06-19T11:22:42.891-0700][gc,heap     ] GC(65) Eden regions: 47->0(48)
[2022-06-19T11:22:42.891-0700][gc,heap     ] GC(65) Survivor regions: 4->3(7)
[2022-06-19T11:22:42.891-0700][gc,heap     ] GC(65) Old regions: 33->33
[2022-06-19T11:22:42.891-0700][gc,heap     ] GC(65) Archive regions: 2->2
[2022-06-19T11:22:42.891-0700][gc,heap     ] GC(65) Humongous regions: 129->129
[2022-06-19T11:22:42.891-0700][gc,metaspace] GC(65) Metaspace: 41912K(42560K)->41912K(42560K) NonClass: 37046K(37376K)->37046K(37376K) Class: 4866K(5184K)->4866K(5184K)
[2022-06-19T11:22:42.891-0700][gc          ] GC(65) Pause Young (Normal) (G1 Evacuation Pause) 212M->164M(1024M) 84.495ms
[2022-06-19T11:22:42.891-0700][gc,cpu      ] GC(65) User=0.01s Sys=0.06s Real=0.09s
[2022-06-19T11:32:26.668-0700][gc,start    ] GC(66) Pause Young (Normal) (G1 Evacuation Pause)
[2022-06-19T11:32:26.669-0700][gc,task     ] GC(66) Using 8 workers of 8 for evacuation
[2022-06-19T11:32:26.808-0700][gc,mmu      ] GC(66) MMU target violated: 21.0ms (20.0ms/21.0ms)
[2022-06-19T11:32:26.812-0700][gc,phases   ] GC(66)   Pre Evacuate Collection Set: 3.9ms
[2022-06-19T11:32:26.812-0700][gc,phases   ] GC(66)   Merge Heap Roots: 1.0ms
[2022-06-19T11:32:26.812-0700][gc,phases   ] GC(66)   Evacuate Collection Set: 80.3ms
[2022-06-19T11:32:26.812-0700][gc,phases   ] GC(66)   Post Evacuate Collection Set: 45.1ms
[2022-06-19T11:32:26.812-0700][gc,phases   ] GC(66)   Other: 8.2ms
[2022-06-19T11:32:26.812-0700][gc,heap     ] GC(66) Eden regions: 48->0(48)
[2022-06-19T11:32:26.812-0700][gc,heap     ] GC(66) Survivor regions: 3->3(7)
[2022-06-19T11:32:26.812-0700][gc,heap     ] GC(66) Old regions: 33->33
[2022-06-19T11:32:26.812-0700][gc,heap     ] GC(66) Archive regions: 2->2
[2022-06-19T11:32:26.812-0700][gc,heap     ] GC(66) Humongous regions: 129->129
[2022-06-19T11:32:26.812-0700][gc,metaspace] GC(66) Metaspace: 41912K(42560K)->41912K(42560K) NonClass: 37046K(37376K)->37046K(37376K) Class: 4866K(5184K)->4866K(5184K)
[2022-06-19T11:32:26.812-0700][gc          ] GC(66) Pause Young (Normal) (G1 Evacuation Pause) 212M->165M(1024M) 143.809ms
[2022-06-19T11:32:26.812-0700][gc,cpu      ] GC(66) User=0.04s Sys=0.07s Real=0.15s
[2022-06-19T11:41:41.307-0700][gc,start    ] GC(67) Pause Young (Normal) (G1 Evacuation Pause)
[2022-06-19T11:41:41.312-0700][gc,task     ] GC(67) Using 8 workers of 8 for evacuation
[2022-06-19T11:41:41.441-0700][gc,mmu      ] GC(67) MMU target violated: 21.0ms (20.0ms/21.0ms)
[2022-06-19T11:41:41.441-0700][gc,phases   ] GC(67)   Pre Evacuate Collection Set: 4.5ms
[2022-06-19T11:41:41.441-0700][gc,phases   ] GC(67)   Merge Heap Roots: 1.0ms
[2022-06-19T11:41:41.441-0700][gc,phases   ] GC(67)   Evacuate Collection Set: 113.6ms
[2022-06-19T11:41:41.441-0700][gc,phases   ] GC(67)   Post Evacuate Collection Set: 9.0ms
[2022-06-19T11:41:41.441-0700][gc,phases   ] GC(67)   Other: 2.7ms
[2022-06-19T11:41:41.441-0700][gc,heap     ] GC(67) Eden regions: 48->0(47)
[2022-06-19T11:41:41.441-0700][gc,heap     ] GC(67) Survivor regions: 3->4(7)
[2022-06-19T11:41:41.441-0700][gc,heap     ] GC(67) Old regions: 33->33
[2022-06-19T11:41:41.441-0700][gc,heap     ] GC(67) Archive regions: 2->2
[2022-06-19T11:41:41.441-0700][gc,heap     ] GC(67) Humongous regions: 129->129
[2022-06-19T11:41:41.441-0700][gc,metaspace] GC(67) Metaspace: 41912K(42560K)->41912K(42560K) NonClass: 37046K(37376K)->37046K(37376K) Class: 4866K(5184K)->4866K(5184K)
[2022-06-19T11:41:41.441-0700][gc          ] GC(67) Pause Young (Normal) (G1 Evacuation Pause) 213M->165M(1024M) 134.461ms
[2022-06-19T11:41:41.441-0700][gc,cpu      ] GC(67) User=0.03s Sys=0.05s Real=0.14s
[2022-06-19T11:51:15.593-0700][gc,start    ] GC(68) Pause Young (Normal) (G1 Evacuation Pause)
[2022-06-19T11:51:15.595-0700][gc,task     ] GC(68) Using 8 workers of 8 for evacuation
[2022-06-19T11:51:15.697-0700][gc,mmu      ] GC(68) MMU target violated: 21.0ms (20.0ms/21.0ms)
[2022-06-19T11:51:15.698-0700][gc,phases   ] GC(68)   Pre Evacuate Collection Set: 17.6ms
[2022-06-19T11:51:15.698-0700][gc,phases   ] GC(68)   Merge Heap Roots: 0.8ms
[2022-06-19T11:51:15.698-0700][gc,phases   ] GC(68)   Evacuate Collection Set: 72.7ms
[2022-06-19T11:51:15.698-0700][gc,phases   ] GC(68)   Post Evacuate Collection Set: 4.2ms
[2022-06-19T11:51:15.698-0700][gc,phases   ] GC(68)   Other: 6.8ms
[2022-06-19T11:51:15.698-0700][gc,heap     ] GC(68) Eden regions: 47->0(47)
[2022-06-19T11:51:15.698-0700][gc,heap     ] GC(68) Survivor regions: 4->4(7)
[2022-06-19T11:51:15.698-0700][gc,heap     ] GC(68) Old regions: 33->33
[2022-06-19T11:51:15.698-0700][gc,heap     ] GC(68) Archive regions: 2->2
[2022-06-19T11:51:15.698-0700][gc,heap     ] GC(68) Humongous regions: 129->129
[2022-06-19T11:51:15.698-0700][gc,metaspace] GC(68) Metaspace: 41915K(42560K)->41915K(42560K) NonClass: 37047K(37376K)->37047K(37376K) Class: 4867K(5184K)->4867K(5184K)
[2022-06-19T11:51:15.698-0700][gc          ] GC(68) Pause Young (Normal) (G1 Evacuation Pause) 212M->165M(1024M) 106.653ms
[2022-06-19T11:51:15.698-0700][gc,cpu      ] GC(68) User=0.04s Sys=0.07s Real=0.10s
[2022-06-19T12:00:46.739-0700][gc,start    ] GC(69) Pause Young (Normal) (G1 Evacuation Pause)
[2022-06-19T12:00:46.741-0700][gc,task     ] GC(69) Using 8 workers of 8 for evacuation
[2022-06-19T12:00:46.787-0700][gc,mmu      ] GC(69) MMU target violated: 21.0ms (20.0ms/21.0ms)
[2022-06-19T12:00:46.788-0700][gc,phases   ] GC(69)   Pre Evacuate Collection Set: 5.8ms
[2022-06-19T12:00:46.788-0700][gc,phases   ] GC(69)   Merge Heap Roots: 6.9ms
[2022-06-19T12:00:46.788-0700][gc,phases   ] GC(69)   Evacuate Collection Set: 26.5ms
[2022-06-19T12:00:46.788-0700][gc,phases   ] GC(69)   Post Evacuate Collection Set: 5.6ms
[2022-06-19T12:00:46.788-0700][gc,phases   ] GC(69)   Other: 2.6ms
[2022-06-19T12:00:46.788-0700][gc,heap     ] GC(69) Eden regions: 47->0(48)
[2022-06-19T12:00:46.788-0700][gc,heap     ] GC(69) Survivor regions: 4->3(7)
[2022-06-19T12:00:46.788-0700][gc,heap     ] GC(69) Old regions: 33->33
[2022-06-19T12:00:46.788-0700][gc,heap     ] GC(69) Archive regions: 2->2
[2022-06-19T12:00:46.788-0700][gc,heap     ] GC(69) Humongous regions: 129->129
[2022-06-19T12:00:46.788-0700][gc,metaspace] GC(69) Metaspace: 41915K(42560K)->41915K(42560K) NonClass: 37048K(37376K)->37048K(37376K) Class: 4867K(5184K)->4867K(5184K)
[2022-06-19T12:00:46.788-0700][gc          ] GC(69) Pause Young (Normal) (G1 Evacuation Pause) 212M->164M(1024M) 48.720ms
[2022-06-19T12:00:46.788-0700][gc,cpu      ] GC(69) User=0.01s Sys=0.05s Real=0.05s
[2022-06-19T12:10:31.248-0700][gc,start    ] GC(70) Pause Young (Normal) (G1 Evacuation Pause)
[2022-06-19T12:10:31.249-0700][gc,task     ] GC(70) Using 8 workers of 8 for evacuation
[2022-06-19T12:10:31.298-0700][gc,mmu      ] GC(70) MMU target violated: 21.0ms (20.0ms/21.0ms)
[2022-06-19T12:10:31.298-0700][gc,phases   ] GC(70)   Pre Evacuate Collection Set: 6.5ms
[2022-06-19T12:10:31.298-0700][gc,phases   ] GC(70)   Merge Heap Roots: 0.7ms
[2022-06-19T12:10:31.298-0700][gc,phases   ] GC(70)   Evacuate Collection Set: 37.5ms
[2022-06-19T12:10:31.298-0700][gc,phases   ] GC(70)   Post Evacuate Collection Set: 1.4ms
[2022-06-19T12:10:31.298-0700][gc,phases   ] GC(70)   Other: 3.6ms
[2022-06-19T12:10:31.298-0700][gc,heap     ] GC(70) Eden regions: 48->0(48)
[2022-06-19T12:10:31.298-0700][gc,heap     ] GC(70) Survivor regions: 3->3(7)
[2022-06-19T12:10:31.298-0700][gc,heap     ] GC(70) Old regions: 33->33
[2022-06-19T12:10:31.298-0700][gc,heap     ] GC(70) Archive regions: 2->2
[2022-06-19T12:10:31.298-0700][gc,heap     ] GC(70) Humongous regions: 129->129
[2022-06-19T12:10:31.298-0700][gc,metaspace] GC(70) Metaspace: 41917K(42560K)->41917K(42560K) NonClass: 37050K(37376K)->37050K(37376K) Class: 4867K(5184K)->4867K(5184K)
[2022-06-19T12:10:31.298-0700][gc          ] GC(70) Pause Young (Normal) (G1 Evacuation Pause) 212M->165M(1024M) 50.495ms
[2022-06-19T12:10:31.298-0700][gc,cpu      ] GC(70) User=0.02s Sys=0.06s Real=0.05s
[2022-06-19T12:20:15.159-0700][gc,start    ] GC(71) Pause Young (Normal) (G1 Evacuation Pause)
[2022-06-19T12:20:15.162-0700][gc,task     ] GC(71) Using 8 workers of 8 for evacuation
[2022-06-19T12:20:15.287-0700][gc,mmu      ] GC(71) MMU target violated: 21.0ms (20.0ms/21.0ms)
[2022-06-19T12:20:15.287-0700][gc,phases   ] GC(71)   Pre Evacuate Collection Set: 7.8ms
[2022-06-19T12:20:15.287-0700][gc,phases   ] GC(71)   Merge Heap Roots: 1.3ms
[2022-06-19T12:20:15.287-0700][gc,phases   ] GC(71)   Evacuate Collection Set: 90.5ms
[2022-06-19T12:20:15.287-0700][gc,phases   ] GC(71)   Post Evacuate Collection Set: 8.7ms
[2022-06-19T12:20:15.287-0700][gc,phases   ] GC(71)   Other: 17.3ms
[2022-06-19T12:20:15.287-0700][gc,heap     ] GC(71) Eden regions: 48->0(47)
[2022-06-19T12:20:15.287-0700][gc,heap     ] GC(71) Survivor regions: 3->4(7)
[2022-06-19T12:20:15.287-0700][gc,heap     ] GC(71) Old regions: 33->33
[2022-06-19T12:20:15.287-0700][gc,heap     ] GC(71) Archive regions: 2->2
[2022-06-19T12:20:15.287-0700][gc,heap     ] GC(71) Humongous regions: 129->129
[2022-06-19T12:20:15.287-0700][gc,metaspace] GC(71) Metaspace: 41921K(42560K)->41921K(42560K) NonClass: 37054K(37376K)->37054K(37376K) Class: 4867K(5184K)->4867K(5184K)
[2022-06-19T12:20:15.287-0700][gc          ] GC(71) Pause Young (Normal) (G1 Evacuation Pause) 213M->165M(1024M) 128.807ms
[2022-06-19T12:20:15.287-0700][gc,cpu      ] GC(71) User=0.03s Sys=0.06s Real=0.13s
[2022-06-19T12:29:48.139-0700][gc,start    ] GC(72) Pause Young (Normal) (G1 Evacuation Pause)
[2022-06-19T12:29:48.150-0700][gc,task     ] GC(72) Using 8 workers of 8 for evacuation
[2022-06-19T12:29:48.229-0700][gc,mmu      ] GC(72) MMU target violated: 21.0ms (20.0ms/21.0ms)
[2022-06-19T12:29:48.230-0700][gc,phases   ] GC(72)   Pre Evacuate Collection Set: 22.1ms
[2022-06-19T12:29:48.230-0700][gc,phases   ] GC(72)   Merge Heap Roots: 0.1ms
[2022-06-19T12:29:48.230-0700][gc,phases   ] GC(72)   Evacuate Collection Set: 49.0ms
[2022-06-19T12:29:48.230-0700][gc,phases   ] GC(72)   Post Evacuate Collection Set: 6.2ms
[2022-06-19T12:29:48.230-0700][gc,phases   ] GC(72)   Other: 3.3ms
[2022-06-19T12:29:48.230-0700][gc,heap     ] GC(72) Eden regions: 47->0(48)
[2022-06-19T12:29:48.230-0700][gc,heap     ] GC(72) Survivor regions: 4->3(7)
[2022-06-19T12:29:48.230-0700][gc,heap     ] GC(72) Old regions: 33->33
[2022-06-19T12:29:48.230-0700][gc,heap     ] GC(72) Archive regions: 2->2
[2022-06-19T12:29:48.230-0700][gc,heap     ] GC(72) Humongous regions: 129->129
[2022-06-19T12:29:48.230-0700][gc,metaspace] GC(72) Metaspace: 41921K(42560K)->41921K(42560K) NonClass: 37054K(37376K)->37054K(37376K) Class: 4867K(5184K)->4867K(5184K)
[2022-06-19T12:29:48.230-0700][gc          ] GC(72) Pause Young (Normal) (G1 Evacuation Pause) 212M->164M(1024M) 90.393ms
[2022-06-19T12:29:48.230-0700][gc,cpu      ] GC(72) User=0.01s Sys=0.04s Real=0.10s
[2022-06-19T12:39:01.269-0700][gc,start    ] GC(73) Pause Young (Normal) (G1 Evacuation Pause)
[2022-06-19T12:39:01.270-0700][gc,task     ] GC(73) Using 8 workers of 8 for evacuation
[2022-06-19T12:39:01.351-0700][gc,mmu      ] GC(73) MMU target violated: 21.0ms (20.0ms/21.0ms)
[2022-06-19T12:39:01.351-0700][gc,phases   ] GC(73)   Pre Evacuate Collection Set: 6.8ms
[2022-06-19T12:39:01.351-0700][gc,phases   ] GC(73)   Merge Heap Roots: 1.0ms
[2022-06-19T12:39:01.351-0700][gc,phases   ] GC(73)   Evacuate Collection Set: 55.6ms
[2022-06-19T12:39:01.351-0700][gc,phases   ] GC(73)   Post Evacuate Collection Set: 11.2ms
[2022-06-19T12:39:01.351-0700][gc,phases   ] GC(73)   Other: 6.5ms
[2022-06-19T12:39:01.351-0700][gc,heap     ] GC(73) Eden regions: 48->0(48)
[2022-06-19T12:39:01.351-0700][gc,heap     ] GC(73) Survivor regions: 3->3(7)
[2022-06-19T12:39:01.351-0700][gc,heap     ] GC(73) Old regions: 33->33
[2022-06-19T12:39:01.351-0700][gc,heap     ] GC(73) Archive regions: 2->2
[2022-06-19T12:39:01.351-0700][gc,heap     ] GC(73) Humongous regions: 129->129
[2022-06-19T12:39:01.351-0700][gc,metaspace] GC(73) Metaspace: 41921K(42560K)->41921K(42560K) NonClass: 37054K(37376K)->37054K(37376K) Class: 4867K(5184K)->4867K(5184K)
[2022-06-19T12:39:01.351-0700][gc          ] GC(73) Pause Young (Normal) (G1 Evacuation Pause) 212M->165M(1024M) 83.126ms
[2022-06-19T12:39:01.351-0700][gc,cpu      ] GC(73) User=0.01s Sys=0.03s Real=0.09s
[2022-06-19T12:48:46.660-0700][gc,start    ] GC(74) Pause Young (Normal) (G1 Evacuation Pause)
[2022-06-19T12:48:46.663-0700][gc,task     ] GC(74) Using 8 workers of 8 for evacuation
[2022-06-19T12:48:46.754-0700][gc,mmu      ] GC(74) MMU target violated: 21.0ms (20.0ms/21.0ms)
[2022-06-19T12:48:46.755-0700][gc,phases   ] GC(74)   Pre Evacuate Collection Set: 7.2ms
[2022-06-19T12:48:46.755-0700][gc,phases   ] GC(74)   Merge Heap Roots: 1.0ms
[2022-06-19T12:48:46.755-0700][gc,phases   ] GC(74)   Evacuate Collection Set: 70.9ms
[2022-06-19T12:48:46.755-0700][gc,phases   ] GC(74)   Post Evacuate Collection Set: 4.2ms
[2022-06-19T12:48:46.755-0700][gc,phases   ] GC(74)   Other: 8.3ms
[2022-06-19T12:48:46.756-0700][gc,heap     ] GC(74) Eden regions: 48->0(47)
[2022-06-19T12:48:46.756-0700][gc,heap     ] GC(74) Survivor regions: 3->4(7)
[2022-06-19T12:48:46.756-0700][gc,heap     ] GC(74) Old regions: 33->33
[2022-06-19T12:48:46.756-0700][gc,heap     ] GC(74) Archive regions: 2->2
[2022-06-19T12:48:46.756-0700][gc,heap     ] GC(74) Humongous regions: 129->129
[2022-06-19T12:48:46.757-0700][gc,metaspace] GC(74) Metaspace: 41921K(42560K)->41921K(42560K) NonClass: 37054K(37376K)->37054K(37376K) Class: 4867K(5184K)->4867K(5184K)
[2022-06-19T12:48:46.757-0700][gc          ] GC(74) Pause Young (Normal) (G1 Evacuation Pause) 213M->165M(1024M) 98.057ms
[2022-06-19T12:48:46.757-0700][gc,cpu      ] GC(74) User=0.02s Sys=0.07s Real=0.10s
[2022-06-19T12:58:17.618-0700][gc,start    ] GC(75) Pause Young (Normal) (G1 Evacuation Pause)
[2022-06-19T12:58:17.619-0700][gc,task     ] GC(75) Using 8 workers of 8 for evacuation
[2022-06-19T12:58:17.672-0700][gc,mmu      ] GC(75) MMU target violated: 21.0ms (20.0ms/21.0ms)
[2022-06-19T12:58:17.672-0700][gc,phases   ] GC(75)   Pre Evacuate Collection Set: 5.9ms
[2022-06-19T12:58:17.672-0700][gc,phases   ] GC(75)   Merge Heap Roots: 0.6ms
[2022-06-19T12:58:17.672-0700][gc,phases   ] GC(75)   Evacuate Collection Set: 34.0ms
[2022-06-19T12:58:17.672-0700][gc,phases   ] GC(75)   Post Evacuate Collection Set: 4.8ms
[2022-06-19T12:58:17.672-0700][gc,phases   ] GC(75)   Other: 7.4ms
[2022-06-19T12:58:17.672-0700][gc,heap     ] GC(75) Eden regions: 47->0(47)
[2022-06-19T12:58:17.672-0700][gc,heap     ] GC(75) Survivor regions: 4->4(7)
[2022-06-19T12:58:17.672-0700][gc,heap     ] GC(75) Old regions: 33->33
[2022-06-19T12:58:17.672-0700][gc,heap     ] GC(75) Archive regions: 2->2
[2022-06-19T12:58:17.672-0700][gc,heap     ] GC(75) Humongous regions: 129->129
[2022-06-19T12:58:17.672-0700][gc,metaspace] GC(75) Metaspace: 41924K(42560K)->41924K(42560K) NonClass: 37057K(37376K)->37057K(37376K) Class: 4867K(5184K)->4867K(5184K)
[2022-06-19T12:58:17.673-0700][gc          ] GC(75) Pause Young (Normal) (G1 Evacuation Pause) 212M->165M(1024M) 54.858ms
[2022-06-19T12:58:17.673-0700][gc,cpu      ] GC(75) User=0.02s Sys=0.08s Real=0.06s
[2022-06-19T13:07:51.124-0700][gc,start    ] GC(76) Pause Young (Normal) (G1 Evacuation Pause)
[2022-06-19T13:07:51.126-0700][gc,task     ] GC(76) Using 8 workers of 8 for evacuation
[2022-06-19T13:07:51.194-0700][gc,mmu      ] GC(76) MMU target violated: 21.0ms (20.0ms/21.0ms)
[2022-06-19T13:07:51.194-0700][gc,phases   ] GC(76)   Pre Evacuate Collection Set: 4.7ms
[2022-06-19T13:07:51.194-0700][gc,phases   ] GC(76)   Merge Heap Roots: 1.7ms
[2022-06-19T13:07:51.194-0700][gc,phases   ] GC(76)   Evacuate Collection Set: 49.1ms
[2022-06-19T13:07:51.194-0700][gc,phases   ] GC(76)   Post Evacuate Collection Set: 3.7ms
[2022-06-19T13:07:51.194-0700][gc,phases   ] GC(76)   Other: 9.0ms
[2022-06-19T13:07:51.194-0700][gc,heap     ] GC(76) Eden regions: 47->0(48)
[2022-06-19T13:07:51.194-0700][gc,heap     ] GC(76) Survivor regions: 4->3(7)
[2022-06-19T13:07:51.194-0700][gc,heap     ] GC(76) Old regions: 33->33
[2022-06-19T13:07:51.194-0700][gc,heap     ] GC(76) Archive regions: 2->2
[2022-06-19T13:07:51.194-0700][gc,heap     ] GC(76) Humongous regions: 129->129
[2022-06-19T13:07:51.194-0700][gc,metaspace] GC(76) Metaspace: 41925K(42560K)->41925K(42560K) NonClass: 37058K(37376K)->37058K(37376K) Class: 4867K(5184K)->4867K(5184K)
[2022-06-19T13:07:51.194-0700][gc          ] GC(76) Pause Young (Normal) (G1 Evacuation Pause) 212M->164M(1024M) 71.944ms
[2022-06-19T13:07:51.194-0700][gc,cpu      ] GC(76) User=0.02s Sys=0.04s Real=0.07s
[2022-06-19T13:17:36.051-0700][gc,start    ] GC(77) Pause Young (Normal) (G1 Evacuation Pause)
[2022-06-19T13:17:36.053-0700][gc,task     ] GC(77) Using 8 workers of 8 for evacuation
[2022-06-19T13:17:36.115-0700][gc,mmu      ] GC(77) MMU target violated: 21.0ms (20.0ms/21.0ms)
[2022-06-19T13:17:36.116-0700][gc,phases   ] GC(77)   Pre Evacuate Collection Set: 5.9ms
[2022-06-19T13:17:36.116-0700][gc,phases   ] GC(77)   Merge Heap Roots: 5.9ms
[2022-06-19T13:17:36.116-0700][gc,phases   ] GC(77)   Evacuate Collection Set: 43.9ms
[2022-06-19T13:17:36.116-0700][gc,phases   ] GC(77)   Post Evacuate Collection Set: 2.2ms
[2022-06-19T13:17:36.116-0700][gc,phases   ] GC(77)   Other: 4.4ms
[2022-06-19T13:17:36.116-0700][gc,heap     ] GC(77) Eden regions: 48->0(48)
[2022-06-19T13:17:36.116-0700][gc,heap     ] GC(77) Survivor regions: 3->3(7)
[2022-06-19T13:17:36.116-0700][gc,heap     ] GC(77) Old regions: 33->33
[2022-06-19T13:17:36.116-0700][gc,heap     ] GC(77) Archive regions: 2->2
[2022-06-19T13:17:36.116-0700][gc,heap     ] GC(77) Humongous regions: 129->129
[2022-06-19T13:17:36.116-0700][gc,metaspace] GC(77) Metaspace: 41933K(42560K)->41933K(42560K) NonClass: 37066K(37376K)->37066K(37376K) Class: 4867K(5184K)->4867K(5184K)
[2022-06-19T13:17:36.116-0700][gc          ] GC(77) Pause Young (Normal) (G1 Evacuation Pause) 212M->165M(1024M) 65.215ms
[2022-06-19T13:17:36.116-0700][gc,cpu      ] GC(77) User=0.02s Sys=0.04s Real=0.06s
[2022-06-19T13:27:26.084-0700][gc,start    ] GC(78) Pause Young (Normal) (G1 Evacuation Pause)
[2022-06-19T13:27:26.087-0700][gc,task     ] GC(78) Using 8 workers of 8 for evacuation
[2022-06-19T13:27:26.287-0700][gc,mmu      ] GC(78) MMU target violated: 21.0ms (20.0ms/21.0ms)
[2022-06-19T13:27:26.292-0700][gc,phases   ] GC(78)   Pre Evacuate Collection Set: 16.3ms
[2022-06-19T13:27:26.292-0700][gc,phases   ] GC(78)   Merge Heap Roots: 2.4ms
[2022-06-19T13:27:26.292-0700][gc,phases   ] GC(78)   Evacuate Collection Set: 156.4ms
[2022-06-19T13:27:26.292-0700][gc,phases   ] GC(78)   Post Evacuate Collection Set: 8.9ms
[2022-06-19T13:27:26.292-0700][gc,phases   ] GC(78)   Other: 18.5ms
[2022-06-19T13:27:26.295-0700][gc,heap     ] GC(78) Eden regions: 48->0(47)
[2022-06-19T13:27:26.295-0700][gc,heap     ] GC(78) Survivor regions: 3->4(7)
[2022-06-19T13:27:26.295-0700][gc,heap     ] GC(78) Old regions: 33->33
[2022-06-19T13:27:26.295-0700][gc,heap     ] GC(78) Archive regions: 2->2
[2022-06-19T13:27:26.295-0700][gc,heap     ] GC(78) Humongous regions: 129->129
[2022-06-19T13:27:26.295-0700][gc,metaspace] GC(78) Metaspace: 41933K(42560K)->41933K(42560K) NonClass: 37066K(37376K)->37066K(37376K) Class: 4867K(5184K)->4867K(5184K)
[2022-06-19T13:27:26.295-0700][gc          ] GC(78) Pause Young (Normal) (G1 Evacuation Pause) 213M->165M(1024M) 211.024ms
[2022-06-19T13:27:26.295-0700][gc,cpu      ] GC(78) User=0.07s Sys=0.07s Real=0.21s
[2022-06-19T13:36:55.338-0700][gc,start    ] GC(79) Pause Young (Normal) (G1 Evacuation Pause)
[2022-06-19T13:36:55.345-0700][gc,task     ] GC(79) Using 8 workers of 8 for evacuation
[2022-06-19T13:36:55.591-0700][gc,mmu      ] GC(79) MMU target violated: 21.0ms (20.0ms/21.0ms)
[2022-06-19T13:36:55.594-0700][gc,phases   ] GC(79)   Pre Evacuate Collection Set: 51.4ms
[2022-06-19T13:36:55.594-0700][gc,phases   ] GC(79)   Merge Heap Roots: 5.2ms
[2022-06-19T13:36:55.594-0700][gc,phases   ] GC(79)   Evacuate Collection Set: 141.6ms
[2022-06-19T13:36:55.594-0700][gc,phases   ] GC(79)   Post Evacuate Collection Set: 18.0ms
[2022-06-19T13:36:55.594-0700][gc,phases   ] GC(79)   Other: 33.4ms
[2022-06-19T13:36:55.596-0700][gc,heap     ] GC(79) Eden regions: 47->0(48)
[2022-06-19T13:36:55.596-0700][gc,heap     ] GC(79) Survivor regions: 4->3(7)
[2022-06-19T13:36:55.596-0700][gc,heap     ] GC(79) Old regions: 33->33
[2022-06-19T13:36:55.596-0700][gc,heap     ] GC(79) Archive regions: 2->2
[2022-06-19T13:36:55.596-0700][gc,heap     ] GC(79) Humongous regions: 129->129
[2022-06-19T13:36:55.596-0700][gc,metaspace] GC(79) Metaspace: 41937K(42560K)->41937K(42560K) NonClass: 37070K(37376K)->37070K(37376K) Class: 4867K(5184K)->4867K(5184K)
[2022-06-19T13:36:55.596-0700][gc          ] GC(79) Pause Young (Normal) (G1 Evacuation Pause) 212M->164M(1024M) 261.932ms
[2022-06-19T13:36:55.596-0700][gc,cpu      ] GC(79) User=0.01s Sys=0.05s Real=0.26s
[2022-06-19T13:46:04.657-0700][gc,start    ] GC(80) Pause Young (Normal) (G1 Evacuation Pause)
[2022-06-19T13:46:04.662-0700][gc,task     ] GC(80) Using 8 workers of 8 for evacuation
[2022-06-19T13:46:04.751-0700][gc,mmu      ] GC(80) MMU target violated: 21.0ms (20.0ms/21.0ms)
[2022-06-19T13:46:04.751-0700][gc,phases   ] GC(80)   Pre Evacuate Collection Set: 9.4ms
[2022-06-19T13:46:04.751-0700][gc,phases   ] GC(80)   Merge Heap Roots: 7.1ms
[2022-06-19T13:46:04.751-0700][gc,phases   ] GC(80)   Evacuate Collection Set: 53.9ms
[2022-06-19T13:46:04.751-0700][gc,phases   ] GC(80)   Post Evacuate Collection Set: 3.7ms
[2022-06-19T13:46:04.751-0700][gc,phases   ] GC(80)   Other: 16.0ms
[2022-06-19T13:46:04.752-0700][gc,heap     ] GC(80) Eden regions: 48->0(48)
[2022-06-19T13:46:04.752-0700][gc,heap     ] GC(80) Survivor regions: 3->3(7)
[2022-06-19T13:46:04.752-0700][gc,heap     ] GC(80) Old regions: 33->33
[2022-06-19T13:46:04.752-0700][gc,heap     ] GC(80) Archive regions: 2->2
[2022-06-19T13:46:04.752-0700][gc,heap     ] GC(80) Humongous regions: 129->129
[2022-06-19T13:46:04.753-0700][gc,metaspace] GC(80) Metaspace: 41937K(42560K)->41937K(42560K) NonClass: 37070K(37376K)->37070K(37376K) Class: 4867K(5184K)->4867K(5184K)
[2022-06-19T13:46:04.754-0700][gc          ] GC(80) Pause Young (Normal) (G1 Evacuation Pause) 212M->164M(1024M) 97.669ms
[2022-06-19T13:46:04.754-0700][gc,cpu      ] GC(80) User=0.01s Sys=0.05s Real=0.10s
[2022-06-19T13:55:50.501-0700][gc,start    ] GC(81) Pause Young (Normal) (G1 Evacuation Pause)
[2022-06-19T13:55:50.537-0700][gc,task     ] GC(81) Using 8 workers of 8 for evacuation
[2022-06-19T13:55:51.026-0700][gc,mmu      ] GC(81) MMU target violated: 21.0ms (20.0ms/21.0ms)
[2022-06-19T13:55:51.027-0700][gc,phases   ] GC(81)   Pre Evacuate Collection Set: 65.6ms
[2022-06-19T13:55:51.027-0700][gc,phases   ] GC(81)   Merge Heap Roots: 7.6ms
[2022-06-19T13:55:51.027-0700][gc,phases   ] GC(81)   Evacuate Collection Set: 288.6ms
[2022-06-19T13:55:51.027-0700][gc,phases   ] GC(81)   Post Evacuate Collection Set: 12.3ms
[2022-06-19T13:55:51.027-0700][gc,phases   ] GC(81)   Other: 132.0ms
[2022-06-19T13:55:51.027-0700][gc,heap     ] GC(81) Eden regions: 48->0(48)
[2022-06-19T13:55:51.027-0700][gc,heap     ] GC(81) Survivor regions: 3->3(7)
[2022-06-19T13:55:51.027-0700][gc,heap     ] GC(81) Old regions: 33->33
[2022-06-19T13:55:51.027-0700][gc,heap     ] GC(81) Archive regions: 2->2
[2022-06-19T13:55:51.027-0700][gc,heap     ] GC(81) Humongous regions: 129->129
[2022-06-19T13:55:51.028-0700][gc,metaspace] GC(81) Metaspace: 41937K(42560K)->41937K(42560K) NonClass: 37070K(37376K)->37070K(37376K) Class: 4867K(5184K)->4867K(5184K)
[2022-06-19T13:55:51.029-0700][gc          ] GC(81) Pause Young (Normal) (G1 Evacuation Pause) 212M->165M(1024M) 543.826ms
[2022-06-19T13:55:51.029-0700][gc,cpu      ] GC(81) User=0.07s Sys=0.07s Real=0.54s
[2022-06-19T14:05:41.006-0700][gc,start    ] GC(82) Pause Young (Normal) (G1 Evacuation Pause)
[2022-06-19T14:05:41.010-0700][gc,task     ] GC(82) Using 8 workers of 8 for evacuation
[2022-06-19T14:05:41.216-0700][gc,mmu      ] GC(82) MMU target violated: 21.0ms (20.0ms/21.0ms)
[2022-06-19T14:05:41.216-0700][gc,phases   ] GC(82)   Pre Evacuate Collection Set: 6.9ms
[2022-06-19T14:05:41.216-0700][gc,phases   ] GC(82)   Merge Heap Roots: 0.8ms
[2022-06-19T14:05:41.216-0700][gc,phases   ] GC(82)   Evacuate Collection Set: 182.5ms
[2022-06-19T14:05:41.216-0700][gc,phases   ] GC(82)   Post Evacuate Collection Set: 4.2ms
[2022-06-19T14:05:41.216-0700][gc,phases   ] GC(82)   Other: 11.6ms
[2022-06-19T14:05:41.216-0700][gc,heap     ] GC(82) Eden regions: 48->0(47)
[2022-06-19T14:05:41.216-0700][gc,heap     ] GC(82) Survivor regions: 3->4(7)
[2022-06-19T14:05:41.216-0700][gc,heap     ] GC(82) Old regions: 33->33
[2022-06-19T14:05:41.216-0700][gc,heap     ] GC(82) Archive regions: 2->2
[2022-06-19T14:05:41.216-0700][gc,heap     ] GC(82) Humongous regions: 129->129
[2022-06-19T14:05:41.216-0700][gc,metaspace] GC(82) Metaspace: 41937K(42560K)->41937K(42560K) NonClass: 37070K(37376K)->37070K(37376K) Class: 4867K(5184K)->4867K(5184K)
[2022-06-19T14:05:41.217-0700][gc          ] GC(82) Pause Young (Normal) (G1 Evacuation Pause) 213M->165M(1024M) 210.928ms
[2022-06-19T14:05:41.217-0700][gc,cpu      ] GC(82) User=0.09s Sys=0.09s Real=0.21s
[2022-06-19T14:15:17.409-0700][gc,start    ] GC(83) Pause Young (Normal) (G1 Evacuation Pause)
[2022-06-19T14:15:17.413-0700][gc,task     ] GC(83) Using 8 workers of 8 for evacuation
[2022-06-19T14:15:17.465-0700][gc,mmu      ] GC(83) MMU target violated: 21.0ms (20.0ms/21.0ms)
[2022-06-19T14:15:17.466-0700][gc,phases   ] GC(83)   Pre Evacuate Collection Set: 7.6ms
[2022-06-19T14:15:17.466-0700][gc,phases   ] GC(83)   Merge Heap Roots: 0.8ms
[2022-06-19T14:15:17.466-0700][gc,phases   ] GC(83)   Evacuate Collection Set: 37.1ms
[2022-06-19T14:15:17.466-0700][gc,phases   ] GC(83)   Post Evacuate Collection Set: 2.7ms
[2022-06-19T14:15:17.466-0700][gc,phases   ] GC(83)   Other: 5.5ms
[2022-06-19T14:15:17.467-0700][gc,heap     ] GC(83) Eden regions: 47->0(48)
[2022-06-19T14:15:17.467-0700][gc,heap     ] GC(83) Survivor regions: 4->3(7)
[2022-06-19T14:15:17.467-0700][gc,heap     ] GC(83) Old regions: 33->33
[2022-06-19T14:15:17.467-0700][gc,heap     ] GC(83) Archive regions: 2->2
[2022-06-19T14:15:17.467-0700][gc,heap     ] GC(83) Humongous regions: 129->129
[2022-06-19T14:15:17.467-0700][gc,metaspace] GC(83) Metaspace: 41938K(42560K)->41938K(42560K) NonClass: 37071K(37376K)->37071K(37376K) Class: 4867K(5184K)->4867K(5184K)
[2022-06-19T14:15:17.467-0700][gc          ] GC(83) Pause Young (Normal) (G1 Evacuation Pause) 212M->164M(1024M) 58.672ms
[2022-06-19T14:15:17.467-0700][gc,cpu      ] GC(83) User=0.02s Sys=0.05s Real=0.06s
[2022-06-19T14:25:05.945-0700][gc,start    ] GC(84) Pause Young (Normal) (G1 Evacuation Pause)
[2022-06-19T14:25:05.948-0700][gc,task     ] GC(84) Using 8 workers of 8 for evacuation
[2022-06-19T14:25:06.018-0700][gc,mmu      ] GC(84) MMU target violated: 21.0ms (20.0ms/21.0ms)
[2022-06-19T14:25:06.018-0700][gc,phases   ] GC(84)   Pre Evacuate Collection Set: 15.4ms
[2022-06-19T14:25:06.018-0700][gc,phases   ] GC(84)   Merge Heap Roots: 1.0ms
[2022-06-19T14:25:06.018-0700][gc,phases   ] GC(84)   Evacuate Collection Set: 46.9ms
[2022-06-19T14:25:06.018-0700][gc,phases   ] GC(84)   Post Evacuate Collection Set: 6.1ms
[2022-06-19T14:25:06.018-0700][gc,phases   ] GC(84)   Other: 1.4ms
[2022-06-19T14:25:06.018-0700][gc,heap     ] GC(84) Eden regions: 48->0(48)
[2022-06-19T14:25:06.018-0700][gc,heap     ] GC(84) Survivor regions: 3->3(7)
[2022-06-19T14:25:06.018-0700][gc,heap     ] GC(84) Old regions: 33->33
[2022-06-19T14:25:06.018-0700][gc,heap     ] GC(84) Archive regions: 2->2
[2022-06-19T14:25:06.018-0700][gc,heap     ] GC(84) Humongous regions: 129->129
[2022-06-19T14:25:06.018-0700][gc,metaspace] GC(84) Metaspace: 41938K(42560K)->41938K(42560K) NonClass: 37071K(37376K)->37071K(37376K) Class: 4867K(5184K)->4867K(5184K)
[2022-06-19T14:25:06.018-0700][gc          ] GC(84) Pause Young (Normal) (G1 Evacuation Pause) 212M->165M(1024M) 73.576ms
[2022-06-19T14:25:06.018-0700][gc,cpu      ] GC(84) User=0.02s Sys=0.08s Real=0.07s
[2022-06-19T14:34:55.058-0700][gc,start    ] GC(85) Pause Young (Normal) (G1 Evacuation Pause)
[2022-06-19T14:34:55.061-0700][gc,task     ] GC(85) Using 8 workers of 8 for evacuation
[2022-06-19T14:34:55.195-0700][gc,mmu      ] GC(85) MMU target violated: 21.0ms (20.0ms/21.0ms)
[2022-06-19T14:34:55.195-0700][gc,phases   ] GC(85)   Pre Evacuate Collection Set: 7.8ms
[2022-06-19T14:34:55.195-0700][gc,phases   ] GC(85)   Merge Heap Roots: 1.3ms
[2022-06-19T14:34:55.195-0700][gc,phases   ] GC(85)   Evacuate Collection Set: 103.5ms
[2022-06-19T14:34:55.195-0700][gc,phases   ] GC(85)   Post Evacuate Collection Set: 7.2ms
[2022-06-19T14:34:55.195-0700][gc,phases   ] GC(85)   Other: 14.8ms
[2022-06-19T14:34:55.196-0700][gc,heap     ] GC(85) Eden regions: 48->0(47)
[2022-06-19T14:34:55.196-0700][gc,heap     ] GC(85) Survivor regions: 3->4(7)
[2022-06-19T14:34:55.196-0700][gc,heap     ] GC(85) Old regions: 33->33
[2022-06-19T14:34:55.196-0700][gc,heap     ] GC(85) Archive regions: 2->2
[2022-06-19T14:34:55.196-0700][gc,heap     ] GC(85) Humongous regions: 129->129
[2022-06-19T14:34:55.196-0700][gc,metaspace] GC(85) Metaspace: 41939K(42560K)->41939K(42560K) NonClass: 37072K(37376K)->37072K(37376K) Class: 4867K(5184K)->4867K(5184K)
[2022-06-19T14:34:55.197-0700][gc          ] GC(85) Pause Young (Normal) (G1 Evacuation Pause) 213M->165M(1024M) 140.465ms
[2022-06-19T14:34:55.197-0700][gc,cpu      ] GC(85) User=0.04s Sys=0.06s Real=0.14s
[2022-06-19T14:43:55.919-0700][gc,start    ] GC(86) Pause Young (Normal) (G1 Evacuation Pause)
[2022-06-19T14:43:55.927-0700][gc,task     ] GC(86) Using 8 workers of 8 for evacuation
[2022-06-19T14:43:56.096-0700][gc,mmu      ] GC(86) MMU target violated: 21.0ms (20.0ms/21.0ms)
[2022-06-19T14:43:56.096-0700][gc,phases   ] GC(86)   Pre Evacuate Collection Set: 11.2ms
[2022-06-19T14:43:56.096-0700][gc,phases   ] GC(86)   Merge Heap Roots: 14.6ms
[2022-06-19T14:43:56.096-0700][gc,phases   ] GC(86)   Evacuate Collection Set: 121.1ms
[2022-06-19T14:43:56.096-0700][gc,phases   ] GC(86)   Post Evacuate Collection Set: 5.4ms
[2022-06-19T14:43:56.096-0700][gc,phases   ] GC(86)   Other: 18.9ms
[2022-06-19T14:43:56.097-0700][gc,heap     ] GC(86) Eden regions: 47->0(47)
[2022-06-19T14:43:56.098-0700][gc,heap     ] GC(86) Survivor regions: 4->4(7)
[2022-06-19T14:43:56.098-0700][gc,heap     ] GC(86) Old regions: 33->33
[2022-06-19T14:43:56.098-0700][gc,heap     ] GC(86) Archive regions: 2->2
[2022-06-19T14:43:56.098-0700][gc,heap     ] GC(86) Humongous regions: 129->129
[2022-06-19T14:43:56.098-0700][gc,metaspace] GC(86) Metaspace: 41940K(42560K)->41940K(42560K) NonClass: 37073K(37376K)->37073K(37376K) Class: 4867K(5184K)->4867K(5184K)
[2022-06-19T14:43:56.098-0700][gc          ] GC(86) Pause Young (Normal) (G1 Evacuation Pause) 212M->166M(1024M) 180.396ms
[2022-06-19T14:43:56.098-0700][gc,cpu      ] GC(86) User=0.04s Sys=0.06s Real=0.18s
[2022-06-19T14:53:24.088-0700][gc,start    ] GC(87) Pause Young (Normal) (G1 Evacuation Pause)
[2022-06-19T14:53:24.093-0700][gc,task     ] GC(87) Using 8 workers of 8 for evacuation
[2022-06-19T14:53:24.158-0700][gc,mmu      ] GC(87) MMU target violated: 21.0ms (20.0ms/21.0ms)
[2022-06-19T14:53:24.160-0700][gc,phases   ] GC(87)   Pre Evacuate Collection Set: 6.7ms
[2022-06-19T14:53:24.160-0700][gc,phases   ] GC(87)   Merge Heap Roots: 9.6ms
[2022-06-19T14:53:24.160-0700][gc,phases   ] GC(87)   Evacuate Collection Set: 40.2ms
[2022-06-19T14:53:24.160-0700][gc,phases   ] GC(87)   Post Evacuate Collection Set: 3.4ms
[2022-06-19T14:53:24.160-0700][gc,phases   ] GC(87)   Other: 7.8ms
[2022-06-19T14:53:24.161-0700][gc,heap     ] GC(87) Eden regions: 47->0(48)
[2022-06-19T14:53:24.161-0700][gc,heap     ] GC(87) Survivor regions: 4->3(7)
[2022-06-19T14:53:24.161-0700][gc,heap     ] GC(87) Old regions: 33->33
[2022-06-19T14:53:24.161-0700][gc,heap     ] GC(87) Archive regions: 2->2
[2022-06-19T14:53:24.161-0700][gc,heap     ] GC(87) Humongous regions: 129->129
[2022-06-19T14:53:24.161-0700][gc,metaspace] GC(87) Metaspace: 41942K(42560K)->41942K(42560K) NonClass: 37075K(37376K)->37075K(37376K) Class: 4867K(5184K)->4867K(5184K)
[2022-06-19T14:53:24.161-0700][gc          ] GC(87) Pause Young (Normal) (G1 Evacuation Pause) 213M->164M(1024M) 73.591ms
[2022-06-19T14:53:24.161-0700][gc,cpu      ] GC(87) User=0.01s Sys=0.05s Real=0.08s
[2022-06-19T15:03:10.858-0700][gc,start    ] GC(88) Pause Young (Normal) (G1 Evacuation Pause)
[2022-06-19T15:03:10.863-0700][gc,task     ] GC(88) Using 8 workers of 8 for evacuation
[2022-06-19T15:03:11.035-0700][gc,mmu      ] GC(88) MMU target violated: 21.0ms (20.0ms/21.0ms)
[2022-06-19T15:03:11.038-0700][gc,phases   ] GC(88)   Pre Evacuate Collection Set: 25.1ms
[2022-06-19T15:03:11.038-0700][gc,phases   ] GC(88)   Merge Heap Roots: 1.2ms
[2022-06-19T15:03:11.038-0700][gc,phases   ] GC(88)   Evacuate Collection Set: 125.5ms
[2022-06-19T15:03:11.038-0700][gc,phases   ] GC(88)   Post Evacuate Collection Set: 7.7ms
[2022-06-19T15:03:11.038-0700][gc,phases   ] GC(88)   Other: 17.6ms
[2022-06-19T15:03:11.041-0700][gc,heap     ] GC(88) Eden regions: 48->0(48)
[2022-06-19T15:03:11.041-0700][gc,heap     ] GC(88) Survivor regions: 3->3(7)
[2022-06-19T15:03:11.041-0700][gc,heap     ] GC(88) Old regions: 33->33
[2022-06-19T15:03:11.041-0700][gc,heap     ] GC(88) Archive regions: 2->2
[2022-06-19T15:03:11.041-0700][gc,heap     ] GC(88) Humongous regions: 129->129
[2022-06-19T15:03:11.041-0700][gc,metaspace] GC(88) Metaspace: 41942K(42560K)->41942K(42560K) NonClass: 37075K(37376K)->37075K(37376K) Class: 4867K(5184K)->4867K(5184K)
[2022-06-19T15:03:11.043-0700][gc          ] GC(88) Pause Young (Normal) (G1 Evacuation Pause) 212M->165M(1024M) 187.253ms
[2022-06-19T15:03:11.043-0700][gc,cpu      ] GC(88) User=0.03s Sys=0.06s Real=0.19s
[2022-06-19T15:12:50.649-0700][gc,start    ] GC(89) Pause Young (Normal) (G1 Evacuation Pause)
[2022-06-19T15:12:50.650-0700][gc,task     ] GC(89) Using 8 workers of 8 for evacuation
[2022-06-19T15:12:50.738-0700][gc,mmu      ] GC(89) MMU target violated: 21.0ms (20.0ms/21.0ms)
[2022-06-19T15:12:50.738-0700][gc,phases   ] GC(89)   Pre Evacuate Collection Set: 6.8ms
[2022-06-19T15:12:50.739-0700][gc,phases   ] GC(89)   Merge Heap Roots: 0.2ms
[2022-06-19T15:12:50.739-0700][gc,phases   ] GC(89)   Evacuate Collection Set: 68.4ms
[2022-06-19T15:12:50.739-0700][gc,phases   ] GC(89)   Post Evacuate Collection Set: 13.2ms
[2022-06-19T15:12:50.739-0700][gc,phases   ] GC(89)   Other: 0.4ms
[2022-06-19T15:12:50.739-0700][gc,heap     ] GC(89) Eden regions: 48->0(47)
[2022-06-19T15:12:50.739-0700][gc,heap     ] GC(89) Survivor regions: 3->4(7)
[2022-06-19T15:12:50.739-0700][gc,heap     ] GC(89) Old regions: 33->33
[2022-06-19T15:12:50.739-0700][gc,heap     ] GC(89) Archive regions: 2->2
[2022-06-19T15:12:50.739-0700][gc,heap     ] GC(89) Humongous regions: 129->129
[2022-06-19T15:12:50.739-0700][gc,metaspace] GC(89) Metaspace: 41942K(42560K)->41942K(42560K) NonClass: 37075K(37376K)->37075K(37376K) Class: 4867K(5184K)->4867K(5184K)
[2022-06-19T15:12:50.739-0700][gc          ] GC(89) Pause Young (Normal) (G1 Evacuation Pause) 213M->165M(1024M) 89.669ms
[2022-06-19T15:12:50.739-0700][gc,cpu      ] GC(89) User=0.02s Sys=0.06s Real=0.09s
[2022-06-19T15:22:20.079-0700][gc,start    ] GC(90) Pause Young (Normal) (G1 Evacuation Pause)
[2022-06-19T15:22:20.081-0700][gc,task     ] GC(90) Using 8 workers of 8 for evacuation
[2022-06-19T15:22:20.117-0700][gc,mmu      ] GC(90) MMU target violated: 21.0ms (20.0ms/21.0ms)
[2022-06-19T15:22:20.118-0700][gc,phases   ] GC(90)   Pre Evacuate Collection Set: 5.2ms
[2022-06-19T15:22:20.118-0700][gc,phases   ] GC(90)   Merge Heap Roots: 0.7ms
[2022-06-19T15:22:20.118-0700][gc,phases   ] GC(90)   Evacuate Collection Set: 22.6ms
[2022-06-19T15:22:20.118-0700][gc,phases   ] GC(90)   Post Evacuate Collection Set: 2.4ms
[2022-06-19T15:22:20.118-0700][gc,phases   ] GC(90)   Other: 5.9ms
[2022-06-19T15:22:20.118-0700][gc,heap     ] GC(90) Eden regions: 47->0(48)
[2022-06-19T15:22:20.118-0700][gc,heap     ] GC(90) Survivor regions: 4->3(7)
[2022-06-19T15:22:20.118-0700][gc,heap     ] GC(90) Old regions: 33->33
[2022-06-19T15:22:20.118-0700][gc,heap     ] GC(90) Archive regions: 2->2
[2022-06-19T15:22:20.118-0700][gc,heap     ] GC(90) Humongous regions: 129->129
[2022-06-19T15:22:20.118-0700][gc,metaspace] GC(90) Metaspace: 41942K(42560K)->41942K(42560K) NonClass: 37075K(37376K)->37075K(37376K) Class: 4867K(5184K)->4867K(5184K)
[2022-06-19T15:22:20.118-0700][gc          ] GC(90) Pause Young (Normal) (G1 Evacuation Pause) 212M->164M(1024M) 38.484ms
[2022-06-19T15:22:20.118-0700][gc,cpu      ] GC(90) User=0.01s Sys=0.03s Real=0.04s
[2022-06-19T15:32:03.537-0700][gc,start    ] GC(91) Pause Young (Normal) (G1 Evacuation Pause)
[2022-06-19T15:32:03.539-0700][gc,task     ] GC(91) Using 8 workers of 8 for evacuation
[2022-06-19T15:32:03.589-0700][gc,mmu      ] GC(91) MMU target violated: 21.0ms (20.0ms/21.0ms)
[2022-06-19T15:32:03.589-0700][gc,phases   ] GC(91)   Pre Evacuate Collection Set: 3.6ms
[2022-06-19T15:32:03.589-0700][gc,phases   ] GC(91)   Merge Heap Roots: 0.6ms
[2022-06-19T15:32:03.589-0700][gc,phases   ] GC(91)   Evacuate Collection Set: 27.1ms
[2022-06-19T15:32:03.589-0700][gc,phases   ] GC(91)   Post Evacuate Collection Set: 7.6ms
[2022-06-19T15:32:03.589-0700][gc,phases   ] GC(91)   Other: 10.7ms
[2022-06-19T15:32:03.589-0700][gc,heap     ] GC(91) Eden regions: 48->0(48)
[2022-06-19T15:32:03.589-0700][gc,heap     ] GC(91) Survivor regions: 3->3(7)
[2022-06-19T15:32:03.589-0700][gc,heap     ] GC(91) Old regions: 33->33
[2022-06-19T15:32:03.589-0700][gc,heap     ] GC(91) Archive regions: 2->2
[2022-06-19T15:32:03.589-0700][gc,heap     ] GC(91) Humongous regions: 129->129
[2022-06-19T15:32:03.589-0700][gc,metaspace] GC(91) Metaspace: 41944K(42560K)->41944K(42560K) NonClass: 37077K(37376K)->37077K(37376K) Class: 4867K(5184K)->4867K(5184K)
[2022-06-19T15:32:03.589-0700][gc          ] GC(91) Pause Young (Normal) (G1 Evacuation Pause) 212M->165M(1024M) 55.038ms
[2022-06-19T15:32:03.589-0700][gc,cpu      ] GC(91) User=0.01s Sys=0.04s Real=0.05s
[2022-06-19T15:41:08.637-0700][gc,start    ] GC(92) Pause Young (Normal) (G1 Evacuation Pause)
[2022-06-19T15:41:08.638-0700][gc,task     ] GC(92) Using 8 workers of 8 for evacuation
[2022-06-19T15:41:08.711-0700][gc,mmu      ] GC(92) MMU target violated: 21.0ms (20.0ms/21.0ms)
[2022-06-19T15:41:08.711-0700][gc,phases   ] GC(92)   Pre Evacuate Collection Set: 5.9ms
[2022-06-19T15:41:08.711-0700][gc,phases   ] GC(92)   Merge Heap Roots: 0.7ms
[2022-06-19T15:41:08.711-0700][gc,phases   ] GC(92)   Evacuate Collection Set: 47.7ms
[2022-06-19T15:41:08.711-0700][gc,phases   ] GC(92)   Post Evacuate Collection Set: 11.5ms
[2022-06-19T15:41:08.711-0700][gc,phases   ] GC(92)   Other: 7.4ms
[2022-06-19T15:41:08.711-0700][gc,heap     ] GC(92) Eden regions: 48->0(48)
[2022-06-19T15:41:08.711-0700][gc,heap     ] GC(92) Survivor regions: 3->3(7)
[2022-06-19T15:41:08.711-0700][gc,heap     ] GC(92) Old regions: 33->33
[2022-06-19T15:41:08.711-0700][gc,heap     ] GC(92) Archive regions: 2->2
[2022-06-19T15:41:08.711-0700][gc,heap     ] GC(92) Humongous regions: 129->129
[2022-06-19T15:41:08.711-0700][gc,metaspace] GC(92) Metaspace: 41945K(42560K)->41945K(42560K) NonClass: 37078K(37376K)->37078K(37376K) Class: 4867K(5184K)->4867K(5184K)
[2022-06-19T15:41:08.712-0700][gc          ] GC(92) Pause Young (Normal) (G1 Evacuation Pause) 213M->165M(1024M) 74.938ms
[2022-06-19T15:41:08.712-0700][gc,cpu      ] GC(92) User=0.02s Sys=0.07s Real=0.08s
[2022-06-19T15:50:52.151-0700][gc,start    ] GC(93) Pause Young (Normal) (G1 Evacuation Pause)
[2022-06-19T15:50:52.153-0700][gc,task     ] GC(93) Using 8 workers of 8 for evacuation
[2022-06-19T15:50:52.227-0700][gc,mmu      ] GC(93) MMU target violated: 21.0ms (20.0ms/21.0ms)
[2022-06-19T15:50:52.227-0700][gc,phases   ] GC(93)   Pre Evacuate Collection Set: 20.3ms
[2022-06-19T15:50:52.227-0700][gc,phases   ] GC(93)   Merge Heap Roots: 1.8ms
[2022-06-19T15:50:52.227-0700][gc,phases   ] GC(93)   Evacuate Collection Set: 48.9ms
[2022-06-19T15:50:52.227-0700][gc,phases   ] GC(93)   Post Evacuate Collection Set: 2.7ms
[2022-06-19T15:50:52.227-0700][gc,phases   ] GC(93)   Other: 1.0ms
[2022-06-19T15:50:52.227-0700][gc,heap     ] GC(93) Eden regions: 48->0(47)
[2022-06-19T15:50:52.227-0700][gc,heap     ] GC(93) Survivor regions: 3->4(7)
[2022-06-19T15:50:52.227-0700][gc,heap     ] GC(93) Old regions: 33->33
[2022-06-19T15:50:52.227-0700][gc,heap     ] GC(93) Archive regions: 2->2
[2022-06-19T15:50:52.227-0700][gc,heap     ] GC(93) Humongous regions: 129->129
[2022-06-19T15:50:52.227-0700][gc,metaspace] GC(93) Metaspace: 41945K(42560K)->41945K(42560K) NonClass: 37078K(37376K)->37078K(37376K) Class: 4867K(5184K)->4867K(5184K)
[2022-06-19T15:50:52.227-0700][gc          ] GC(93) Pause Young (Normal) (G1 Evacuation Pause) 213M->165M(1024M) 76.193ms
[2022-06-19T15:50:52.227-0700][gc,cpu      ] GC(93) User=0.02s Sys=0.06s Real=0.07s
[2022-06-19T16:00:14.446-0700][gc,start    ] GC(94) Pause Young (Normal) (G1 Evacuation Pause)
[2022-06-19T16:00:14.448-0700][gc,task     ] GC(94) Using 8 workers of 8 for evacuation
[2022-06-19T16:00:14.486-0700][gc,mmu      ] GC(94) MMU target violated: 21.0ms (20.0ms/21.0ms)
[2022-06-19T16:00:14.486-0700][gc,phases   ] GC(94)   Pre Evacuate Collection Set: 8.1ms
[2022-06-19T16:00:14.486-0700][gc,phases   ] GC(94)   Merge Heap Roots: 0.6ms
[2022-06-19T16:00:14.486-0700][gc,phases   ] GC(94)   Evacuate Collection Set: 18.0ms
[2022-06-19T16:00:14.486-0700][gc,phases   ] GC(94)   Post Evacuate Collection Set: 9.2ms
[2022-06-19T16:00:14.486-0700][gc,phases   ] GC(94)   Other: 2.0ms
[2022-06-19T16:00:14.486-0700][gc,heap     ] GC(94) Eden regions: 47->0(48)
[2022-06-19T16:00:14.486-0700][gc,heap     ] GC(94) Survivor regions: 4->3(7)
[2022-06-19T16:00:14.486-0700][gc,heap     ] GC(94) Old regions: 33->33
[2022-06-19T16:00:14.486-0700][gc,heap     ] GC(94) Archive regions: 2->2
[2022-06-19T16:00:14.486-0700][gc,heap     ] GC(94) Humongous regions: 129->129
[2022-06-19T16:00:14.486-0700][gc,metaspace] GC(94) Metaspace: 41945K(42560K)->41945K(42560K) NonClass: 37078K(37376K)->37078K(37376K) Class: 4867K(5184K)->4867K(5184K)
[2022-06-19T16:00:14.486-0700][gc          ] GC(94) Pause Young (Normal) (G1 Evacuation Pause) 212M->164M(1024M) 40.490ms
[2022-06-19T16:00:14.486-0700][gc,cpu      ] GC(94) User=0.01s Sys=0.05s Real=0.04s
[2022-06-19T16:09:55.441-0700][gc,start    ] GC(95) Pause Young (Normal) (G1 Evacuation Pause)
[2022-06-19T16:09:55.443-0700][gc,task     ] GC(95) Using 8 workers of 8 for evacuation
[2022-06-19T16:09:55.543-0700][gc,mmu      ] GC(95) MMU target violated: 21.0ms (20.0ms/21.0ms)
[2022-06-19T16:09:55.543-0700][gc,phases   ] GC(95)   Pre Evacuate Collection Set: 3.2ms
[2022-06-19T16:09:55.543-0700][gc,phases   ] GC(95)   Merge Heap Roots: 0.1ms
[2022-06-19T16:09:55.543-0700][gc,phases   ] GC(95)   Evacuate Collection Set: 76.1ms
[2022-06-19T16:09:55.543-0700][gc,phases   ] GC(95)   Post Evacuate Collection Set: 14.1ms
[2022-06-19T16:09:55.543-0700][gc,phases   ] GC(95)   Other: 7.7ms
[2022-06-19T16:09:55.543-0700][gc,heap     ] GC(95) Eden regions: 48->0(48)
[2022-06-19T16:09:55.543-0700][gc,heap     ] GC(95) Survivor regions: 3->3(7)
[2022-06-19T16:09:55.543-0700][gc,heap     ] GC(95) Old regions: 33->33
[2022-06-19T16:09:55.543-0700][gc,heap     ] GC(95) Archive regions: 2->2
[2022-06-19T16:09:55.543-0700][gc,heap     ] GC(95) Humongous regions: 129->129
[2022-06-19T16:09:55.543-0700][gc,metaspace] GC(95) Metaspace: 41945K(42560K)->41945K(42560K) NonClass: 37078K(37376K)->37078K(37376K) Class: 4867K(5184K)->4867K(5184K)
[2022-06-19T16:09:55.548-0700][gc          ] GC(95) Pause Young (Normal) (G1 Evacuation Pause) 212M->165M(1024M) 107.974ms
[2022-06-19T16:09:55.548-0700][gc,cpu      ] GC(95) User=0.04s Sys=0.06s Real=0.10s
[2022-06-19T16:19:39.195-0700][gc,start    ] GC(96) Pause Young (Normal) (G1 Evacuation Pause)
[2022-06-19T16:19:39.199-0700][gc,task     ] GC(96) Using 8 workers of 8 for evacuation
[2022-06-19T16:19:39.298-0700][gc,mmu      ] GC(96) MMU target violated: 21.0ms (20.0ms/21.0ms)
[2022-06-19T16:19:39.299-0700][gc,phases   ] GC(96)   Pre Evacuate Collection Set: 7.5ms
[2022-06-19T16:19:39.299-0700][gc,phases   ] GC(96)   Merge Heap Roots: 1.1ms
[2022-06-19T16:19:39.299-0700][gc,phases   ] GC(96)   Evacuate Collection Set: 61.9ms
[2022-06-19T16:19:39.299-0700][gc,phases   ] GC(96)   Post Evacuate Collection Set: 5.4ms
[2022-06-19T16:19:39.299-0700][gc,phases   ] GC(96)   Other: 24.7ms
[2022-06-19T16:19:39.300-0700][gc,heap     ] GC(96) Eden regions: 48->0(47)
[2022-06-19T16:19:39.300-0700][gc,heap     ] GC(96) Survivor regions: 3->4(7)
[2022-06-19T16:19:39.300-0700][gc,heap     ] GC(96) Old regions: 33->33
[2022-06-19T16:19:39.300-0700][gc,heap     ] GC(96) Archive regions: 2->2
[2022-06-19T16:19:39.300-0700][gc,heap     ] GC(96) Humongous regions: 129->129
[2022-06-19T16:19:39.301-0700][gc,metaspace] GC(96) Metaspace: 41945K(42560K)->41945K(42560K) NonClass: 37078K(37376K)->37078K(37376K) Class: 4867K(5184K)->4867K(5184K)
[2022-06-19T16:19:39.301-0700][gc          ] GC(96) Pause Young (Normal) (G1 Evacuation Pause) 213M->165M(1024M) 106.667ms
[2022-06-19T16:19:39.301-0700][gc,cpu      ] GC(96) User=0.02s Sys=0.05s Real=0.11s
[2022-06-19T16:29:08.416-0700][gc,start    ] GC(97) Pause Young (Normal) (G1 Evacuation Pause)
[2022-06-19T16:29:08.421-0700][gc,task     ] GC(97) Using 8 workers of 8 for evacuation
[2022-06-19T16:29:08.540-0700][gc,mmu      ] GC(97) MMU target violated: 21.0ms (20.0ms/21.0ms)
[2022-06-19T16:29:08.541-0700][gc,phases   ] GC(97)   Pre Evacuate Collection Set: 10.2ms
[2022-06-19T16:29:08.541-0700][gc,phases   ] GC(97)   Merge Heap Roots: 1.1ms
[2022-06-19T16:29:08.541-0700][gc,phases   ] GC(97)   Evacuate Collection Set: 93.3ms
[2022-06-19T16:29:08.541-0700][gc,phases   ] GC(97)   Post Evacuate Collection Set: 8.6ms
[2022-06-19T16:29:08.541-0700][gc,phases   ] GC(97)   Other: 6.4ms
[2022-06-19T16:29:08.542-0700][gc,heap     ] GC(97) Eden regions: 47->0(47)
[2022-06-19T16:29:08.542-0700][gc,heap     ] GC(97) Survivor regions: 4->4(7)
[2022-06-19T16:29:08.542-0700][gc,heap     ] GC(97) Old regions: 33->33
[2022-06-19T16:29:08.542-0700][gc,heap     ] GC(97) Archive regions: 2->2
[2022-06-19T16:29:08.542-0700][gc,heap     ] GC(97) Humongous regions: 129->129
[2022-06-19T16:29:08.542-0700][gc,metaspace] GC(97) Metaspace: 41946K(42560K)->41946K(42560K) NonClass: 37079K(37376K)->37079K(37376K) Class: 4867K(5184K)->4867K(5184K)
[2022-06-19T16:29:08.542-0700][gc          ] GC(97) Pause Young (Normal) (G1 Evacuation Pause) 212M->165M(1024M) 128.396ms
[2022-06-19T16:29:08.542-0700][gc,cpu      ] GC(97) User=0.04s Sys=0.05s Real=0.13s
[2022-06-19T16:38:18.312-0700][gc,start    ] GC(98) Pause Young (Normal) (G1 Evacuation Pause)
[2022-06-19T16:38:18.316-0700][gc,task     ] GC(98) Using 8 workers of 8 for evacuation
[2022-06-19T16:38:18.366-0700][gc,mmu      ] GC(98) MMU target violated: 21.0ms (20.0ms/21.0ms)
[2022-06-19T16:38:18.367-0700][gc,phases   ] GC(98)   Pre Evacuate Collection Set: 7.8ms
[2022-06-19T16:38:18.367-0700][gc,phases   ] GC(98)   Merge Heap Roots: 1.2ms
[2022-06-19T16:38:18.367-0700][gc,phases   ] GC(98)   Evacuate Collection Set: 28.3ms
[2022-06-19T16:38:18.367-0700][gc,phases   ] GC(98)   Post Evacuate Collection Set: 4.2ms
[2022-06-19T16:38:18.367-0700][gc,phases   ] GC(98)   Other: 9.1ms
[2022-06-19T16:38:18.368-0700][gc,heap     ] GC(98) Eden regions: 47->0(48)
[2022-06-19T16:38:18.368-0700][gc,heap     ] GC(98) Survivor regions: 4->3(7)
[2022-06-19T16:38:18.368-0700][gc,heap     ] GC(98) Old regions: 33->33
[2022-06-19T16:38:18.368-0700][gc,heap     ] GC(98) Archive regions: 2->2
[2022-06-19T16:38:18.368-0700][gc,heap     ] GC(98) Humongous regions: 129->129
[2022-06-19T16:38:18.368-0700][gc,metaspace] GC(98) Metaspace: 41947K(42624K)->41947K(42624K) NonClass: 37080K(37440K)->37080K(37440K) Class: 4867K(5184K)->4867K(5184K)
[2022-06-19T16:38:18.368-0700][gc          ] GC(98) Pause Young (Normal) (G1 Evacuation Pause) 212M->164M(1024M) 57.123ms
[2022-06-19T16:38:18.368-0700][gc,cpu      ] GC(98) User=0.01s Sys=0.04s Real=0.05s
[2022-06-19T16:47:55.471-0700][gc,start    ] GC(99) Pause Young (Normal) (G1 Evacuation Pause)
[2022-06-19T16:47:55.472-0700][gc,task     ] GC(99) Using 8 workers of 8 for evacuation
[2022-06-19T16:47:55.587-0700][gc,mmu      ] GC(99) MMU target violated: 21.0ms (20.0ms/21.0ms)
[2022-06-19T16:47:55.590-0700][gc,phases   ] GC(99)   Pre Evacuate Collection Set: 13.0ms
[2022-06-19T16:47:55.590-0700][gc,phases   ] GC(99)   Merge Heap Roots: 3.4ms
[2022-06-19T16:47:55.590-0700][gc,phases   ] GC(99)   Evacuate Collection Set: 73.7ms
[2022-06-19T16:47:55.590-0700][gc,phases   ] GC(99)   Post Evacuate Collection Set: 8.1ms
[2022-06-19T16:47:55.590-0700][gc,phases   ] GC(99)   Other: 16.8ms
[2022-06-19T16:47:55.592-0700][gc,heap     ] GC(99) Eden regions: 48->0(48)
[2022-06-19T16:47:55.592-0700][gc,heap     ] GC(99) Survivor regions: 3->3(7)
[2022-06-19T16:47:55.592-0700][gc,heap     ] GC(99) Old regions: 33->33
[2022-06-19T16:47:55.592-0700][gc,heap     ] GC(99) Archive regions: 2->2
[2022-06-19T16:47:55.592-0700][gc,heap     ] GC(99) Humongous regions: 129->129
[2022-06-19T16:47:55.598-0700][gc,metaspace] GC(99) Metaspace: 41947K(42624K)->41947K(42624K) NonClass: 37080K(37440K)->37080K(37440K) Class: 4867K(5184K)->4867K(5184K)
[2022-06-19T16:47:55.598-0700][gc          ] GC(99) Pause Young (Normal) (G1 Evacuation Pause) 212M->165M(1024M) 128.430ms
[2022-06-19T16:47:55.598-0700][gc,cpu      ] GC(99) User=0.02s Sys=0.06s Real=0.13s
[2022-06-19T16:57:35.691-0700][gc,start    ] GC(100) Pause Young (Normal) (G1 Evacuation Pause)
[2022-06-19T16:57:35.715-0700][gc,task     ] GC(100) Using 8 workers of 8 for evacuation
[2022-06-19T16:57:36.203-0700][gc,mmu      ] GC(100) MMU target violated: 21.0ms (20.0ms/21.0ms)
[2022-06-19T16:57:36.700-0700][gc,phases   ] GC(100)   Pre Evacuate Collection Set: 44.6ms
[2022-06-19T16:57:36.701-0700][gc,phases   ] GC(100)   Merge Heap Roots: 14.6ms
[2022-06-19T16:57:36.701-0700][gc,phases   ] GC(100)   Evacuate Collection Set: 321.8ms
[2022-06-19T16:57:36.701-0700][gc,phases   ] GC(100)   Post Evacuate Collection Set: 11.9ms
[2022-06-19T16:57:36.701-0700][gc,phases   ] GC(100)   Other: 602.6ms
[2022-06-19T16:57:36.702-0700][gc,heap     ] GC(100) Eden regions: 48->0(48)
[2022-06-19T16:57:36.702-0700][gc,heap     ] GC(100) Survivor regions: 3->3(7)
[2022-06-19T16:57:36.702-0700][gc,heap     ] GC(100) Old regions: 33->33
[2022-06-19T16:57:36.702-0700][gc,heap     ] GC(100) Archive regions: 2->2
[2022-06-19T16:57:36.702-0700][gc,heap     ] GC(100) Humongous regions: 129->129
[2022-06-19T16:57:36.704-0700][gc,metaspace] GC(100) Metaspace: 41947K(42624K)->41947K(42624K) NonClass: 37080K(37440K)->37080K(37440K) Class: 4867K(5184K)->4867K(5184K)
[2022-06-19T16:57:36.704-0700][gc          ] GC(100) Pause Young (Normal) (G1 Evacuation Pause) 213M->165M(1024M) 1019.335ms
[2022-06-19T16:57:36.705-0700][gc,cpu      ] GC(100) User=0.08s Sys=0.07s Real=1.02s
[2022-06-19T17:07:23.302-0700][gc,start    ] GC(101) Pause Young (Normal) (G1 Evacuation Pause)
[2022-06-19T17:07:23.307-0700][gc,task     ] GC(101) Using 8 workers of 8 for evacuation
[2022-06-19T17:07:23.468-0700][gc,mmu      ] GC(101) MMU target violated: 21.0ms (20.0ms/21.0ms)
[2022-06-19T17:07:23.469-0700][gc,phases   ] GC(101)   Pre Evacuate Collection Set: 9.7ms
[2022-06-19T17:07:23.469-0700][gc,phases   ] GC(101)   Merge Heap Roots: 7.0ms
[2022-06-19T17:07:23.469-0700][gc,phases   ] GC(101)   Evacuate Collection Set: 124.2ms
[2022-06-19T17:07:23.469-0700][gc,phases   ] GC(101)   Post Evacuate Collection Set: 5.4ms
[2022-06-19T17:07:23.469-0700][gc,phases   ] GC(101)   Other: 16.4ms
[2022-06-19T17:07:23.469-0700][gc,heap     ] GC(101) Eden regions: 48->0(47)
[2022-06-19T17:07:23.469-0700][gc,heap     ] GC(101) Survivor regions: 3->4(7)
[2022-06-19T17:07:23.469-0700][gc,heap     ] GC(101) Old regions: 33->33
[2022-06-19T17:07:23.469-0700][gc,heap     ] GC(101) Archive regions: 2->2
[2022-06-19T17:07:23.469-0700][gc,heap     ] GC(101) Humongous regions: 129->129
[2022-06-19T17:07:23.471-0700][gc,metaspace] GC(101) Metaspace: 41948K(42624K)->41948K(42624K) NonClass: 37081K(37440K)->37081K(37440K) Class: 4867K(5184K)->4867K(5184K)
[2022-06-19T17:07:23.473-0700][gc          ] GC(101) Pause Young (Normal) (G1 Evacuation Pause) 213M->166M(1024M) 172.189ms
[2022-06-19T17:07:23.473-0700][gc,cpu      ] GC(101) User=0.05s Sys=0.07s Real=0.17s
[2022-06-19T17:16:51.908-0700][gc,start    ] GC(102) Pause Young (Normal) (G1 Evacuation Pause)
[2022-06-19T17:16:51.912-0700][gc,task     ] GC(102) Using 8 workers of 8 for evacuation
[2022-06-19T17:16:51.993-0700][gc,mmu      ] GC(102) MMU target violated: 21.0ms (20.0ms/21.0ms)
[2022-06-19T17:16:51.993-0700][gc,phases   ] GC(102)   Pre Evacuate Collection Set: 15.0ms
[2022-06-19T17:16:51.993-0700][gc,phases   ] GC(102)   Merge Heap Roots: 1.6ms
[2022-06-19T17:16:51.993-0700][gc,phases   ] GC(102)   Evacuate Collection Set: 50.1ms
[2022-06-19T17:16:51.993-0700][gc,phases   ] GC(102)   Post Evacuate Collection Set: 4.3ms
[2022-06-19T17:16:51.993-0700][gc,phases   ] GC(102)   Other: 11.2ms
[2022-06-19T17:16:51.994-0700][gc,heap     ] GC(102) Eden regions: 47->0(48)
[2022-06-19T17:16:51.994-0700][gc,heap     ] GC(102) Survivor regions: 4->3(7)
[2022-06-19T17:16:51.994-0700][gc,heap     ] GC(102) Old regions: 33->33
[2022-06-19T17:16:51.994-0700][gc,heap     ] GC(102) Archive regions: 2->2
[2022-06-19T17:16:51.994-0700][gc,heap     ] GC(102) Humongous regions: 129->129
[2022-06-19T17:16:51.996-0700][gc,metaspace] GC(102) Metaspace: 41948K(42624K)->41948K(42624K) NonClass: 37081K(37440K)->37081K(37440K) Class: 4867K(5184K)->4867K(5184K)
[2022-06-19T17:16:51.997-0700][gc          ] GC(102) Pause Young (Normal) (G1 Evacuation Pause) 213M->165M(1024M) 90.632ms
[2022-06-19T17:16:51.997-0700][gc,cpu      ] GC(102) User=0.01s Sys=0.06s Real=0.09s
[2022-06-19T17:26:33.722-0700][gc,start    ] GC(103) Pause Young (Normal) (G1 Evacuation Pause)
[2022-06-19T17:26:33.725-0700][gc,task     ] GC(103) Using 8 workers of 8 for evacuation
[2022-06-19T17:26:33.789-0700][gc,mmu      ] GC(103) MMU target violated: 21.0ms (20.0ms/21.0ms)
[2022-06-19T17:26:33.790-0700][gc,phases   ] GC(103)   Pre Evacuate Collection Set: 8.2ms
[2022-06-19T17:26:33.790-0700][gc,phases   ] GC(103)   Merge Heap Roots: 1.1ms
[2022-06-19T17:26:33.790-0700][gc,phases   ] GC(103)   Evacuate Collection Set: 43.7ms
[2022-06-19T17:26:33.790-0700][gc,phases   ] GC(103)   Post Evacuate Collection Set: 4.7ms
[2022-06-19T17:26:33.790-0700][gc,phases   ] GC(103)   Other: 7.5ms
[2022-06-19T17:26:33.791-0700][gc,heap     ] GC(103) Eden regions: 48->0(48)
[2022-06-19T17:26:33.791-0700][gc,heap     ] GC(103) Survivor regions: 3->3(7)
[2022-06-19T17:26:33.791-0700][gc,heap     ] GC(103) Old regions: 33->33
[2022-06-19T17:26:33.791-0700][gc,heap     ] GC(103) Archive regions: 2->2
[2022-06-19T17:26:33.791-0700][gc,heap     ] GC(103) Humongous regions: 129->129
[2022-06-19T17:26:33.793-0700][gc,metaspace] GC(103) Metaspace: 41948K(42624K)->41948K(42624K) NonClass: 37081K(37440K)->37081K(37440K) Class: 4867K(5184K)->4867K(5184K)
[2022-06-19T17:26:33.793-0700][gc          ] GC(103) Pause Young (Normal) (G1 Evacuation Pause) 213M->165M(1024M) 71.691ms
[2022-06-19T17:26:33.793-0700][gc,cpu      ] GC(103) User=0.01s Sys=0.07s Real=0.07s
[2022-06-19T17:36:17.404-0700][gc,start    ] GC(104) Pause Young (Normal) (G1 Evacuation Pause)
[2022-06-19T17:36:17.406-0700][gc,task     ] GC(104) Using 8 workers of 8 for evacuation
[2022-06-19T17:36:17.499-0700][gc,mmu      ] GC(104) MMU target violated: 21.0ms (20.0ms/21.0ms)
[2022-06-19T17:36:17.500-0700][gc,phases   ] GC(104)   Pre Evacuate Collection Set: 4.7ms
[2022-06-19T17:36:17.500-0700][gc,phases   ] GC(104)   Merge Heap Roots: 1.5ms
[2022-06-19T17:36:17.500-0700][gc,phases   ] GC(104)   Evacuate Collection Set: 69.3ms
[2022-06-19T17:36:17.500-0700][gc,phases   ] GC(104)   Post Evacuate Collection Set: 5.8ms
[2022-06-19T17:36:17.500-0700][gc,phases   ] GC(104)   Other: 12.9ms
[2022-06-19T17:36:17.500-0700][gc,heap     ] GC(104) Eden regions: 48->0(47)
[2022-06-19T17:36:17.500-0700][gc,heap     ] GC(104) Survivor regions: 3->4(7)
[2022-06-19T17:36:17.500-0700][gc,heap     ] GC(104) Old regions: 33->33
[2022-06-19T17:36:17.500-0700][gc,heap     ] GC(104) Archive regions: 2->2
[2022-06-19T17:36:17.500-0700][gc,heap     ] GC(104) Humongous regions: 129->129
[2022-06-19T17:36:17.500-0700][gc,metaspace] GC(104) Metaspace: 41950K(42624K)->41950K(42624K) NonClass: 37082K(37440K)->37082K(37440K) Class: 4867K(5184K)->4867K(5184K)
[2022-06-19T17:36:17.500-0700][gc          ] GC(104) Pause Young (Normal) (G1 Evacuation Pause) 213M->165M(1024M) 95.239ms
[2022-06-19T17:36:17.500-0700][gc,cpu      ] GC(104) User=0.03s Sys=0.08s Real=0.10s
[2022-06-19T17:45:12.895-0700][gc,start    ] GC(105) Pause Young (Normal) (G1 Evacuation Pause)
[2022-06-19T17:45:12.899-0700][gc,task     ] GC(105) Using 8 workers of 8 for evacuation
[2022-06-19T17:45:13.115-0700][gc,mmu      ] GC(105) MMU target violated: 21.0ms (20.0ms/21.0ms)
[2022-06-19T17:45:13.118-0700][gc,phases   ] GC(105)   Pre Evacuate Collection Set: 6.6ms
[2022-06-19T17:45:13.118-0700][gc,phases   ] GC(105)   Merge Heap Roots: 0.7ms
[2022-06-19T17:45:13.118-0700][gc,phases   ] GC(105)   Evacuate Collection Set: 184.6ms
[2022-06-19T17:45:13.118-0700][gc,phases   ] GC(105)   Post Evacuate Collection Set: 0.9ms
[2022-06-19T17:45:13.118-0700][gc,phases   ] GC(105)   Other: 24.8ms
[2022-06-19T17:45:13.120-0700][gc,heap     ] GC(105) Eden regions: 47->0(47)
[2022-06-19T17:45:13.120-0700][gc,heap     ] GC(105) Survivor regions: 4->4(7)
[2022-06-19T17:45:13.120-0700][gc,heap     ] GC(105) Old regions: 33->33
[2022-06-19T17:45:13.120-0700][gc,heap     ] GC(105) Archive regions: 2->2
[2022-06-19T17:45:13.120-0700][gc,heap     ] GC(105) Humongous regions: 129->129
[2022-06-19T17:45:13.120-0700][gc,metaspace] GC(105) Metaspace: 41950K(42624K)->41950K(42624K) NonClass: 37083K(37440K)->37083K(37440K) Class: 4867K(5184K)->4867K(5184K)
[2022-06-19T17:45:13.121-0700][gc          ] GC(105) Pause Young (Normal) (G1 Evacuation Pause) 212M->166M(1024M) 227.048ms
[2022-06-19T17:45:13.121-0700][gc,cpu      ] GC(105) User=0.10s Sys=0.07s Real=0.23s
[2022-06-19T17:54:45.271-0700][gc,start    ] GC(106) Pause Young (Normal) (G1 Evacuation Pause)
[2022-06-19T17:54:45.343-0700][gc,task     ] GC(106) Using 8 workers of 8 for evacuation
[2022-06-19T17:54:45.700-0700][gc,mmu      ] GC(106) MMU target violated: 21.0ms (20.0ms/21.0ms)
[2022-06-19T17:54:45.878-0700][gc,phases   ] GC(106)   Pre Evacuate Collection Set: 23.5ms
[2022-06-19T17:54:45.878-0700][gc,phases   ] GC(106)   Merge Heap Roots: 15.8ms
[2022-06-19T17:54:45.878-0700][gc,phases   ] GC(106)   Evacuate Collection Set: 78.4ms
[2022-06-19T17:54:45.878-0700][gc,phases   ] GC(106)   Post Evacuate Collection Set: 4.9ms
[2022-06-19T17:54:45.878-0700][gc,phases   ] GC(106)   Other: 416.9ms
[2022-06-19T17:54:45.879-0700][gc,heap     ] GC(106) Eden regions: 47->0(48)
[2022-06-19T17:54:45.879-0700][gc,heap     ] GC(106) Survivor regions: 4->3(7)
[2022-06-19T17:54:45.879-0700][gc,heap     ] GC(106) Old regions: 33->33
[2022-06-19T17:54:45.879-0700][gc,heap     ] GC(106) Archive regions: 2->2
[2022-06-19T17:54:45.879-0700][gc,heap     ] GC(106) Humongous regions: 129->129
[2022-06-19T17:54:45.879-0700][gc,metaspace] GC(106) Metaspace: 41951K(42624K)->41951K(42624K) NonClass: 37084K(37440K)->37084K(37440K) Class: 4867K(5184K)->4867K(5184K)
[2022-06-19T17:54:45.880-0700][gc          ] GC(106) Pause Young (Normal) (G1 Evacuation Pause) 213M->165M(1024M) 611.010ms
[2022-06-19T17:54:45.880-0700][gc,cpu      ] GC(106) User=0.01s Sys=0.06s Real=0.62s
[2022-06-19T18:04:31.452-0700][gc,start    ] GC(107) Pause Young (Normal) (G1 Evacuation Pause)
[2022-06-19T18:04:31.464-0700][gc,task     ] GC(107) Using 8 workers of 8 for evacuation
[2022-06-19T18:04:31.573-0700][gc,mmu      ] GC(107) MMU target violated: 21.0ms (20.0ms/21.0ms)
[2022-06-19T18:04:31.573-0700][gc,phases   ] GC(107)   Pre Evacuate Collection Set: 8.2ms
[2022-06-19T18:04:31.573-0700][gc,phases   ] GC(107)   Merge Heap Roots: 9.5ms
[2022-06-19T18:04:31.573-0700][gc,phases   ] GC(107)   Evacuate Collection Set: 66.6ms
[2022-06-19T18:04:31.573-0700][gc,phases   ] GC(107)   Post Evacuate Collection Set: 13.3ms
[2022-06-19T18:04:31.573-0700][gc,phases   ] GC(107)   Other: 16.1ms
[2022-06-19T18:04:31.574-0700][gc,heap     ] GC(107) Eden regions: 48->0(48)
[2022-06-19T18:04:31.574-0700][gc,heap     ] GC(107) Survivor regions: 3->3(7)
[2022-06-19T18:04:31.574-0700][gc,heap     ] GC(107) Old regions: 33->33
[2022-06-19T18:04:31.574-0700][gc,heap     ] GC(107) Archive regions: 2->2
[2022-06-19T18:04:31.574-0700][gc,heap     ] GC(107) Humongous regions: 129->129
[2022-06-19T18:04:31.575-0700][gc,metaspace] GC(107) Metaspace: 41951K(42624K)->41951K(42624K) NonClass: 37084K(37440K)->37084K(37440K) Class: 4867K(5184K)->4867K(5184K)
[2022-06-19T18:04:31.575-0700][gc          ] GC(107) Pause Young (Normal) (G1 Evacuation Pause) 213M->165M(1024M) 124.867ms
[2022-06-19T18:04:31.575-0700][gc,cpu      ] GC(107) User=0.02s Sys=0.05s Real=0.12s
[2022-06-19T18:14:13.152-0700][gc,start    ] GC(108) Pause Young (Normal) (G1 Evacuation Pause)
[2022-06-19T18:14:13.157-0700][gc,task     ] GC(108) Using 8 workers of 8 for evacuation
[2022-06-19T18:14:13.307-0700][gc,mmu      ] GC(108) MMU target violated: 21.0ms (20.0ms/21.0ms)
[2022-06-19T18:14:13.309-0700][gc,phases   ] GC(108)   Pre Evacuate Collection Set: 17.0ms
[2022-06-19T18:14:13.309-0700][gc,phases   ] GC(108)   Merge Heap Roots: 2.6ms
[2022-06-19T18:14:13.309-0700][gc,phases   ] GC(108)   Evacuate Collection Set: 118.4ms
[2022-06-19T18:14:13.309-0700][gc,phases   ] GC(108)   Post Evacuate Collection Set: 6.9ms
[2022-06-19T18:14:13.309-0700][gc,phases   ] GC(108)   Other: 4.5ms
[2022-06-19T18:14:13.311-0700][gc,heap     ] GC(108) Eden regions: 48->0(47)
[2022-06-19T18:14:13.311-0700][gc,heap     ] GC(108) Survivor regions: 3->4(7)
[2022-06-19T18:14:13.311-0700][gc,heap     ] GC(108) Old regions: 33->33
[2022-06-19T18:14:13.311-0700][gc,heap     ] GC(108) Archive regions: 2->2
[2022-06-19T18:14:13.311-0700][gc,heap     ] GC(108) Humongous regions: 129->129
[2022-06-19T18:14:13.311-0700][gc,metaspace] GC(108) Metaspace: 41954K(42624K)->41954K(42624K) NonClass: 37087K(37440K)->37087K(37440K) Class: 4867K(5184K)->4867K(5184K)
[2022-06-19T18:14:13.311-0700][gc          ] GC(108) Pause Young (Normal) (G1 Evacuation Pause) 213M->165M(1024M) 160.703ms
[2022-06-19T18:14:13.311-0700][gc,cpu      ] GC(108) User=0.03s Sys=0.04s Real=0.16s
[2022-06-19T18:23:40.688-0700][gc,start    ] GC(109) Pause Young (Normal) (G1 Evacuation Pause)
[2022-06-19T18:23:40.699-0700][gc,task     ] GC(109) Using 8 workers of 8 for evacuation
[2022-06-19T18:23:40.767-0700][gc,mmu      ] GC(109) MMU target violated: 21.0ms (20.0ms/21.0ms)
[2022-06-19T18:23:40.768-0700][gc,phases   ] GC(109)   Pre Evacuate Collection Set: 9.3ms
[2022-06-19T18:23:40.768-0700][gc,phases   ] GC(109)   Merge Heap Roots: 3.4ms
[2022-06-19T18:23:40.768-0700][gc,phases   ] GC(109)   Evacuate Collection Set: 35.3ms
[2022-06-19T18:23:40.768-0700][gc,phases   ] GC(109)   Post Evacuate Collection Set: 4.5ms
[2022-06-19T18:23:40.768-0700][gc,phases   ] GC(109)   Other: 17.5ms
[2022-06-19T18:23:40.770-0700][gc,heap     ] GC(109) Eden regions: 47->0(48)
[2022-06-19T18:23:40.770-0700][gc,heap     ] GC(109) Survivor regions: 4->3(7)
[2022-06-19T18:23:40.770-0700][gc,heap     ] GC(109) Old regions: 33->33
[2022-06-19T18:23:40.770-0700][gc,heap     ] GC(109) Archive regions: 2->2
[2022-06-19T18:23:40.770-0700][gc,heap     ] GC(109) Humongous regions: 129->129
[2022-06-19T18:23:40.770-0700][gc,metaspace] GC(109) Metaspace: 41955K(42624K)->41955K(42624K) NonClass: 37087K(37440K)->37087K(37440K) Class: 4867K(5184K)->4867K(5184K)
[2022-06-19T18:23:40.770-0700][gc          ] GC(109) Pause Young (Normal) (G1 Evacuation Pause) 212M->164M(1024M) 85.702ms
[2022-06-19T18:23:40.770-0700][gc,cpu      ] GC(109) User=0.00s Sys=0.02s Real=0.09s
[2022-06-19T18:33:21.001-0700][gc,start    ] GC(110) Pause Young (Normal) (G1 Evacuation Pause)
[2022-06-19T18:33:21.002-0700][gc,task     ] GC(110) Using 8 workers of 8 for evacuation
[2022-06-19T18:33:21.035-0700][gc,mmu      ] GC(110) MMU target violated: 21.0ms (20.0ms/21.0ms)
[2022-06-19T18:33:21.035-0700][gc,phases   ] GC(110)   Pre Evacuate Collection Set: 5.3ms
[2022-06-19T18:33:21.036-0700][gc,phases   ] GC(110)   Merge Heap Roots: 1.4ms
[2022-06-19T18:33:21.036-0700][gc,phases   ] GC(110)   Evacuate Collection Set: 21.2ms
[2022-06-19T18:33:21.036-0700][gc,phases   ] GC(110)   Post Evacuate Collection Set: 1.2ms
[2022-06-19T18:33:21.036-0700][gc,phases   ] GC(110)   Other: 4.4ms
[2022-06-19T18:33:21.036-0700][gc,heap     ] GC(110) Eden regions: 48->0(48)
[2022-06-19T18:33:21.036-0700][gc,heap     ] GC(110) Survivor regions: 3->3(7)
[2022-06-19T18:33:21.036-0700][gc,heap     ] GC(110) Old regions: 33->33
[2022-06-19T18:33:21.036-0700][gc,heap     ] GC(110) Archive regions: 2->2
[2022-06-19T18:33:21.036-0700][gc,heap     ] GC(110) Humongous regions: 129->129
[2022-06-19T18:33:21.036-0700][gc,metaspace] GC(110) Metaspace: 41955K(42624K)->41955K(42624K) NonClass: 37087K(37440K)->37087K(37440K) Class: 4867K(5184K)->4867K(5184K)
[2022-06-19T18:33:21.036-0700][gc          ] GC(110) Pause Young (Normal) (G1 Evacuation Pause) 212M->165M(1024M) 35.089ms
[2022-06-19T18:33:21.036-0700][gc,cpu      ] GC(110) User=0.02s Sys=0.05s Real=0.03s
[2022-06-19T18:42:31.502-0700][gc,start    ] GC(111) Pause Young (Normal) (G1 Evacuation Pause)
[2022-06-19T18:42:31.503-0700][gc,task     ] GC(111) Using 8 workers of 8 for evacuation
[2022-06-19T18:42:31.544-0700][gc,mmu      ] GC(111) MMU target violated: 21.0ms (20.0ms/21.0ms)
[2022-06-19T18:42:31.544-0700][gc,phases   ] GC(111)   Pre Evacuate Collection Set: 4.2ms
[2022-06-19T18:42:31.544-0700][gc,phases   ] GC(111)   Merge Heap Roots: 1.3ms
[2022-06-19T18:42:31.544-0700][gc,phases   ] GC(111)   Evacuate Collection Set: 27.2ms
[2022-06-19T18:42:31.544-0700][gc,phases   ] GC(111)   Post Evacuate Collection Set: 3.0ms
[2022-06-19T18:42:31.544-0700][gc,phases   ] GC(111)   Other: 4.7ms
[2022-06-19T18:42:31.544-0700][gc,heap     ] GC(111) Eden regions: 48->0(48)
[2022-06-19T18:42:31.544-0700][gc,heap     ] GC(111) Survivor regions: 3->3(7)
[2022-06-19T18:42:31.544-0700][gc,heap     ] GC(111) Old regions: 33->33
[2022-06-19T18:42:31.544-0700][gc,heap     ] GC(111) Archive regions: 2->2
[2022-06-19T18:42:31.544-0700][gc,heap     ] GC(111) Humongous regions: 129->129
[2022-06-19T18:42:31.544-0700][gc,metaspace] GC(111) Metaspace: 41957K(42624K)->41957K(42624K) NonClass: 37089K(37440K)->37089K(37440K) Class: 4867K(5184K)->4867K(5184K)
[2022-06-19T18:42:31.544-0700][gc          ] GC(111) Pause Young (Normal) (G1 Evacuation Pause) 213M->165M(1024M) 41.857ms
[2022-06-19T18:42:31.544-0700][gc,cpu      ] GC(111) User=0.01s Sys=0.04s Real=0.04s
[2022-06-19T18:52:12.633-0700][gc,start    ] GC(112) Pause Young (Normal) (G1 Evacuation Pause)
[2022-06-19T18:52:12.634-0700][gc,task     ] GC(112) Using 8 workers of 8 for evacuation
[2022-06-19T18:52:12.684-0700][gc,mmu      ] GC(112) MMU target violated: 21.0ms (20.0ms/21.0ms)
[2022-06-19T18:52:12.684-0700][gc,phases   ] GC(112)   Pre Evacuate Collection Set: 3.3ms
[2022-06-19T18:52:12.684-0700][gc,phases   ] GC(112)   Merge Heap Roots: 9.7ms
[2022-06-19T18:52:12.684-0700][gc,phases   ] GC(112)   Evacuate Collection Set: 24.6ms
[2022-06-19T18:52:12.684-0700][gc,phases   ] GC(112)   Post Evacuate Collection Set: 10.3ms
[2022-06-19T18:52:12.684-0700][gc,phases   ] GC(112)   Other: 2.5ms
[2022-06-19T18:52:12.684-0700][gc,heap     ] GC(112) Eden regions: 48->0(47)
[2022-06-19T18:52:12.684-0700][gc,heap     ] GC(112) Survivor regions: 3->4(7)
[2022-06-19T18:52:12.684-0700][gc,heap     ] GC(112) Old regions: 33->33
[2022-06-19T18:52:12.684-0700][gc,heap     ] GC(112) Archive regions: 2->2
[2022-06-19T18:52:12.684-0700][gc,heap     ] GC(112) Humongous regions: 129->129
[2022-06-19T18:52:12.684-0700][gc,metaspace] GC(112) Metaspace: 41957K(42624K)->41957K(42624K) NonClass: 37090K(37440K)->37090K(37440K) Class: 4867K(5184K)->4867K(5184K)
[2022-06-19T18:52:12.685-0700][gc          ] GC(112) Pause Young (Normal) (G1 Evacuation Pause) 213M->166M(1024M) 51.219ms
[2022-06-19T18:52:12.685-0700][gc,cpu      ] GC(112) User=0.02s Sys=0.06s Real=0.05s
[2022-06-19T19:01:33.514-0700][gc,start    ] GC(113) Pause Young (Normal) (G1 Evacuation Pause)
[2022-06-19T19:01:33.516-0700][gc,task     ] GC(113) Using 8 workers of 8 for evacuation
[2022-06-19T19:01:33.548-0700][gc,mmu      ] GC(113) MMU target violated: 21.0ms (20.0ms/21.0ms)
[2022-06-19T19:01:33.548-0700][gc,phases   ] GC(113)   Pre Evacuate Collection Set: 7.9ms
[2022-06-19T19:01:33.548-0700][gc,phases   ] GC(113)   Merge Heap Roots: 1.1ms
[2022-06-19T19:01:33.548-0700][gc,phases   ] GC(113)   Evacuate Collection Set: 13.6ms
[2022-06-19T19:01:33.548-0700][gc,phases   ] GC(113)   Post Evacuate Collection Set: 1.9ms
[2022-06-19T19:01:33.548-0700][gc,phases   ] GC(113)   Other: 7.5ms
[2022-06-19T19:01:33.548-0700][gc,heap     ] GC(113) Eden regions: 47->0(48)
[2022-06-19T19:01:33.548-0700][gc,heap     ] GC(113) Survivor regions: 4->3(7)
[2022-06-19T19:01:33.548-0700][gc,heap     ] GC(113) Old regions: 33->33
[2022-06-19T19:01:33.548-0700][gc,heap     ] GC(113) Archive regions: 2->2
[2022-06-19T19:01:33.548-0700][gc,heap     ] GC(113) Humongous regions: 129->129
[2022-06-19T19:01:33.548-0700][gc,metaspace] GC(113) Metaspace: 41957K(42624K)->41957K(42624K) NonClass: 37090K(37440K)->37090K(37440K) Class: 4867K(5184K)->4867K(5184K)
[2022-06-19T19:01:33.548-0700][gc          ] GC(113) Pause Young (Normal) (G1 Evacuation Pause) 213M->164M(1024M) 33.830ms
[2022-06-19T19:01:33.548-0700][gc,cpu      ] GC(113) User=0.01s Sys=0.04s Real=0.03s
[2022-06-19T19:11:15.310-0700][gc,start    ] GC(114) Pause Young (Normal) (G1 Evacuation Pause)
[2022-06-19T19:11:15.312-0700][gc,task     ] GC(114) Using 8 workers of 8 for evacuation
[2022-06-19T19:11:15.354-0700][gc,mmu      ] GC(114) MMU target violated: 21.0ms (20.0ms/21.0ms)
[2022-06-19T19:11:15.354-0700][gc,phases   ] GC(114)   Pre Evacuate Collection Set: 14.1ms
[2022-06-19T19:11:15.354-0700][gc,phases   ] GC(114)   Merge Heap Roots: 0.5ms
[2022-06-19T19:11:15.354-0700][gc,phases   ] GC(114)   Evacuate Collection Set: 22.3ms
[2022-06-19T19:11:15.354-0700][gc,phases   ] GC(114)   Post Evacuate Collection Set: 3.6ms
[2022-06-19T19:11:15.354-0700][gc,phases   ] GC(114)   Other: 3.2ms
[2022-06-19T19:11:15.354-0700][gc,heap     ] GC(114) Eden regions: 48->0(48)
[2022-06-19T19:11:15.354-0700][gc,heap     ] GC(114) Survivor regions: 3->3(7)
[2022-06-19T19:11:15.354-0700][gc,heap     ] GC(114) Old regions: 33->33
[2022-06-19T19:11:15.354-0700][gc,heap     ] GC(114) Archive regions: 2->2
[2022-06-19T19:11:15.354-0700][gc,heap     ] GC(114) Humongous regions: 129->129
[2022-06-19T19:11:15.354-0700][gc,metaspace] GC(114) Metaspace: 41978K(42688K)->41978K(42688K) NonClass: 37111K(37504K)->37111K(37504K) Class: 4867K(5184K)->4867K(5184K)
[2022-06-19T19:11:15.354-0700][gc          ] GC(114) Pause Young (Normal) (G1 Evacuation Pause) 212M->165M(1024M) 45.821ms
[2022-06-19T19:11:15.354-0700][gc,cpu      ] GC(114) User=0.01s Sys=0.04s Real=0.05s
[2022-06-19T19:20:57.794-0700][gc,start    ] GC(115) Pause Young (Normal) (G1 Evacuation Pause)
[2022-06-19T19:20:57.798-0700][gc,task     ] GC(115) Using 8 workers of 8 for evacuation
[2022-06-19T19:20:57.911-0700][gc,mmu      ] GC(115) MMU target violated: 21.0ms (20.0ms/21.0ms)
[2022-06-19T19:20:57.911-0700][gc,phases   ] GC(115)   Pre Evacuate Collection Set: 8.7ms
[2022-06-19T19:20:57.911-0700][gc,phases   ] GC(115)   Merge Heap Roots: 3.0ms
[2022-06-19T19:20:57.911-0700][gc,phases   ] GC(115)   Evacuate Collection Set: 89.3ms
[2022-06-19T19:20:57.911-0700][gc,phases   ] GC(115)   Post Evacuate Collection Set: 7.7ms
[2022-06-19T19:20:57.911-0700][gc,phases   ] GC(115)   Other: 5.1ms
[2022-06-19T19:20:57.912-0700][gc,heap     ] GC(115) Eden regions: 48->0(47)
[2022-06-19T19:20:57.912-0700][gc,heap     ] GC(115) Survivor regions: 3->4(7)
[2022-06-19T19:20:57.912-0700][gc,heap     ] GC(115) Old regions: 33->33
[2022-06-19T19:20:57.912-0700][gc,heap     ] GC(115) Archive regions: 2->2
[2022-06-19T19:20:57.912-0700][gc,heap     ] GC(115) Humongous regions: 129->129
[2022-06-19T19:20:57.913-0700][gc,metaspace] GC(115) Metaspace: 41978K(42688K)->41978K(42688K) NonClass: 37111K(37504K)->37111K(37504K) Class: 4867K(5184K)->4867K(5184K)
[2022-06-19T19:20:57.914-0700][gc          ] GC(115) Pause Young (Normal) (G1 Evacuation Pause) 213M->165M(1024M) 121.294ms
[2022-06-19T19:20:57.914-0700][gc,cpu      ] GC(115) User=0.03s Sys=0.07s Real=0.12s
[2022-06-19T19:30:31.267-0700][gc,start    ] GC(116) Pause Young (Normal) (G1 Evacuation Pause)
[2022-06-19T19:30:31.269-0700][gc,task     ] GC(116) Using 8 workers of 8 for evacuation
[2022-06-19T19:30:31.548-0700][gc,mmu      ] GC(116) MMU target violated: 21.0ms (20.0ms/21.0ms)
[2022-06-19T19:30:31.553-0700][gc,phases   ] GC(116)   Pre Evacuate Collection Set: 52.3ms
[2022-06-19T19:30:31.553-0700][gc,phases   ] GC(116)   Merge Heap Roots: 3.3ms
[2022-06-19T19:30:31.553-0700][gc,phases   ] GC(116)   Evacuate Collection Set: 196.8ms
[2022-06-19T19:30:31.553-0700][gc,phases   ] GC(116)   Post Evacuate Collection Set: 16.5ms
[2022-06-19T19:30:31.553-0700][gc,phases   ] GC(116)   Other: 13.8ms
[2022-06-19T19:30:31.555-0700][gc,heap     ] GC(116) Eden regions: 47->0(47)
[2022-06-19T19:30:31.556-0700][gc,heap     ] GC(116) Survivor regions: 4->4(7)
[2022-06-19T19:30:31.556-0700][gc,heap     ] GC(116) Old regions: 33->33
[2022-06-19T19:30:31.556-0700][gc,heap     ] GC(116) Archive regions: 2->2
[2022-06-19T19:30:31.556-0700][gc,heap     ] GC(116) Humongous regions: 129->129
[2022-06-19T19:30:31.556-0700][gc,metaspace] GC(116) Metaspace: 41979K(42688K)->41979K(42688K) NonClass: 37112K(37504K)->37112K(37504K) Class: 4867K(5184K)->4867K(5184K)
[2022-06-19T19:30:31.556-0700][gc          ] GC(116) Pause Young (Normal) (G1 Evacuation Pause) 212M->166M(1024M) 289.705ms
[2022-06-19T19:30:31.556-0700][gc,cpu      ] GC(116) User=0.07s Sys=0.06s Real=0.29s
[2022-06-19T19:39:26.339-0700][gc,start    ] GC(117) Pause Young (Normal) (G1 Evacuation Pause)
[2022-06-19T19:39:26.343-0700][gc,task     ] GC(117) Using 8 workers of 8 for evacuation
[2022-06-19T19:39:26.389-0700][gc,mmu      ] GC(117) MMU target violated: 21.0ms (20.0ms/21.0ms)
[2022-06-19T19:39:26.389-0700][gc,phases   ] GC(117)   Pre Evacuate Collection Set: 7.6ms
[2022-06-19T19:39:26.389-0700][gc,phases   ] GC(117)   Merge Heap Roots: 2.4ms
[2022-06-19T19:39:26.389-0700][gc,phases   ] GC(117)   Evacuate Collection Set: 24.0ms
[2022-06-19T19:39:26.389-0700][gc,phases   ] GC(117)   Post Evacuate Collection Set: 1.9ms
[2022-06-19T19:39:26.389-0700][gc,phases   ] GC(117)   Other: 10.7ms
[2022-06-19T19:39:26.389-0700][gc,heap     ] GC(117) Eden regions: 47->0(48)
[2022-06-19T19:39:26.389-0700][gc,heap     ] GC(117) Survivor regions: 4->3(7)
[2022-06-19T19:39:26.389-0700][gc,heap     ] GC(117) Old regions: 33->33
[2022-06-19T19:39:26.389-0700][gc,heap     ] GC(117) Archive regions: 2->2
[2022-06-19T19:39:26.389-0700][gc,heap     ] GC(117) Humongous regions: 129->129
[2022-06-19T19:39:26.390-0700][gc,metaspace] GC(117) Metaspace: 41989K(42688K)->41989K(42688K) NonClass: 37122K(37504K)->37122K(37504K) Class: 4867K(5184K)->4867K(5184K)
[2022-06-19T19:39:26.390-0700][gc          ] GC(117) Pause Young (Normal) (G1 Evacuation Pause) 213M->165M(1024M) 51.843ms
[2022-06-19T19:39:26.390-0700][gc,cpu      ] GC(117) User=0.01s Sys=0.05s Real=0.06s
[2022-06-19T19:49:08.581-0700][gc,start    ] GC(118) Pause Young (Normal) (G1 Evacuation Pause)
[2022-06-19T19:49:08.597-0700][gc,task     ] GC(118) Using 8 workers of 8 for evacuation
[2022-06-19T19:49:08.866-0700][gc,mmu      ] GC(118) MMU target violated: 21.0ms (20.0ms/21.0ms)
[2022-06-19T19:49:08.883-0700][gc,phases   ] GC(118)   Pre Evacuate Collection Set: 9.1ms
[2022-06-19T19:49:08.883-0700][gc,phases   ] GC(118)   Merge Heap Roots: 1.0ms
[2022-06-19T19:49:08.883-0700][gc,phases   ] GC(118)   Evacuate Collection Set: 95.6ms
[2022-06-19T19:49:08.883-0700][gc,phases   ] GC(118)   Post Evacuate Collection Set: 2.4ms
[2022-06-19T19:49:08.883-0700][gc,phases   ] GC(118)   Other: 178.2ms
[2022-06-19T19:49:08.884-0700][gc,heap     ] GC(118) Eden regions: 48->0(48)
[2022-06-19T19:49:08.884-0700][gc,heap     ] GC(118) Survivor regions: 3->3(7)
[2022-06-19T19:49:08.884-0700][gc,heap     ] GC(118) Old regions: 33->33
[2022-06-19T19:49:08.884-0700][gc,heap     ] GC(118) Archive regions: 2->2
[2022-06-19T19:49:08.884-0700][gc,heap     ] GC(118) Humongous regions: 129->129
[2022-06-19T19:49:08.888-0700][gc,metaspace] GC(118) Metaspace: 41989K(42688K)->41989K(42688K) NonClass: 37122K(37504K)->37122K(37504K) Class: 4867K(5184K)->4867K(5184K)
[2022-06-19T19:49:08.891-0700][gc          ] GC(118) Pause Young (Normal) (G1 Evacuation Pause) 213M->165M(1024M) 315.399ms
[2022-06-19T19:49:08.891-0700][gc,cpu      ] GC(118) User=0.01s Sys=0.05s Real=0.32s
[2022-06-19T19:58:50.825-0700][gc,start    ] GC(119) Pause Young (Normal) (G1 Evacuation Pause)
[2022-06-19T19:58:50.827-0700][gc,task     ] GC(119) Using 8 workers of 8 for evacuation
[2022-06-19T19:58:51.025-0700][gc,mmu      ] GC(119) MMU target violated: 21.0ms (20.0ms/21.0ms)
[2022-06-19T19:58:51.028-0700][gc,phases   ] GC(119)   Pre Evacuate Collection Set: 14.6ms
[2022-06-19T19:58:51.028-0700][gc,phases   ] GC(119)   Merge Heap Roots: 5.9ms
[2022-06-19T19:58:51.028-0700][gc,phases   ] GC(119)   Evacuate Collection Set: 153.2ms
[2022-06-19T19:58:51.028-0700][gc,phases   ] GC(119)   Post Evacuate Collection Set: 8.7ms
[2022-06-19T19:58:51.028-0700][gc,phases   ] GC(119)   Other: 16.5ms
[2022-06-19T19:58:51.031-0700][gc,heap     ] GC(119) Eden regions: 48->0(47)
[2022-06-19T19:58:51.031-0700][gc,heap     ] GC(119) Survivor regions: 3->4(7)
[2022-06-19T19:58:51.031-0700][gc,heap     ] GC(119) Old regions: 33->33
[2022-06-19T19:58:51.031-0700][gc,heap     ] GC(119) Archive regions: 2->2
[2022-06-19T19:58:51.031-0700][gc,heap     ] GC(119) Humongous regions: 129->129
[2022-06-19T19:58:51.031-0700][gc,metaspace] GC(119) Metaspace: 41989K(42688K)->41989K(42688K) NonClass: 37122K(37504K)->37122K(37504K) Class: 4867K(5184K)->4867K(5184K)
[2022-06-19T19:58:51.031-0700][gc          ] GC(119) Pause Young (Normal) (G1 Evacuation Pause) 213M->165M(1024M) 206.512ms
[2022-06-19T19:58:51.031-0700][gc,cpu      ] GC(119) User=0.04s Sys=0.05s Real=0.21s
[2022-06-19T20:08:30.193-0700][gc,start    ] GC(120) Pause Young (Normal) (G1 Evacuation Pause)
[2022-06-19T20:08:30.209-0700][gc,task     ] GC(120) Using 8 workers of 8 for evacuation
[2022-06-19T20:08:30.593-0700][gc,mmu      ] GC(120) MMU target violated: 21.0ms (20.0ms/21.0ms)
[2022-06-19T20:08:30.595-0700][gc,phases   ] GC(120)   Pre Evacuate Collection Set: 52.2ms
[2022-06-19T20:08:30.595-0700][gc,phases   ] GC(120)   Merge Heap Roots: 8.0ms
[2022-06-19T20:08:30.595-0700][gc,phases   ] GC(120)   Evacuate Collection Set: 254.0ms
[2022-06-19T20:08:30.595-0700][gc,phases   ] GC(120)   Post Evacuate Collection Set: 23.6ms
[2022-06-19T20:08:30.595-0700][gc,phases   ] GC(120)   Other: 49.3ms
[2022-06-19T20:08:30.597-0700][gc,heap     ] GC(120) Eden regions: 47->0(47)
[2022-06-19T20:08:30.597-0700][gc,heap     ] GC(120) Survivor regions: 4->4(7)
[2022-06-19T20:08:30.597-0700][gc,heap     ] GC(120) Old regions: 33->33
[2022-06-19T20:08:30.597-0700][gc,heap     ] GC(120) Archive regions: 2->2
[2022-06-19T20:08:30.597-0700][gc,heap     ] GC(120) Humongous regions: 129->129
[2022-06-19T20:08:30.600-0700][gc,metaspace] GC(120) Metaspace: 41989K(42688K)->41989K(42688K) NonClass: 37122K(37504K)->37122K(37504K) Class: 4867K(5184K)->4867K(5184K)
[2022-06-19T20:08:30.600-0700][gc          ] GC(120) Pause Young (Normal) (G1 Evacuation Pause) 212M->166M(1024M) 413.471ms
[2022-06-19T20:08:30.600-0700][gc,cpu      ] GC(120) User=0.08s Sys=0.06s Real=0.42s
[2022-06-19T20:18:00.171-0700][gc,start    ] GC(121) Pause Young (Normal) (G1 Evacuation Pause)
[2022-06-19T20:18:00.179-0700][gc,task     ] GC(121) Using 8 workers of 8 for evacuation
[2022-06-19T20:18:00.279-0700][gc,mmu      ] GC(121) MMU target violated: 21.0ms (20.0ms/21.0ms)
[2022-06-19T20:18:00.279-0700][gc,phases   ] GC(121)   Pre Evacuate Collection Set: 8.5ms
[2022-06-19T20:18:00.279-0700][gc,phases   ] GC(121)   Merge Heap Roots: 1.5ms
[2022-06-19T20:18:00.279-0700][gc,phases   ] GC(121)   Evacuate Collection Set: 52.6ms
[2022-06-19T20:18:00.279-0700][gc,phases   ] GC(121)   Post Evacuate Collection Set: 3.3ms
[2022-06-19T20:18:00.279-0700][gc,phases   ] GC(121)   Other: 35.7ms
[2022-06-19T20:18:00.279-0700][gc,heap     ] GC(121) Eden regions: 47->0(48)
[2022-06-19T20:18:00.279-0700][gc,heap     ] GC(121) Survivor regions: 4->3(7)
[2022-06-19T20:18:00.279-0700][gc,heap     ] GC(121) Old regions: 33->33
[2022-06-19T20:18:00.279-0700][gc,heap     ] GC(121) Archive regions: 2->2
[2022-06-19T20:18:00.279-0700][gc,heap     ] GC(121) Humongous regions: 129->129
[2022-06-19T20:18:00.279-0700][gc,metaspace] GC(121) Metaspace: 41989K(42688K)->41989K(42688K) NonClass: 37122K(37504K)->37122K(37504K) Class: 4867K(5184K)->4867K(5184K)
[2022-06-19T20:18:00.280-0700][gc          ] GC(121) Pause Young (Normal) (G1 Evacuation Pause) 213M->165M(1024M) 111.157ms
[2022-06-19T20:18:00.280-0700][gc,cpu      ] GC(121) User=0.01s Sys=0.04s Real=0.12s
[2022-06-19T20:27:44.721-0700][gc,start    ] GC(122) Pause Young (Normal) (G1 Evacuation Pause)
[2022-06-19T20:27:44.725-0700][gc,task     ] GC(122) Using 8 workers of 8 for evacuation
[2022-06-19T20:27:44.828-0700][gc,mmu      ] GC(122) MMU target violated: 21.0ms (20.0ms/21.0ms)
[2022-06-19T20:27:44.829-0700][gc,phases   ] GC(122)   Pre Evacuate Collection Set: 14.0ms
[2022-06-19T20:27:44.829-0700][gc,phases   ] GC(122)   Merge Heap Roots: 2.4ms
[2022-06-19T20:27:44.829-0700][gc,phases   ] GC(122)   Evacuate Collection Set: 72.1ms
[2022-06-19T20:27:44.829-0700][gc,phases   ] GC(122)   Post Evacuate Collection Set: 5.4ms
[2022-06-19T20:27:44.829-0700][gc,phases   ] GC(122)   Other: 11.3ms
[2022-06-19T20:27:44.829-0700][gc,heap     ] GC(122) Eden regions: 48->0(48)
[2022-06-19T20:27:44.829-0700][gc,heap     ] GC(122) Survivor regions: 3->3(7)
[2022-06-19T20:27:44.829-0700][gc,heap     ] GC(122) Old regions: 33->33
[2022-06-19T20:27:44.829-0700][gc,heap     ] GC(122) Archive regions: 2->2
[2022-06-19T20:27:44.829-0700][gc,heap     ] GC(122) Humongous regions: 129->129
[2022-06-19T20:27:44.829-0700][gc,metaspace] GC(122) Metaspace: 41990K(42688K)->41990K(42688K) NonClass: 37123K(37504K)->37123K(37504K) Class: 4867K(5184K)->4867K(5184K)
[2022-06-19T20:27:44.829-0700][gc          ] GC(122) Pause Young (Normal) (G1 Evacuation Pause) 213M->165M(1024M) 108.298ms
[2022-06-19T20:27:44.829-0700][gc,cpu      ] GC(122) User=0.03s Sys=0.06s Real=0.10s
[2022-06-19T20:37:29.348-0700][gc,start    ] GC(123) Pause Young (Normal) (G1 Evacuation Pause)
[2022-06-19T20:37:29.351-0700][gc,task     ] GC(123) Using 8 workers of 8 for evacuation
[2022-06-19T20:37:29.488-0700][gc,mmu      ] GC(123) MMU target violated: 21.0ms (20.0ms/21.0ms)
[2022-06-19T20:37:29.488-0700][gc,phases   ] GC(123)   Pre Evacuate Collection Set: 12.7ms
[2022-06-19T20:37:29.488-0700][gc,phases   ] GC(123)   Merge Heap Roots: 1.0ms
[2022-06-19T20:37:29.488-0700][gc,phases   ] GC(123)   Evacuate Collection Set: 104.9ms
[2022-06-19T20:37:29.488-0700][gc,phases   ] GC(123)   Post Evacuate Collection Set: 3.5ms
[2022-06-19T20:37:29.488-0700][gc,phases   ] GC(123)   Other: 15.8ms
[2022-06-19T20:37:29.488-0700][gc,heap     ] GC(123) Eden regions: 48->0(47)
[2022-06-19T20:37:29.488-0700][gc,heap     ] GC(123) Survivor regions: 3->4(7)
[2022-06-19T20:37:29.488-0700][gc,heap     ] GC(123) Old regions: 33->33
[2022-06-19T20:37:29.488-0700][gc,heap     ] GC(123) Archive regions: 2->2
[2022-06-19T20:37:29.488-0700][gc,heap     ] GC(123) Humongous regions: 129->129
[2022-06-19T20:37:29.488-0700][gc,metaspace] GC(123) Metaspace: 41991K(42688K)->41991K(42688K) NonClass: 37124K(37504K)->37124K(37504K) Class: 4867K(5184K)->4867K(5184K)
[2022-06-19T20:37:29.488-0700][gc          ] GC(123) Pause Young (Normal) (G1 Evacuation Pause) 213M->165M(1024M) 139.837ms
[2022-06-19T20:37:29.488-0700][gc,cpu      ] GC(123) User=0.04s Sys=0.07s Real=0.14s
[2022-06-19T20:46:26.685-0700][gc,start    ] GC(124) Pause Young (Normal) (G1 Evacuation Pause)
[2022-06-19T20:46:26.690-0700][gc,task     ] GC(124) Using 8 workers of 8 for evacuation
[2022-06-19T20:46:26.822-0700][gc,mmu      ] GC(124) MMU target violated: 21.0ms (20.0ms/21.0ms)
[2022-06-19T20:46:26.822-0700][gc,phases   ] GC(124)   Pre Evacuate Collection Set: 10.2ms
[2022-06-19T20:46:26.822-0700][gc,phases   ] GC(124)   Merge Heap Roots: 2.0ms
[2022-06-19T20:46:26.822-0700][gc,phases   ] GC(124)   Evacuate Collection Set: 103.2ms
[2022-06-19T20:46:26.822-0700][gc,phases   ] GC(124)   Post Evacuate Collection Set: 5.6ms
[2022-06-19T20:46:26.822-0700][gc,phases   ] GC(124)   Other: 12.2ms
[2022-06-19T20:46:26.822-0700][gc,heap     ] GC(124) Eden regions: 47->0(47)
[2022-06-19T20:46:26.822-0700][gc,heap     ] GC(124) Survivor regions: 4->4(7)
[2022-06-19T20:46:26.822-0700][gc,heap     ] GC(124) Old regions: 33->33
[2022-06-19T20:46:26.822-0700][gc,heap     ] GC(124) Archive regions: 2->2
[2022-06-19T20:46:26.822-0700][gc,heap     ] GC(124) Humongous regions: 129->129
[2022-06-19T20:46:26.823-0700][gc,metaspace] GC(124) Metaspace: 41991K(42688K)->41991K(42688K) NonClass: 37124K(37504K)->37124K(37504K) Class: 4867K(5184K)->4867K(5184K)
[2022-06-19T20:46:26.823-0700][gc          ] GC(124) Pause Young (Normal) (G1 Evacuation Pause) 212M->166M(1024M) 140.778ms
[2022-06-19T20:46:26.823-0700][gc,cpu      ] GC(124) User=0.04s Sys=0.08s Real=0.14s
[2022-06-19T20:55:53.977-0700][gc,start    ] GC(125) Pause Young (Normal) (G1 Evacuation Pause)
[2022-06-19T20:55:53.979-0700][gc,task     ] GC(125) Using 8 workers of 8 for evacuation
[2022-06-19T20:55:54.077-0700][gc,mmu      ] GC(125) MMU target violated: 21.0ms (20.0ms/21.0ms)
[2022-06-19T20:55:54.078-0700][gc,phases   ] GC(125)   Pre Evacuate Collection Set: 18.7ms
[2022-06-19T20:55:54.078-0700][gc,phases   ] GC(125)   Merge Heap Roots: 0.7ms
[2022-06-19T20:55:54.078-0700][gc,phases   ] GC(125)   Evacuate Collection Set: 55.9ms
[2022-06-19T20:55:54.078-0700][gc,phases   ] GC(125)   Post Evacuate Collection Set: 3.7ms
[2022-06-19T20:55:54.078-0700][gc,phases   ] GC(125)   Other: 19.9ms
[2022-06-19T20:55:54.079-0700][gc,heap     ] GC(125) Eden regions: 47->0(48)
[2022-06-19T20:55:54.079-0700][gc,heap     ] GC(125) Survivor regions: 4->3(7)
[2022-06-19T20:55:54.079-0700][gc,heap     ] GC(125) Old regions: 33->33
[2022-06-19T20:55:54.079-0700][gc,heap     ] GC(125) Archive regions: 2->2
[2022-06-19T20:55:54.079-0700][gc,heap     ] GC(125) Humongous regions: 129->129
[2022-06-19T20:55:54.080-0700][gc,metaspace] GC(125) Metaspace: 41992K(42688K)->41992K(42688K) NonClass: 37125K(37504K)->37125K(37504K) Class: 4867K(5184K)->4867K(5184K)
[2022-06-19T20:55:54.081-0700][gc          ] GC(125) Pause Young (Normal) (G1 Evacuation Pause) 213M->165M(1024M) 104.880ms
[2022-06-19T20:55:54.081-0700][gc,cpu      ] GC(125) User=0.02s Sys=0.05s Real=0.11s
[2022-06-19T21:05:39.731-0700][gc,start    ] GC(126) Pause Young (Normal) (G1 Evacuation Pause)
[2022-06-19T21:05:39.734-0700][gc,task     ] GC(126) Using 8 workers of 8 for evacuation
[2022-06-19T21:05:39.814-0700][gc,mmu      ] GC(126) MMU target violated: 21.0ms (20.0ms/21.0ms)
[2022-06-19T21:05:39.815-0700][gc,phases   ] GC(126)   Pre Evacuate Collection Set: 4.3ms
[2022-06-19T21:05:39.815-0700][gc,phases   ] GC(126)   Merge Heap Roots: 0.6ms
[2022-06-19T21:05:39.815-0700][gc,phases   ] GC(126)   Evacuate Collection Set: 60.8ms
[2022-06-19T21:05:39.815-0700][gc,phases   ] GC(126)   Post Evacuate Collection Set: 4.1ms
[2022-06-19T21:05:39.815-0700][gc,phases   ] GC(126)   Other: 10.6ms
[2022-06-19T21:05:39.815-0700][gc,heap     ] GC(126) Eden regions: 48->0(48)
[2022-06-19T21:05:39.815-0700][gc,heap     ] GC(126) Survivor regions: 3->3(7)
[2022-06-19T21:05:39.815-0700][gc,heap     ] GC(126) Old regions: 33->33
[2022-06-19T21:05:39.815-0700][gc,heap     ] GC(126) Archive regions: 2->2
[2022-06-19T21:05:39.815-0700][gc,heap     ] GC(126) Humongous regions: 129->129
[2022-06-19T21:05:39.818-0700][gc,metaspace] GC(126) Metaspace: 41993K(42688K)->41993K(42688K) NonClass: 37126K(37504K)->37126K(37504K) Class: 4867K(5184K)->4867K(5184K)
[2022-06-19T21:05:39.818-0700][gc          ] GC(126) Pause Young (Normal) (G1 Evacuation Pause) 213M->165M(1024M) 87.795ms
[2022-06-19T21:05:39.818-0700][gc,cpu      ] GC(126) User=0.01s Sys=0.04s Real=0.08s
[2022-06-19T21:15:31.401-0700][gc,start    ] GC(127) Pause Young (Normal) (G1 Evacuation Pause)
[2022-06-19T21:15:31.422-0700][gc,task     ] GC(127) Using 8 workers of 8 for evacuation
[2022-06-19T21:15:31.879-0700][gc,mmu      ] GC(127) MMU target violated: 21.0ms (20.0ms/21.0ms)
[2022-06-19T21:15:31.879-0700][gc,phases   ] GC(127)   Pre Evacuate Collection Set: 44.3ms
[2022-06-19T21:15:31.879-0700][gc,phases   ] GC(127)   Merge Heap Roots: 20.6ms
[2022-06-19T21:15:31.879-0700][gc,phases   ] GC(127)   Evacuate Collection Set: 306.2ms
[2022-06-19T21:15:31.879-0700][gc,phases   ] GC(127)   Post Evacuate Collection Set: 12.9ms
[2022-06-19T21:15:31.879-0700][gc,phases   ] GC(127)   Other: 76.9ms
[2022-06-19T21:15:31.880-0700][gc,heap     ] GC(127) Eden regions: 48->0(47)
[2022-06-19T21:15:31.880-0700][gc,heap     ] GC(127) Survivor regions: 3->4(7)
[2022-06-19T21:15:31.880-0700][gc,heap     ] GC(127) Old regions: 33->33
[2022-06-19T21:15:31.880-0700][gc,heap     ] GC(127) Archive regions: 2->2
[2022-06-19T21:15:31.880-0700][gc,heap     ] GC(127) Humongous regions: 129->129
[2022-06-19T21:15:31.882-0700][gc,metaspace] GC(127) Metaspace: 41993K(42688K)->41993K(42688K) NonClass: 37126K(37504K)->37126K(37504K) Class: 4867K(5184K)->4867K(5184K)
[2022-06-19T21:15:31.883-0700][gc          ] GC(127) Pause Young (Normal) (G1 Evacuation Pause) 213M->165M(1024M) 489.517ms
[2022-06-19T21:15:31.883-0700][gc,cpu      ] GC(127) User=0.07s Sys=0.07s Real=0.49s
[2022-06-19T21:25:08.141-0700][gc,start    ] GC(128) Pause Young (Normal) (G1 Evacuation Pause)
[2022-06-19T21:25:08.146-0700][gc,task     ] GC(128) Using 8 workers of 8 for evacuation
[2022-06-19T21:25:08.250-0700][gc,mmu      ] GC(128) MMU target violated: 21.0ms (20.0ms/21.0ms)
[2022-06-19T21:25:08.251-0700][gc,phases   ] GC(128)   Pre Evacuate Collection Set: 19.5ms
[2022-06-19T21:25:08.251-0700][gc,phases   ] GC(128)   Merge Heap Roots: 3.8ms
[2022-06-19T21:25:08.251-0700][gc,phases   ] GC(128)   Evacuate Collection Set: 65.0ms
[2022-06-19T21:25:08.251-0700][gc,phases   ] GC(128)   Post Evacuate Collection Set: 4.6ms
[2022-06-19T21:25:08.251-0700][gc,phases   ] GC(128)   Other: 11.5ms
[2022-06-19T21:25:08.252-0700][gc,heap     ] GC(128) Eden regions: 47->0(48)
[2022-06-19T21:25:08.252-0700][gc,heap     ] GC(128) Survivor regions: 4->3(7)
[2022-06-19T21:25:08.252-0700][gc,heap     ] GC(128) Old regions: 33->33
[2022-06-19T21:25:08.252-0700][gc,heap     ] GC(128) Archive regions: 2->2
[2022-06-19T21:25:08.252-0700][gc,heap     ] GC(128) Humongous regions: 129->129
[2022-06-19T21:25:08.253-0700][gc,metaspace] GC(128) Metaspace: 41994K(42688K)->41994K(42688K) NonClass: 37127K(37504K)->37127K(37504K) Class: 4867K(5184K)->4867K(5184K)
[2022-06-19T21:25:08.254-0700][gc          ] GC(128) Pause Young (Normal) (G1 Evacuation Pause) 212M->165M(1024M) 114.800ms
[2022-06-19T21:25:08.254-0700][gc,cpu      ] GC(128) User=0.01s Sys=0.06s Real=0.12s
[2022-06-19T21:34:52.622-0700][gc,start    ] GC(129) Pause Young (Normal) (G1 Evacuation Pause)
[2022-06-19T21:34:52.624-0700][gc,task     ] GC(129) Using 8 workers of 8 for evacuation
[2022-06-19T21:34:52.715-0700][gc,mmu      ] GC(129) MMU target violated: 21.0ms (20.0ms/21.0ms)
[2022-06-19T21:34:52.715-0700][gc,phases   ] GC(129)   Pre Evacuate Collection Set: 7.6ms
[2022-06-19T21:34:52.715-0700][gc,phases   ] GC(129)   Merge Heap Roots: 0.7ms
[2022-06-19T21:34:52.715-0700][gc,phases   ] GC(129)   Evacuate Collection Set: 58.2ms
[2022-06-19T21:34:52.715-0700][gc,phases   ] GC(129)   Post Evacuate Collection Set: 11.3ms
[2022-06-19T21:34:52.715-0700][gc,phases   ] GC(129)   Other: 13.8ms
[2022-06-19T21:34:52.716-0700][gc,heap     ] GC(129) Eden regions: 48->0(48)
[2022-06-19T21:34:52.716-0700][gc,heap     ] GC(129) Survivor regions: 3->3(7)
[2022-06-19T21:34:52.716-0700][gc,heap     ] GC(129) Old regions: 33->33
[2022-06-19T21:34:52.716-0700][gc,heap     ] GC(129) Archive regions: 2->2
[2022-06-19T21:34:52.716-0700][gc,heap     ] GC(129) Humongous regions: 129->129
[2022-06-19T21:34:52.716-0700][gc,metaspace] GC(129) Metaspace: 42009K(42688K)->42009K(42688K) NonClass: 37142K(37504K)->37142K(37504K) Class: 4867K(5184K)->4867K(5184K)
[2022-06-19T21:34:52.716-0700][gc          ] GC(129) Pause Young (Normal) (G1 Evacuation Pause) 213M->165M(1024M) 96.008ms
[2022-06-19T21:34:52.717-0700][gc,cpu      ] GC(129) User=0.02s Sys=0.06s Real=0.09s
[2022-06-19T21:44:00.735-0700][gc,start    ] GC(130) Pause Young (Normal) (G1 Evacuation Pause)
[2022-06-19T21:44:00.738-0700][gc,task     ] GC(130) Using 8 workers of 8 for evacuation
[2022-06-19T21:44:00.810-0700][gc,mmu      ] GC(130) MMU target violated: 21.0ms (20.0ms/21.0ms)
[2022-06-19T21:44:00.810-0700][gc,phases   ] GC(130)   Pre Evacuate Collection Set: 9.1ms
[2022-06-19T21:44:00.810-0700][gc,phases   ] GC(130)   Merge Heap Roots: 2.3ms
[2022-06-19T21:44:00.810-0700][gc,phases   ] GC(130)   Evacuate Collection Set: 38.6ms
[2022-06-19T21:44:00.810-0700][gc,phases   ] GC(130)   Post Evacuate Collection Set: 3.9ms
[2022-06-19T21:44:00.810-0700][gc,phases   ] GC(130)   Other: 18.8ms
[2022-06-19T21:44:00.810-0700][gc,heap     ] GC(130) Eden regions: 48->0(48)
[2022-06-19T21:44:00.810-0700][gc,heap     ] GC(130) Survivor regions: 3->3(7)
[2022-06-19T21:44:00.810-0700][gc,heap     ] GC(130) Old regions: 33->33
[2022-06-19T21:44:00.810-0700][gc,heap     ] GC(130) Archive regions: 2->2
[2022-06-19T21:44:00.810-0700][gc,heap     ] GC(130) Humongous regions: 129->129
[2022-06-19T21:44:00.810-0700][gc,metaspace] GC(130) Metaspace: 42028K(42688K)->42028K(42688K) NonClass: 37161K(37504K)->37161K(37504K) Class: 4867K(5184K)->4867K(5184K)
[2022-06-19T21:44:00.810-0700][gc          ] GC(130) Pause Young (Normal) (G1 Evacuation Pause) 213M->165M(1024M) 76.154ms
[2022-06-19T21:44:00.810-0700][gc,cpu      ] GC(130) User=0.02s Sys=0.06s Real=0.08s
[2022-06-19T21:53:39.951-0700][gc,start    ] GC(131) Pause Young (Normal) (G1 Evacuation Pause)
[2022-06-19T21:53:39.952-0700][gc,task     ] GC(131) Using 8 workers of 8 for evacuation
[2022-06-19T21:53:40.082-0700][gc,mmu      ] GC(131) MMU target violated: 21.0ms (20.0ms/21.0ms)
[2022-06-19T21:53:40.082-0700][gc,phases   ] GC(131)   Pre Evacuate Collection Set: 4.9ms
[2022-06-19T21:53:40.082-0700][gc,phases   ] GC(131)   Merge Heap Roots: 1.2ms
[2022-06-19T21:53:40.082-0700][gc,phases   ] GC(131)   Evacuate Collection Set: 95.2ms
[2022-06-19T21:53:40.082-0700][gc,phases   ] GC(131)   Post Evacuate Collection Set: 19.7ms
[2022-06-19T21:53:40.082-0700][gc,phases   ] GC(131)   Other: 8.8ms
[2022-06-19T21:53:40.082-0700][gc,heap     ] GC(131) Eden regions: 48->0(47)
[2022-06-19T21:53:40.082-0700][gc,heap     ] GC(131) Survivor regions: 3->4(7)
[2022-06-19T21:53:40.082-0700][gc,heap     ] GC(131) Old regions: 33->33
[2022-06-19T21:53:40.082-0700][gc,heap     ] GC(131) Archive regions: 2->2
[2022-06-19T21:53:40.082-0700][gc,heap     ] GC(131) Humongous regions: 129->129
[2022-06-19T21:53:40.082-0700][gc,metaspace] GC(131) Metaspace: 42028K(42688K)->42028K(42688K) NonClass: 37161K(37504K)->37161K(37504K) Class: 4867K(5184K)->4867K(5184K)
[2022-06-19T21:53:40.082-0700][gc          ] GC(131) Pause Young (Normal) (G1 Evacuation Pause) 213M->166M(1024M) 132.342ms
[2022-06-19T21:53:40.082-0700][gc,cpu      ] GC(131) User=0.04s Sys=0.07s Real=0.13s
[2022-06-19T22:03:09.353-0700][gc,start    ] GC(132) Pause Young (Normal) (G1 Evacuation Pause)
[2022-06-19T22:03:09.355-0700][gc,task     ] GC(132) Using 8 workers of 8 for evacuation
[2022-06-19T22:03:09.462-0700][gc,mmu      ] GC(132) MMU target violated: 21.0ms (20.0ms/21.0ms)
[2022-06-19T22:03:09.462-0700][gc,phases   ] GC(132)   Pre Evacuate Collection Set: 7.2ms
[2022-06-19T22:03:09.462-0700][gc,phases   ] GC(132)   Merge Heap Roots: 1.9ms
[2022-06-19T22:03:09.462-0700][gc,phases   ] GC(132)   Evacuate Collection Set: 63.4ms
[2022-06-19T22:03:09.462-0700][gc,phases   ] GC(132)   Post Evacuate Collection Set: 21.2ms
[2022-06-19T22:03:09.462-0700][gc,phases   ] GC(132)   Other: 13.5ms
[2022-06-19T22:03:09.464-0700][gc,heap     ] GC(132) Eden regions: 47->0(48)
[2022-06-19T22:03:09.464-0700][gc,heap     ] GC(132) Survivor regions: 4->3(7)
[2022-06-19T22:03:09.464-0700][gc,heap     ] GC(132) Old regions: 33->33
[2022-06-19T22:03:09.464-0700][gc,heap     ] GC(132) Archive regions: 2->2
[2022-06-19T22:03:09.464-0700][gc,heap     ] GC(132) Humongous regions: 129->129
[2022-06-19T22:03:09.468-0700][gc,metaspace] GC(132) Metaspace: 42028K(42688K)->42028K(42688K) NonClass: 37161K(37504K)->37161K(37504K) Class: 4867K(5184K)->4867K(5184K)
[2022-06-19T22:03:09.470-0700][gc          ] GC(132) Pause Young (Normal) (G1 Evacuation Pause) 213M->165M(1024M) 119.585ms
[2022-06-19T22:03:09.471-0700][gc,cpu      ] GC(132) User=0.01s Sys=0.05s Real=0.12s
[2022-06-19T22:12:56.009-0700][gc,start    ] GC(133) Pause Young (Normal) (G1 Evacuation Pause)
[2022-06-19T22:12:56.013-0700][gc,task     ] GC(133) Using 8 workers of 8 for evacuation
[2022-06-19T22:12:56.100-0700][gc,mmu      ] GC(133) MMU target violated: 21.0ms (20.0ms/21.0ms)
[2022-06-19T22:12:56.101-0700][gc,phases   ] GC(133)   Pre Evacuate Collection Set: 12.3ms
[2022-06-19T22:12:56.101-0700][gc,phases   ] GC(133)   Merge Heap Roots: 2.9ms
[2022-06-19T22:12:56.101-0700][gc,phases   ] GC(133)   Evacuate Collection Set: 58.0ms
[2022-06-19T22:12:56.101-0700][gc,phases   ] GC(133)   Post Evacuate Collection Set: 4.9ms
[2022-06-19T22:12:56.101-0700][gc,phases   ] GC(133)   Other: 9.9ms
[2022-06-19T22:12:56.102-0700][gc,heap     ] GC(133) Eden regions: 48->0(48)
[2022-06-19T22:12:56.102-0700][gc,heap     ] GC(133) Survivor regions: 3->3(7)
[2022-06-19T22:12:56.102-0700][gc,heap     ] GC(133) Old regions: 33->33
[2022-06-19T22:12:56.102-0700][gc,heap     ] GC(133) Archive regions: 2->2
[2022-06-19T22:12:56.102-0700][gc,heap     ] GC(133) Humongous regions: 129->129
[2022-06-19T22:12:56.103-0700][gc,metaspace] GC(133) Metaspace: 42029K(42688K)->42029K(42688K) NonClass: 37162K(37504K)->37162K(37504K) Class: 4867K(5184K)->4867K(5184K)
[2022-06-19T22:12:56.103-0700][gc          ] GC(133) Pause Young (Normal) (G1 Evacuation Pause) 213M->165M(1024M) 93.998ms
[2022-06-19T22:12:56.103-0700][gc,cpu      ] GC(133) User=0.02s Sys=0.05s Real=0.10s
[2022-06-19T22:22:44.919-0700][gc,start    ] GC(134) Pause Young (Normal) (G1 Evacuation Pause)
[2022-06-19T22:22:45.342-0700][gc,task     ] GC(134) Using 8 workers of 8 for evacuation
[2022-06-19T22:22:45.519-0700][gc,mmu      ] GC(134) MMU target violated: 21.0ms (20.0ms/21.0ms)
[2022-06-19T22:22:45.519-0700][gc,phases   ] GC(134)   Pre Evacuate Collection Set: 15.4ms
[2022-06-19T22:22:45.519-0700][gc,phases   ] GC(134)   Merge Heap Roots: 6.5ms
[2022-06-19T22:22:45.519-0700][gc,phases   ] GC(134)   Evacuate Collection Set: 121.8ms
[2022-06-19T22:22:45.519-0700][gc,phases   ] GC(134)   Post Evacuate Collection Set: 9.1ms
[2022-06-19T22:22:45.519-0700][gc,phases   ] GC(134)   Other: 25.2ms
[2022-06-19T22:22:45.520-0700][gc,heap     ] GC(134) Eden regions: 48->0(47)
[2022-06-19T22:22:45.520-0700][gc,heap     ] GC(134) Survivor regions: 3->4(7)
[2022-06-19T22:22:45.520-0700][gc,heap     ] GC(134) Old regions: 33->33
[2022-06-19T22:22:45.520-0700][gc,heap     ] GC(134) Archive regions: 2->2
[2022-06-19T22:22:45.520-0700][gc,heap     ] GC(134) Humongous regions: 129->129
[2022-06-19T22:22:45.521-0700][gc,metaspace] GC(134) Metaspace: 42030K(42688K)->42030K(42688K) NonClass: 37163K(37504K)->37163K(37504K) Class: 4867K(5184K)->4867K(5184K)
[2022-06-19T22:22:45.522-0700][gc          ] GC(134) Pause Young (Normal) (G1 Evacuation Pause) 213M->165M(1024M) 605.444ms
[2022-06-19T22:22:45.522-0700][gc,cpu      ] GC(134) User=0.03s Sys=0.05s Real=0.61s
[2022-06-19T22:32:19.884-0700][gc,start    ] GC(135) Pause Young (Normal) (G1 Evacuation Pause)
[2022-06-19T22:32:19.893-0700][gc,task     ] GC(135) Using 8 workers of 8 for evacuation
[2022-06-19T22:32:19.979-0700][gc,mmu      ] GC(135) MMU target violated: 21.0ms (20.0ms/21.0ms)
[2022-06-19T22:32:19.979-0700][gc,phases   ] GC(135)   Pre Evacuate Collection Set: 9.7ms
[2022-06-19T22:32:19.979-0700][gc,phases   ] GC(135)   Merge Heap Roots: 7.8ms
[2022-06-19T22:32:19.980-0700][gc,phases   ] GC(135)   Evacuate Collection Set: 44.6ms
[2022-06-19T22:32:19.980-0700][gc,phases   ] GC(135)   Post Evacuate Collection Set: 7.7ms
[2022-06-19T22:32:19.980-0700][gc,phases   ] GC(135)   Other: 18.2ms
[2022-06-19T22:32:19.980-0700][gc,heap     ] GC(135) Eden regions: 47->0(48)
[2022-06-19T22:32:19.981-0700][gc,heap     ] GC(135) Survivor regions: 4->3(7)
[2022-06-19T22:32:19.981-0700][gc,heap     ] GC(135) Old regions: 33->33
[2022-06-19T22:32:19.981-0700][gc,heap     ] GC(135) Archive regions: 2->2
[2022-06-19T22:32:19.981-0700][gc,heap     ] GC(135) Humongous regions: 129->129
[2022-06-19T22:32:19.983-0700][gc,metaspace] GC(135) Metaspace: 42032K(42688K)->42032K(42688K) NonClass: 37164K(37504K)->37164K(37504K) Class: 4867K(5184K)->4867K(5184K)
[2022-06-19T22:32:19.984-0700][gc          ] GC(135) Pause Young (Normal) (G1 Evacuation Pause) 212M->165M(1024M) 101.688ms
[2022-06-19T22:32:19.984-0700][gc,cpu      ] GC(135) User=0.00s Sys=0.05s Real=0.10s
[2022-06-19T22:41:34.322-0700][gc,start    ] GC(136) Pause Young (Normal) (G1 Evacuation Pause)
[2022-06-19T22:41:34.327-0700][gc,task     ] GC(136) Using 8 workers of 8 for evacuation
[2022-06-19T22:41:34.472-0700][gc,mmu      ] GC(136) MMU target violated: 21.0ms (20.0ms/21.0ms)
[2022-06-19T22:41:34.472-0700][gc,phases   ] GC(136)   Pre Evacuate Collection Set: 17.6ms
[2022-06-19T22:41:34.472-0700][gc,phases   ] GC(136)   Merge Heap Roots: 5.7ms
[2022-06-19T22:41:34.472-0700][gc,phases   ] GC(136)   Evacuate Collection Set: 90.0ms
[2022-06-19T22:41:34.472-0700][gc,phases   ] GC(136)   Post Evacuate Collection Set: 13.2ms
[2022-06-19T22:41:34.472-0700][gc,phases   ] GC(136)   Other: 20.8ms
[2022-06-19T22:41:34.473-0700][gc,heap     ] GC(136) Eden regions: 48->0(48)
[2022-06-19T22:41:34.473-0700][gc,heap     ] GC(136) Survivor regions: 3->3(7)
[2022-06-19T22:41:34.473-0700][gc,heap     ] GC(136) Old regions: 33->33
[2022-06-19T22:41:34.473-0700][gc,heap     ] GC(136) Archive regions: 2->2
[2022-06-19T22:41:34.473-0700][gc,heap     ] GC(136) Humongous regions: 129->129
[2022-06-19T22:41:34.474-0700][gc,metaspace] GC(136) Metaspace: 42032K(42688K)->42032K(42688K) NonClass: 37165K(37504K)->37165K(37504K) Class: 4867K(5184K)->4867K(5184K)
[2022-06-19T22:41:34.475-0700][gc          ] GC(136) Pause Young (Normal) (G1 Evacuation Pause) 213M->165M(1024M) 155.868ms
[2022-06-19T22:41:34.475-0700][gc,cpu      ] GC(136) User=0.01s Sys=0.04s Real=0.16s
[2022-06-19T22:51:22.223-0700][gc,start    ] GC(137) Pause Young (Normal) (G1 Evacuation Pause)
[2022-06-19T22:51:22.236-0700][gc,task     ] GC(137) Using 8 workers of 8 for evacuation
[2022-06-19T22:51:22.369-0700][gc,mmu      ] GC(137) MMU target violated: 21.0ms (20.0ms/21.0ms)
[2022-06-19T22:51:22.371-0700][gc,phases   ] GC(137)   Pre Evacuate Collection Set: 8.3ms
[2022-06-19T22:51:22.371-0700][gc,phases   ] GC(137)   Merge Heap Roots: 9.2ms
[2022-06-19T22:51:22.371-0700][gc,phases   ] GC(137)   Evacuate Collection Set: 91.4ms
[2022-06-19T22:51:22.371-0700][gc,phases   ] GC(137)   Post Evacuate Collection Set: 4.5ms
[2022-06-19T22:51:22.371-0700][gc,phases   ] GC(137)   Other: 22.8ms
[2022-06-19T22:51:22.374-0700][gc,heap     ] GC(137) Eden regions: 48->0(48)
[2022-06-19T22:51:22.374-0700][gc,heap     ] GC(137) Survivor regions: 3->3(7)
[2022-06-19T22:51:22.374-0700][gc,heap     ] GC(137) Old regions: 33->33
[2022-06-19T22:51:22.374-0700][gc,heap     ] GC(137) Archive regions: 2->2
[2022-06-19T22:51:22.374-0700][gc,heap     ] GC(137) Humongous regions: 129->129
[2022-06-19T22:51:22.376-0700][gc,metaspace] GC(137) Metaspace: 42034K(42688K)->42034K(42688K) NonClass: 37167K(37504K)->37167K(37504K) Class: 4867K(5184K)->4867K(5184K)
[2022-06-19T22:51:22.377-0700][gc          ] GC(137) Pause Young (Normal) (G1 Evacuation Pause) 213M->165M(1024M) 160.472ms
[2022-06-19T22:51:22.377-0700][gc,cpu      ] GC(137) User=0.01s Sys=0.05s Real=0.16s
[2022-06-19T23:01:06.567-0700][gc,start    ] GC(138) Pause Young (Normal) (G1 Evacuation Pause)
[2022-06-19T23:01:06.572-0700][gc,task     ] GC(138) Using 8 workers of 8 for evacuation
[2022-06-19T23:01:06.694-0700][gc,mmu      ] GC(138) MMU target violated: 21.0ms (20.0ms/21.0ms)
[2022-06-19T23:01:06.694-0700][gc,phases   ] GC(138)   Pre Evacuate Collection Set: 11.2ms
[2022-06-19T23:01:06.694-0700][gc,phases   ] GC(138)   Merge Heap Roots: 3.5ms
[2022-06-19T23:01:06.694-0700][gc,phases   ] GC(138)   Evacuate Collection Set: 94.4ms
[2022-06-19T23:01:06.694-0700][gc,phases   ] GC(138)   Post Evacuate Collection Set: 3.3ms
[2022-06-19T23:01:06.694-0700][gc,phases   ] GC(138)   Other: 10.7ms
[2022-06-19T23:01:06.694-0700][gc,heap     ] GC(138) Eden regions: 48->0(47)
[2022-06-19T23:01:06.694-0700][gc,heap     ] GC(138) Survivor regions: 3->4(7)
[2022-06-19T23:01:06.694-0700][gc,heap     ] GC(138) Old regions: 33->33
[2022-06-19T23:01:06.694-0700][gc,heap     ] GC(138) Archive regions: 2->2
[2022-06-19T23:01:06.694-0700][gc,heap     ] GC(138) Humongous regions: 129->129
[2022-06-19T23:01:06.694-0700][gc,metaspace] GC(138) Metaspace: 42042K(42688K)->42042K(42688K) NonClass: 37175K(37504K)->37175K(37504K) Class: 4867K(5184K)->4867K(5184K)
[2022-06-19T23:01:06.694-0700][gc          ] GC(138) Pause Young (Normal) (G1 Evacuation Pause) 213M->165M(1024M) 128.917ms
[2022-06-19T23:01:06.694-0700][gc,cpu      ] GC(138) User=0.03s Sys=0.08s Real=0.13s
[2022-06-19T23:10:39.972-0700][gc,start    ] GC(139) Pause Young (Normal) (G1 Evacuation Pause)
[2022-06-19T23:10:39.993-0700][gc,task     ] GC(139) Using 8 workers of 8 for evacuation
[2022-06-19T23:10:40.189-0700][gc,mmu      ] GC(139) MMU target violated: 21.0ms (20.0ms/21.0ms)
[2022-06-19T23:10:40.189-0700][gc,phases   ] GC(139)   Pre Evacuate Collection Set: 17.9ms
[2022-06-19T23:10:40.189-0700][gc,phases   ] GC(139)   Merge Heap Roots: 15.3ms
[2022-06-19T23:10:40.189-0700][gc,phases   ] GC(139)   Evacuate Collection Set: 107.0ms
[2022-06-19T23:10:40.189-0700][gc,phases   ] GC(139)   Post Evacuate Collection Set: 20.5ms
[2022-06-19T23:10:40.189-0700][gc,phases   ] GC(139)   Other: 40.3ms
[2022-06-19T23:10:40.190-0700][gc,heap     ] GC(139) Eden regions: 47->0(48)
[2022-06-19T23:10:40.190-0700][gc,heap     ] GC(139) Survivor regions: 4->3(7)
[2022-06-19T23:10:40.190-0700][gc,heap     ] GC(139) Old regions: 33->33
[2022-06-19T23:10:40.190-0700][gc,heap     ] GC(139) Archive regions: 2->2
[2022-06-19T23:10:40.190-0700][gc,heap     ] GC(139) Humongous regions: 129->129
[2022-06-19T23:10:40.191-0700][gc,metaspace] GC(139) Metaspace: 42042K(42688K)->42042K(42688K) NonClass: 37175K(37504K)->37175K(37504K) Class: 4867K(5184K)->4867K(5184K)
[2022-06-19T23:10:40.192-0700][gc          ] GC(139) Pause Young (Normal) (G1 Evacuation Pause) 212M->165M(1024M) 226.507ms
[2022-06-19T23:10:40.192-0700][gc,cpu      ] GC(139) User=0.01s Sys=0.06s Real=0.23s
[2022-06-19T23:20:46.494-0700][gc,start    ] GC(140) Pause Young (Normal) (G1 Evacuation Pause)
[2022-06-19T23:20:46.499-0700][gc,task     ] GC(140) Using 8 workers of 8 for evacuation
[2022-06-19T23:20:46.618-0700][gc,mmu      ] GC(140) MMU target violated: 21.0ms (20.0ms/21.0ms)
[2022-06-19T23:20:46.618-0700][gc,phases   ] GC(140)   Pre Evacuate Collection Set: 9.7ms
[2022-06-19T23:20:46.618-0700][gc,phases   ] GC(140)   Merge Heap Roots: 3.6ms
[2022-06-19T23:20:46.618-0700][gc,phases   ] GC(140)   Evacuate Collection Set: 87.7ms
[2022-06-19T23:20:46.618-0700][gc,phases   ] GC(140)   Post Evacuate Collection Set: 10.1ms
[2022-06-19T23:20:46.618-0700][gc,phases   ] GC(140)   Other: 10.2ms
[2022-06-19T23:20:46.619-0700][gc,heap     ] GC(140) Eden regions: 48->0(48)
[2022-06-19T23:20:46.619-0700][gc,heap     ] GC(140) Survivor regions: 3->3(7)
[2022-06-19T23:20:46.619-0700][gc,heap     ] GC(140) Old regions: 33->33
[2022-06-19T23:20:46.619-0700][gc,heap     ] GC(140) Archive regions: 2->2
[2022-06-19T23:20:46.619-0700][gc,heap     ] GC(140) Humongous regions: 129->129
[2022-06-19T23:20:46.619-0700][gc,metaspace] GC(140) Metaspace: 42043K(42688K)->42043K(42688K) NonClass: 37176K(37504K)->37176K(37504K) Class: 4867K(5184K)->4867K(5184K)
[2022-06-19T23:20:46.619-0700][gc          ] GC(140) Pause Young (Normal) (G1 Evacuation Pause) 213M->165M(1024M) 126.524ms
[2022-06-19T23:20:46.619-0700][gc,cpu      ] GC(140) User=0.02s Sys=0.05s Real=0.12s
[2022-06-19T23:30:33.862-0700][gc,start    ] GC(141) Pause Young (Normal) (G1 Evacuation Pause)
[2022-06-19T23:30:33.867-0700][gc,task     ] GC(141) Using 8 workers of 8 for evacuation
[2022-06-19T23:30:34.009-0700][gc,mmu      ] GC(141) MMU target violated: 21.0ms (20.0ms/21.0ms)
[2022-06-19T23:30:34.009-0700][gc,phases   ] GC(141)   Pre Evacuate Collection Set: 10.5ms
[2022-06-19T23:30:34.009-0700][gc,phases   ] GC(141)   Merge Heap Roots: 8.9ms
[2022-06-19T23:30:34.009-0700][gc,phases   ] GC(141)   Evacuate Collection Set: 100.6ms
[2022-06-19T23:30:34.009-0700][gc,phases   ] GC(141)   Post Evacuate Collection Set: 6.1ms
[2022-06-19T23:30:34.009-0700][gc,phases   ] GC(141)   Other: 17.2ms
[2022-06-19T23:30:34.010-0700][gc,heap     ] GC(141) Eden regions: 48->0(47)
[2022-06-19T23:30:34.010-0700][gc,heap     ] GC(141) Survivor regions: 3->4(7)
[2022-06-19T23:30:34.010-0700][gc,heap     ] GC(141) Old regions: 33->33
[2022-06-19T23:30:34.010-0700][gc,heap     ] GC(141) Archive regions: 2->2
[2022-06-19T23:30:34.010-0700][gc,heap     ] GC(141) Humongous regions: 129->129
[2022-06-19T23:30:34.011-0700][gc,metaspace] GC(141) Metaspace: 42043K(42688K)->42043K(42688K) NonClass: 37176K(37504K)->37176K(37504K) Class: 4867K(5184K)->4867K(5184K)
[2022-06-19T23:30:34.012-0700][gc          ] GC(141) Pause Young (Normal) (G1 Evacuation Pause) 213M->165M(1024M) 151.115ms
[2022-06-19T23:30:34.012-0700][gc,cpu      ] GC(141) User=0.03s Sys=0.06s Real=0.15s
[2022-06-19T23:39:30.962-0700][gc,start    ] GC(142) Pause Young (Normal) (G1 Evacuation Pause)
[2022-06-19T23:39:30.967-0700][gc,task     ] GC(142) Using 8 workers of 8 for evacuation
[2022-06-19T23:39:31.075-0700][gc,mmu      ] GC(142) MMU target violated: 21.0ms (20.0ms/21.0ms)
[2022-06-19T23:39:31.076-0700][gc,phases   ] GC(142)   Pre Evacuate Collection Set: 11.9ms
[2022-06-19T23:39:31.076-0700][gc,phases   ] GC(142)   Merge Heap Roots: 2.0ms
[2022-06-19T23:39:31.076-0700][gc,phases   ] GC(142)   Evacuate Collection Set: 83.3ms
[2022-06-19T23:39:31.076-0700][gc,phases   ] GC(142)   Post Evacuate Collection Set: 5.7ms
[2022-06-19T23:39:31.076-0700][gc,phases   ] GC(142)   Other: 6.6ms
[2022-06-19T23:39:31.077-0700][gc,heap     ] GC(142) Eden regions: 47->0(47)
[2022-06-19T23:39:31.077-0700][gc,heap     ] GC(142) Survivor regions: 4->4(7)
[2022-06-19T23:39:31.077-0700][gc,heap     ] GC(142) Old regions: 33->33
[2022-06-19T23:39:31.077-0700][gc,heap     ] GC(142) Archive regions: 2->2
[2022-06-19T23:39:31.077-0700][gc,heap     ] GC(142) Humongous regions: 129->129
[2022-06-19T23:39:31.077-0700][gc,metaspace] GC(142) Metaspace: 42047K(42752K)->42047K(42752K) NonClass: 37180K(37568K)->37180K(37568K) Class: 4867K(5184K)->4867K(5184K)
[2022-06-19T23:39:31.077-0700][gc          ] GC(142) Pause Young (Normal) (G1 Evacuation Pause) 212M->166M(1024M) 115.799ms
[2022-06-19T23:39:31.077-0700][gc,cpu      ] GC(142) User=0.04s Sys=0.08s Real=0.11s
[2022-06-19T23:48:59.759-0700][gc,start    ] GC(143) Pause Young (Normal) (G1 Evacuation Pause)
[2022-06-19T23:48:59.762-0700][gc,task     ] GC(143) Using 8 workers of 8 for evacuation
[2022-06-19T23:48:59.844-0700][gc,mmu      ] GC(143) MMU target violated: 21.0ms (20.0ms/21.0ms)
[2022-06-19T23:48:59.844-0700][gc,phases   ] GC(143)   Pre Evacuate Collection Set: 10.7ms
[2022-06-19T23:48:59.844-0700][gc,phases   ] GC(143)   Merge Heap Roots: 3.1ms
[2022-06-19T23:48:59.844-0700][gc,phases   ] GC(143)   Evacuate Collection Set: 61.3ms
[2022-06-19T23:48:59.844-0700][gc,phases   ] GC(143)   Post Evacuate Collection Set: 3.7ms
[2022-06-19T23:48:59.844-0700][gc,phases   ] GC(143)   Other: 3.7ms
[2022-06-19T23:48:59.845-0700][gc,heap     ] GC(143) Eden regions: 47->0(48)
[2022-06-19T23:48:59.845-0700][gc,heap     ] GC(143) Survivor regions: 4->3(7)
[2022-06-19T23:48:59.845-0700][gc,heap     ] GC(143) Old regions: 33->33
[2022-06-19T23:48:59.845-0700][gc,heap     ] GC(143) Archive regions: 2->2
[2022-06-19T23:48:59.845-0700][gc,heap     ] GC(143) Humongous regions: 129->129
[2022-06-19T23:48:59.845-0700][gc,metaspace] GC(143) Metaspace: 42047K(42752K)->42047K(42752K) NonClass: 37180K(37568K)->37180K(37568K) Class: 4867K(5184K)->4867K(5184K)
[2022-06-19T23:48:59.845-0700][gc          ] GC(143) Pause Young (Normal) (G1 Evacuation Pause) 213M->165M(1024M) 87.001ms
[2022-06-19T23:48:59.845-0700][gc,cpu      ] GC(143) User=0.01s Sys=0.03s Real=0.09s
[2022-06-19T23:58:39.674-0700][gc,start    ] GC(144) Pause Young (Normal) (G1 Evacuation Pause)
[2022-06-19T23:58:39.680-0700][gc,task     ] GC(144) Using 8 workers of 8 for evacuation
[2022-06-19T23:58:39.755-0700][gc,mmu      ] GC(144) MMU target violated: 21.0ms (20.0ms/21.0ms)
[2022-06-19T23:58:39.755-0700][gc,phases   ] GC(144)   Pre Evacuate Collection Set: 5.2ms
[2022-06-19T23:58:39.755-0700][gc,phases   ] GC(144)   Merge Heap Roots: 2.2ms
[2022-06-19T23:58:39.755-0700][gc,phases   ] GC(144)   Evacuate Collection Set: 56.2ms
[2022-06-19T23:58:39.755-0700][gc,phases   ] GC(144)   Post Evacuate Collection Set: 5.1ms
[2022-06-19T23:58:39.755-0700][gc,phases   ] GC(144)   Other: 8.9ms
[2022-06-19T23:58:39.756-0700][gc,heap     ] GC(144) Eden regions: 48->0(48)
[2022-06-19T23:58:39.756-0700][gc,heap     ] GC(144) Survivor regions: 3->3(7)
[2022-06-19T23:58:39.756-0700][gc,heap     ] GC(144) Old regions: 33->33
[2022-06-19T23:58:39.756-0700][gc,heap     ] GC(144) Archive regions: 2->2
[2022-06-19T23:58:39.756-0700][gc,heap     ] GC(144) Humongous regions: 129->129
[2022-06-19T23:58:39.756-0700][gc,metaspace] GC(144) Metaspace: 42047K(42752K)->42047K(42752K) NonClass: 37180K(37568K)->37180K(37568K) Class: 4867K(5184K)->4867K(5184K)
[2022-06-19T23:58:39.757-0700][gc          ] GC(144) Pause Young (Normal) (G1 Evacuation Pause) 213M->165M(1024M) 83.089ms
[2022-06-19T23:58:39.757-0700][gc,cpu      ] GC(144) User=0.01s Sys=0.04s Real=0.08s
[2022-06-20T00:08:28.421-0700][gc,start    ] GC(145) Pause Young (Normal) (G1 Evacuation Pause)
[2022-06-20T00:08:28.447-0700][gc,task     ] GC(145) Using 8 workers of 8 for evacuation
[2022-06-20T00:08:28.803-0700][gc,mmu      ] GC(145) MMU target violated: 21.0ms (20.0ms/21.0ms)
[2022-06-20T00:08:28.803-0700][gc,phases   ] GC(145)   Pre Evacuate Collection Set: 22.2ms
[2022-06-20T00:08:28.803-0700][gc,phases   ] GC(145)   Merge Heap Roots: 22.4ms
[2022-06-20T00:08:28.803-0700][gc,phases   ] GC(145)   Evacuate Collection Set: 231.8ms
[2022-06-20T00:08:28.803-0700][gc,phases   ] GC(145)   Post Evacuate Collection Set: 34.3ms
[2022-06-20T00:08:28.803-0700][gc,phases   ] GC(145)   Other: 55.2ms
[2022-06-20T00:08:28.805-0700][gc,heap     ] GC(145) Eden regions: 48->0(47)
[2022-06-20T00:08:28.805-0700][gc,heap     ] GC(145) Survivor regions: 3->4(7)
[2022-06-20T00:08:28.805-0700][gc,heap     ] GC(145) Old regions: 33->33
[2022-06-20T00:08:28.805-0700][gc,heap     ] GC(145) Archive regions: 2->2
[2022-06-20T00:08:28.805-0700][gc,heap     ] GC(145) Humongous regions: 129->129
[2022-06-20T00:08:28.810-0700][gc,metaspace] GC(145) Metaspace: 42047K(42752K)->42047K(42752K) NonClass: 37180K(37568K)->37180K(37568K) Class: 4867K(5184K)->4867K(5184K)
[2022-06-20T00:08:28.812-0700][gc          ] GC(145) Pause Young (Normal) (G1 Evacuation Pause) 213M->165M(1024M) 398.881ms
[2022-06-20T00:08:28.813-0700][gc,cpu      ] GC(145) User=0.06s Sys=0.07s Real=0.40s
[2022-06-20T00:18:01.131-0700][gc,start    ] GC(146) Pause Young (Normal) (G1 Evacuation Pause)
[2022-06-20T00:18:01.136-0700][gc,task     ] GC(146) Using 8 workers of 8 for evacuation
[2022-06-20T00:18:01.279-0700][gc,mmu      ] GC(146) MMU target violated: 21.0ms (20.0ms/21.0ms)
[2022-06-20T00:18:01.279-0700][gc,phases   ] GC(146)   Pre Evacuate Collection Set: 8.3ms
[2022-06-20T00:18:01.279-0700][gc,phases   ] GC(146)   Merge Heap Roots: 2.1ms
[2022-06-20T00:18:01.279-0700][gc,phases   ] GC(146)   Evacuate Collection Set: 113.5ms
[2022-06-20T00:18:01.279-0700][gc,phases   ] GC(146)   Post Evacuate Collection Set: 6.9ms
[2022-06-20T00:18:01.279-0700][gc,phases   ] GC(146)   Other: 12.8ms
[2022-06-20T00:18:01.280-0700][gc,heap     ] GC(146) Eden regions: 47->0(47)
[2022-06-20T00:18:01.280-0700][gc,heap     ] GC(146) Survivor regions: 4->4(7)
[2022-06-20T00:18:01.280-0700][gc,heap     ] GC(146) Old regions: 33->33
[2022-06-20T00:18:01.280-0700][gc,heap     ] GC(146) Archive regions: 2->2
[2022-06-20T00:18:01.280-0700][gc,heap     ] GC(146) Humongous regions: 129->129
[2022-06-20T00:18:01.282-0700][gc,metaspace] GC(146) Metaspace: 42047K(42752K)->42047K(42752K) NonClass: 37180K(37568K)->37180K(37568K) Class: 4867K(5184K)->4867K(5184K)
[2022-06-20T00:18:01.283-0700][gc          ] GC(146) Pause Young (Normal) (G1 Evacuation Pause) 212M->166M(1024M) 152.573ms
[2022-06-20T00:18:01.283-0700][gc,cpu      ] GC(146) User=0.04s Sys=0.07s Real=0.15s
[2022-06-20T00:27:29.615-0700][gc,start    ] GC(147) Pause Young (Normal) (G1 Evacuation Pause)
[2022-06-20T00:27:29.619-0700][gc,task     ] GC(147) Using 8 workers of 8 for evacuation
[2022-06-20T00:27:29.713-0700][gc,mmu      ] GC(147) MMU target violated: 21.0ms (20.0ms/21.0ms)
[2022-06-20T00:27:29.714-0700][gc,phases   ] GC(147)   Pre Evacuate Collection Set: 8.3ms
[2022-06-20T00:27:29.714-0700][gc,phases   ] GC(147)   Merge Heap Roots: 2.8ms
[2022-06-20T00:27:29.714-0700][gc,phases   ] GC(147)   Evacuate Collection Set: 61.2ms
[2022-06-20T00:27:29.714-0700][gc,phases   ] GC(147)   Post Evacuate Collection Set: 10.5ms
[2022-06-20T00:27:29.714-0700][gc,phases   ] GC(147)   Other: 12.8ms
[2022-06-20T00:27:29.715-0700][gc,heap     ] GC(147) Eden regions: 47->0(48)
[2022-06-20T00:27:29.715-0700][gc,heap     ] GC(147) Survivor regions: 4->3(7)
[2022-06-20T00:27:29.715-0700][gc,heap     ] GC(147) Old regions: 33->33
[2022-06-20T00:27:29.715-0700][gc,heap     ] GC(147) Archive regions: 2->2
[2022-06-20T00:27:29.715-0700][gc,heap     ] GC(147) Humongous regions: 129->129
[2022-06-20T00:27:29.717-0700][gc,metaspace] GC(147) Metaspace: 42047K(42752K)->42047K(42752K) NonClass: 37180K(37568K)->37180K(37568K) Class: 4867K(5184K)->4867K(5184K)
[2022-06-20T00:27:29.719-0700][gc          ] GC(147) Pause Young (Normal) (G1 Evacuation Pause) 213M->165M(1024M) 104.962ms
[2022-06-20T00:27:29.719-0700][gc,cpu      ] GC(147) User=0.01s Sys=0.04s Real=0.10s
[2022-06-20T00:37:14.640-0700][gc,start    ] GC(148) Pause Young (Normal) (G1 Evacuation Pause)
[2022-06-20T00:37:14.671-0700][gc,task     ] GC(148) Using 8 workers of 8 for evacuation
[2022-06-20T00:37:14.826-0700][gc,mmu      ] GC(148) MMU target violated: 21.0ms (20.0ms/21.0ms)
[2022-06-20T00:37:14.830-0700][gc,phases   ] GC(148)   Pre Evacuate Collection Set: 7.0ms
[2022-06-20T00:37:14.830-0700][gc,phases   ] GC(148)   Merge Heap Roots: 2.9ms
[2022-06-20T00:37:14.830-0700][gc,phases   ] GC(148)   Evacuate Collection Set: 110.1ms
[2022-06-20T00:37:14.830-0700][gc,phases   ] GC(148)   Post Evacuate Collection Set: 19.6ms
[2022-06-20T00:37:14.830-0700][gc,phases   ] GC(148)   Other: 23.2ms
[2022-06-20T00:37:14.832-0700][gc,heap     ] GC(148) Eden regions: 48->0(48)
[2022-06-20T00:37:14.832-0700][gc,heap     ] GC(148) Survivor regions: 3->3(7)
[2022-06-20T00:37:14.832-0700][gc,heap     ] GC(148) Old regions: 33->33
[2022-06-20T00:37:14.832-0700][gc,heap     ] GC(148) Archive regions: 2->2
[2022-06-20T00:37:14.832-0700][gc,heap     ] GC(148) Humongous regions: 129->129
[2022-06-20T00:37:14.838-0700][gc,metaspace] GC(148) Metaspace: 42047K(42752K)->42047K(42752K) NonClass: 37180K(37568K)->37180K(37568K) Class: 4867K(5184K)->4867K(5184K)
[2022-06-20T00:37:14.840-0700][gc          ] GC(148) Pause Young (Normal) (G1 Evacuation Pause) 213M->165M(1024M) 212.168ms
[2022-06-20T00:37:14.840-0700][gc,cpu      ] GC(148) User=0.03s Sys=0.05s Real=0.22s
[2022-06-20T00:46:26.227-0700][gc,start    ] GC(149) Pause Young (Normal) (G1 Evacuation Pause)
[2022-06-20T00:46:26.251-0700][gc,task     ] GC(149) Using 8 workers of 8 for evacuation
[2022-06-20T00:46:26.397-0700][gc,mmu      ] GC(149) MMU target violated: 21.0ms (20.0ms/21.0ms)
[2022-06-20T00:46:26.397-0700][gc,phases   ] GC(149)   Pre Evacuate Collection Set: 7.6ms
[2022-06-20T00:46:26.397-0700][gc,phases   ] GC(149)   Merge Heap Roots: 4.1ms
[2022-06-20T00:46:26.397-0700][gc,phases   ] GC(149)   Evacuate Collection Set: 112.9ms
[2022-06-20T00:46:26.397-0700][gc,phases   ] GC(149)   Post Evacuate Collection Set: 5.3ms
[2022-06-20T00:46:26.397-0700][gc,phases   ] GC(149)   Other: 21.7ms
[2022-06-20T00:46:26.398-0700][gc,heap     ] GC(149) Eden regions: 48->0(47)
[2022-06-20T00:46:26.398-0700][gc,heap     ] GC(149) Survivor regions: 3->4(7)
[2022-06-20T00:46:26.398-0700][gc,heap     ] GC(149) Old regions: 33->33
[2022-06-20T00:46:26.398-0700][gc,heap     ] GC(149) Archive regions: 2->2
[2022-06-20T00:46:26.398-0700][gc,heap     ] GC(149) Humongous regions: 129->129
[2022-06-20T00:46:26.400-0700][gc,metaspace] GC(149) Metaspace: 42047K(42752K)->42047K(42752K) NonClass: 37180K(37568K)->37180K(37568K) Class: 4867K(5184K)->4867K(5184K)
[2022-06-20T00:46:26.401-0700][gc          ] GC(149) Pause Young (Normal) (G1 Evacuation Pause) 213M->165M(1024M) 174.696ms
[2022-06-20T00:46:26.401-0700][gc,cpu      ] GC(149) User=0.04s Sys=0.06s Real=0.18s
[2022-06-20T00:55:59.561-0700][gc,start    ] GC(150) Pause Young (Normal) (G1 Evacuation Pause)
[2022-06-20T00:55:59.578-0700][gc,task     ] GC(150) Using 8 workers of 8 for evacuation
[2022-06-20T00:55:59.753-0700][gc,mmu      ] GC(150) MMU target violated: 21.0ms (20.0ms/21.0ms)
[2022-06-20T00:55:59.754-0700][gc,phases   ] GC(150)   Pre Evacuate Collection Set: 13.3ms
[2022-06-20T00:55:59.754-0700][gc,phases   ] GC(150)   Merge Heap Roots: 3.1ms
[2022-06-20T00:55:59.754-0700][gc,phases   ] GC(150)   Evacuate Collection Set: 113.2ms
[2022-06-20T00:55:59.754-0700][gc,phases   ] GC(150)   Post Evacuate Collection Set: 7.8ms
[2022-06-20T00:55:59.754-0700][gc,phases   ] GC(150)   Other: 41.8ms
[2022-06-20T00:55:59.756-0700][gc,heap     ] GC(150) Eden regions: 47->0(47)
[2022-06-20T00:55:59.756-0700][gc,heap     ] GC(150) Survivor regions: 4->4(7)
[2022-06-20T00:55:59.756-0700][gc,heap     ] GC(150) Old regions: 33->33
[2022-06-20T00:55:59.756-0700][gc,heap     ] GC(150) Archive regions: 2->2
[2022-06-20T00:55:59.756-0700][gc,heap     ] GC(150) Humongous regions: 129->129
[2022-06-20T00:55:59.758-0700][gc,metaspace] GC(150) Metaspace: 42047K(42752K)->42047K(42752K) NonClass: 37180K(37568K)->37180K(37568K) Class: 4867K(5184K)->4867K(5184K)
[2022-06-20T00:55:59.759-0700][gc          ] GC(150) Pause Young (Normal) (G1 Evacuation Pause) 212M->166M(1024M) 199.979ms
[2022-06-20T00:55:59.759-0700][gc,cpu      ] GC(150) User=0.04s Sys=0.06s Real=0.20s
[2022-06-20T01:11:34.152-0700][gc,start    ] GC(151) Pause Young (Normal) (G1 Evacuation Pause)
[2022-06-20T01:11:34.530-0700][gc,task     ] GC(151) Using 8 workers of 8 for evacuation
[2022-06-20T01:11:34.677-0700][gc,mmu      ] GC(151) MMU target violated: 21.0ms (20.0ms/21.0ms)
[2022-06-20T01:11:34.677-0700][gc,phases   ] GC(151)   Pre Evacuate Collection Set: 31.1ms
[2022-06-20T01:11:34.677-0700][gc,phases   ] GC(151)   Merge Heap Roots: 3.7ms
[2022-06-20T01:11:34.677-0700][gc,phases   ] GC(151)   Evacuate Collection Set: 77.5ms
[2022-06-20T01:11:34.677-0700][gc,phases   ] GC(151)   Post Evacuate Collection Set: 9.2ms
[2022-06-20T01:11:34.677-0700][gc,phases   ] GC(151)   Other: 32.4ms
[2022-06-20T01:11:34.678-0700][gc,heap     ] GC(151) Eden regions: 47->0(48)
[2022-06-20T01:11:34.678-0700][gc,heap     ] GC(151) Survivor regions: 4->3(7)
[2022-06-20T01:11:34.678-0700][gc,heap     ] GC(151) Old regions: 33->33
[2022-06-20T01:11:34.678-0700][gc,heap     ] GC(151) Archive regions: 2->2
[2022-06-20T01:11:34.678-0700][gc,heap     ] GC(151) Humongous regions: 129->129
[2022-06-20T01:11:34.679-0700][gc,metaspace] GC(151) Metaspace: 42047K(42752K)->42047K(42752K) NonClass: 37180K(37568K)->37180K(37568K) Class: 4867K(5184K)->4867K(5184K)
[2022-06-20T01:11:34.680-0700][gc          ] GC(151) Pause Young (Normal) (G1 Evacuation Pause) 213M->165M(1024M) 529.322ms
[2022-06-20T01:11:34.680-0700][gc,cpu      ] GC(151) User=0.01s Sys=0.05s Real=0.54s
[2022-06-20T11:16:57.924-0700][gc,start    ] GC(152) Pause Young (Normal) (G1 Evacuation Pause)
[2022-06-20T11:16:57.933-0700][gc,task     ] GC(152) Using 8 workers of 8 for evacuation
[2022-06-20T11:16:58.066-0700][gc,mmu      ] GC(152) MMU target violated: 21.0ms (20.0ms/21.0ms)
[2022-06-20T11:16:58.066-0700][gc,phases   ] GC(152)   Pre Evacuate Collection Set: 9.0ms
[2022-06-20T11:16:58.066-0700][gc,phases   ] GC(152)   Merge Heap Roots: 3.2ms
[2022-06-20T11:16:58.067-0700][gc,phases   ] GC(152)   Evacuate Collection Set: 104.6ms
[2022-06-20T11:16:58.067-0700][gc,phases   ] GC(152)   Post Evacuate Collection Set: 6.6ms
[2022-06-20T11:16:58.067-0700][gc,phases   ] GC(152)   Other: 11.2ms
[2022-06-20T11:16:58.067-0700][gc,heap     ] GC(152) Eden regions: 48->0(48)
[2022-06-20T11:16:58.067-0700][gc,heap     ] GC(152) Survivor regions: 3->3(7)
[2022-06-20T11:16:58.067-0700][gc,heap     ] GC(152) Old regions: 33->33
[2022-06-20T11:16:58.067-0700][gc,heap     ] GC(152) Archive regions: 2->2
[2022-06-20T11:16:58.067-0700][gc,heap     ] GC(152) Humongous regions: 129->129
[2022-06-20T11:16:58.069-0700][gc,metaspace] GC(152) Metaspace: 42125K(42752K)->42125K(42752K) NonClass: 37258K(37568K)->37258K(37568K) Class: 4867K(5184K)->4867K(5184K)
[2022-06-20T11:16:58.070-0700][gc          ] GC(152) Pause Young (Normal) (G1 Evacuation Pause) 213M->165M(1024M) 147.373ms
[2022-06-20T11:16:58.071-0700][gc,cpu      ] GC(152) User=0.01s Sys=0.07s Real=0.15s
[2022-06-20T11:26:43.810-0700][gc,start    ] GC(153) Pause Young (Normal) (G1 Evacuation Pause)
[2022-06-20T11:26:43.817-0700][gc,task     ] GC(153) Using 8 workers of 8 for evacuation
[2022-06-20T11:26:43.951-0700][gc,mmu      ] GC(153) MMU target violated: 21.0ms (20.0ms/21.0ms)
[2022-06-20T11:26:43.954-0700][gc,phases   ] GC(153)   Pre Evacuate Collection Set: 11.0ms
[2022-06-20T11:26:43.954-0700][gc,phases   ] GC(153)   Merge Heap Roots: 4.2ms
[2022-06-20T11:26:43.954-0700][gc,phases   ] GC(153)   Evacuate Collection Set: 100.8ms
[2022-06-20T11:26:43.954-0700][gc,phases   ] GC(153)   Post Evacuate Collection Set: 8.8ms
[2022-06-20T11:26:43.954-0700][gc,phases   ] GC(153)   Other: 12.8ms
[2022-06-20T11:26:43.955-0700][gc,heap     ] GC(153) Eden regions: 48->0(47)
[2022-06-20T11:26:43.955-0700][gc,heap     ] GC(153) Survivor regions: 3->4(7)
[2022-06-20T11:26:43.955-0700][gc,heap     ] GC(153) Old regions: 33->33
[2022-06-20T11:26:43.955-0700][gc,heap     ] GC(153) Archive regions: 2->2
[2022-06-20T11:26:43.955-0700][gc,heap     ] GC(153) Humongous regions: 129->129
[2022-06-20T11:26:43.955-0700][gc,metaspace] GC(153) Metaspace: 42125K(42752K)->42125K(42752K) NonClass: 37258K(37568K)->37258K(37568K) Class: 4867K(5184K)->4867K(5184K)
[2022-06-20T11:26:43.955-0700][gc          ] GC(153) Pause Young (Normal) (G1 Evacuation Pause) 213M->166M(1024M) 147.007ms
[2022-06-20T11:26:43.955-0700][gc,cpu      ] GC(153) User=0.02s Sys=0.06s Real=0.15s
[2022-06-20T11:36:16.892-0700][gc,start    ] GC(154) Pause Young (Normal) (G1 Evacuation Pause)
[2022-06-20T11:36:16.895-0700][gc,task     ] GC(154) Using 8 workers of 8 for evacuation
[2022-06-20T11:36:17.017-0700][gc,mmu      ] GC(154) MMU target violated: 21.0ms (20.0ms/21.0ms)
[2022-06-20T11:36:17.017-0700][gc,phases   ] GC(154)   Pre Evacuate Collection Set: 8.2ms
[2022-06-20T11:36:17.017-0700][gc,phases   ] GC(154)   Merge Heap Roots: 2.4ms
[2022-06-20T11:36:17.017-0700][gc,phases   ] GC(154)   Evacuate Collection Set: 93.0ms
[2022-06-20T11:36:17.017-0700][gc,phases   ] GC(154)   Post Evacuate Collection Set: 12.2ms
[2022-06-20T11:36:17.017-0700][gc,phases   ] GC(154)   Other: 6.2ms
[2022-06-20T11:36:17.018-0700][gc,heap     ] GC(154) Eden regions: 47->0(47)
[2022-06-20T11:36:17.018-0700][gc,heap     ] GC(154) Survivor regions: 4->4(7)
[2022-06-20T11:36:17.018-0700][gc,heap     ] GC(154) Old regions: 33->33
[2022-06-20T11:36:17.018-0700][gc,heap     ] GC(154) Archive regions: 2->2
[2022-06-20T11:36:17.018-0700][gc,heap     ] GC(154) Humongous regions: 129->129
[2022-06-20T11:36:17.019-0700][gc,metaspace] GC(154) Metaspace: 42125K(42752K)->42125K(42752K) NonClass: 37258K(37568K)->37258K(37568K) Class: 4867K(5184K)->4867K(5184K)
[2022-06-20T11:36:17.019-0700][gc          ] GC(154) Pause Young (Normal) (G1 Evacuation Pause) 213M->166M(1024M) 127.826ms
[2022-06-20T11:36:17.019-0700][gc,cpu      ] GC(154) User=0.03s Sys=0.06s Real=0.12s
[2022-06-20T11:45:19.845-0700][gc,start    ] GC(155) Pause Young (Normal) (G1 Evacuation Pause)
[2022-06-20T11:45:19.851-0700][gc,task     ] GC(155) Using 8 workers of 8 for evacuation
[2022-06-20T11:45:20.003-0700][gc,mmu      ] GC(155) MMU target violated: 21.0ms (20.0ms/21.0ms)
[2022-06-20T11:45:20.003-0700][gc,phases   ] GC(155)   Pre Evacuate Collection Set: 7.6ms
[2022-06-20T11:45:20.003-0700][gc,phases   ] GC(155)   Merge Heap Roots: 5.7ms
[2022-06-20T11:45:20.003-0700][gc,phases   ] GC(155)   Evacuate Collection Set: 111.1ms
[2022-06-20T11:45:20.003-0700][gc,phases   ] GC(155)   Post Evacuate Collection Set: 4.3ms
[2022-06-20T11:45:20.003-0700][gc,phases   ] GC(155)   Other: 23.6ms
[2022-06-20T11:45:20.003-0700][gc,heap     ] GC(155) Eden regions: 47->0(47)
[2022-06-20T11:45:20.003-0700][gc,heap     ] GC(155) Survivor regions: 4->4(7)
[2022-06-20T11:45:20.003-0700][gc,heap     ] GC(155) Old regions: 33->33
[2022-06-20T11:45:20.003-0700][gc,heap     ] GC(155) Archive regions: 2->2
[2022-06-20T11:45:20.003-0700][gc,heap     ] GC(155) Humongous regions: 129->129
[2022-06-20T11:45:20.003-0700][gc,metaspace] GC(155) Metaspace: 42125K(42752K)->42125K(42752K) NonClass: 37258K(37568K)->37258K(37568K) Class: 4867K(5184K)->4867K(5184K)
[2022-06-20T11:45:20.004-0700][gc          ] GC(155) Pause Young (Normal) (G1 Evacuation Pause) 213M->166M(1024M) 161.467ms
[2022-06-20T11:45:20.004-0700][gc,cpu      ] GC(155) User=0.03s Sys=0.08s Real=0.16s
[2022-06-20T11:54:58.757-0700][gc,start    ] GC(156) Pause Young (Normal) (G1 Evacuation Pause)
[2022-06-20T11:54:58.766-0700][gc,task     ] GC(156) Using 8 workers of 8 for evacuation
[2022-06-20T11:54:58.910-0700][gc,mmu      ] GC(156) MMU target violated: 21.0ms (20.0ms/21.0ms)
[2022-06-20T11:54:58.910-0700][gc,phases   ] GC(156)   Pre Evacuate Collection Set: 39.8ms
[2022-06-20T11:54:58.910-0700][gc,phases   ] GC(156)   Merge Heap Roots: 13.2ms
[2022-06-20T11:54:58.910-0700][gc,phases   ] GC(156)   Evacuate Collection Set: 74.5ms
[2022-06-20T11:54:58.910-0700][gc,phases   ] GC(156)   Post Evacuate Collection Set: 11.4ms
[2022-06-20T11:54:58.910-0700][gc,phases   ] GC(156)   Other: 7.0ms
[2022-06-20T11:54:58.911-0700][gc,heap     ] GC(156) Eden regions: 47->0(48)
[2022-06-20T11:54:58.911-0700][gc,heap     ] GC(156) Survivor regions: 4->3(7)
[2022-06-20T11:54:58.911-0700][gc,heap     ] GC(156) Old regions: 33->33
[2022-06-20T11:54:58.911-0700][gc,heap     ] GC(156) Archive regions: 2->2
[2022-06-20T11:54:58.911-0700][gc,heap     ] GC(156) Humongous regions: 129->129
[2022-06-20T11:54:58.914-0700][gc,metaspace] GC(156) Metaspace: 42125K(42752K)->42125K(42752K) NonClass: 37258K(37568K)->37258K(37568K) Class: 4867K(5184K)->4867K(5184K)
[2022-06-20T11:54:58.915-0700][gc          ] GC(156) Pause Young (Normal) (G1 Evacuation Pause) 213M->165M(1024M) 160.075ms
[2022-06-20T11:54:58.916-0700][gc,cpu      ] GC(156) User=0.01s Sys=0.06s Real=0.16s
[2022-06-20T12:04:41.903-0700][gc,start    ] GC(157) Pause Young (Normal) (G1 Evacuation Pause)
[2022-06-20T12:04:41.907-0700][gc,task     ] GC(157) Using 8 workers of 8 for evacuation
[2022-06-20T12:04:42.043-0700][gc,mmu      ] GC(157) MMU target violated: 21.0ms (20.0ms/21.0ms)
[2022-06-20T12:04:42.043-0700][gc,phases   ] GC(157)   Pre Evacuate Collection Set: 5.6ms
[2022-06-20T12:04:42.043-0700][gc,phases   ] GC(157)   Merge Heap Roots: 1.1ms
[2022-06-20T12:04:42.043-0700][gc,phases   ] GC(157)   Evacuate Collection Set: 112.3ms
[2022-06-20T12:04:42.043-0700][gc,phases   ] GC(157)   Post Evacuate Collection Set: 5.2ms
[2022-06-20T12:04:42.043-0700][gc,phases   ] GC(157)   Other: 12.9ms
[2022-06-20T12:04:42.044-0700][gc,heap     ] GC(157) Eden regions: 48->0(48)
[2022-06-20T12:04:42.044-0700][gc,heap     ] GC(157) Survivor regions: 3->3(7)
[2022-06-20T12:04:42.044-0700][gc,heap     ] GC(157) Old regions: 33->33
[2022-06-20T12:04:42.044-0700][gc,heap     ] GC(157) Archive regions: 2->2
[2022-06-20T12:04:42.044-0700][gc,heap     ] GC(157) Humongous regions: 129->129
[2022-06-20T12:04:42.046-0700][gc,metaspace] GC(157) Metaspace: 42125K(42752K)->42125K(42752K) NonClass: 37258K(37568K)->37258K(37568K) Class: 4867K(5184K)->4867K(5184K)
[2022-06-20T12:04:42.048-0700][gc          ] GC(157) Pause Young (Normal) (G1 Evacuation Pause) 213M->165M(1024M) 146.060ms
[2022-06-20T12:04:42.048-0700][gc,cpu      ] GC(157) User=0.03s Sys=0.06s Real=0.14s
[2022-06-20T12:14:28.310-0700][gc,start    ] GC(158) Pause Young (Normal) (G1 Evacuation Pause)
[2022-06-20T12:14:28.313-0700][gc,task     ] GC(158) Using 8 workers of 8 for evacuation
[2022-06-20T12:14:28.437-0700][gc,mmu      ] GC(158) MMU target violated: 21.0ms (20.0ms/21.0ms)
[2022-06-20T12:14:28.438-0700][gc,phases   ] GC(158)   Pre Evacuate Collection Set: 9.7ms
[2022-06-20T12:14:28.438-0700][gc,phases   ] GC(158)   Merge Heap Roots: 2.3ms
[2022-06-20T12:14:28.438-0700][gc,phases   ] GC(158)   Evacuate Collection Set: 101.6ms
[2022-06-20T12:14:28.438-0700][gc,phases   ] GC(158)   Post Evacuate Collection Set: 5.5ms
[2022-06-20T12:14:28.439-0700][gc,phases   ] GC(158)   Other: 6.0ms
[2022-06-20T12:14:28.439-0700][gc,heap     ] GC(158) Eden regions: 48->0(47)
[2022-06-20T12:14:28.439-0700][gc,heap     ] GC(158) Survivor regions: 3->4(7)
[2022-06-20T12:14:28.439-0700][gc,heap     ] GC(158) Old regions: 33->33
[2022-06-20T12:14:28.439-0700][gc,heap     ] GC(158) Archive regions: 2->2
[2022-06-20T12:14:28.439-0700][gc,heap     ] GC(158) Humongous regions: 129->129
[2022-06-20T12:14:28.442-0700][gc,metaspace] GC(158) Metaspace: 42128K(42752K)->42128K(42752K) NonClass: 37261K(37568K)->37261K(37568K) Class: 4867K(5184K)->4867K(5184K)
[2022-06-20T12:14:28.442-0700][gc          ] GC(158) Pause Young (Normal) (G1 Evacuation Pause) 213M->166M(1024M) 132.571ms
[2022-06-20T12:14:28.442-0700][gc,cpu      ] GC(158) User=0.04s Sys=0.08s Real=0.14s
[2022-06-20T12:24:03.293-0700][gc,start    ] GC(159) Pause Young (Normal) (G1 Evacuation Pause)
[2022-06-20T12:24:03.299-0700][gc,task     ] GC(159) Using 8 workers of 8 for evacuation
[2022-06-20T12:24:03.401-0700][gc,mmu      ] GC(159) MMU target violated: 21.0ms (20.0ms/21.0ms)
[2022-06-20T12:24:03.402-0700][gc,phases   ] GC(159)   Pre Evacuate Collection Set: 12.3ms
[2022-06-20T12:24:03.402-0700][gc,phases   ] GC(159)   Merge Heap Roots: 1.4ms
[2022-06-20T12:24:03.402-0700][gc,phases   ] GC(159)   Evacuate Collection Set: 70.5ms
[2022-06-20T12:24:03.402-0700][gc,phases   ] GC(159)   Post Evacuate Collection Set: 5.1ms
[2022-06-20T12:24:03.402-0700][gc,phases   ] GC(159)   Other: 13.4ms
[2022-06-20T12:24:03.402-0700][gc,heap     ] GC(159) Eden regions: 47->0(48)
[2022-06-20T12:24:03.402-0700][gc,heap     ] GC(159) Survivor regions: 4->3(7)
[2022-06-20T12:24:03.402-0700][gc,heap     ] GC(159) Old regions: 33->34
[2022-06-20T12:24:03.402-0700][gc,heap     ] GC(159) Archive regions: 2->2
[2022-06-20T12:24:03.402-0700][gc,heap     ] GC(159) Humongous regions: 129->129
[2022-06-20T12:24:03.404-0700][gc,metaspace] GC(159) Metaspace: 42128K(42752K)->42128K(42752K) NonClass: 37261K(37568K)->37261K(37568K) Class: 4867K(5184K)->4867K(5184K)
[2022-06-20T12:24:03.404-0700][gc          ] GC(159) Pause Young (Normal) (G1 Evacuation Pause) 213M->165M(1024M) 114.648ms
[2022-06-20T12:24:03.404-0700][gc,cpu      ] GC(159) User=0.01s Sys=0.04s Real=0.12s
[2022-06-20T12:33:53.436-0700][gc,start    ] GC(160) Pause Young (Normal) (G1 Evacuation Pause)
[2022-06-20T12:33:53.451-0700][gc,task     ] GC(160) Using 8 workers of 8 for evacuation
[2022-06-20T12:33:53.650-0700][gc,mmu      ] GC(160) MMU target violated: 21.0ms (20.0ms/21.0ms)
[2022-06-20T12:33:53.650-0700][gc,phases   ] GC(160)   Pre Evacuate Collection Set: 40.5ms
[2022-06-20T12:33:53.650-0700][gc,phases   ] GC(160)   Merge Heap Roots: 8.8ms
[2022-06-20T12:33:53.650-0700][gc,phases   ] GC(160)   Evacuate Collection Set: 104.3ms
[2022-06-20T12:33:53.650-0700][gc,phases   ] GC(160)   Post Evacuate Collection Set: 10.9ms
[2022-06-20T12:33:53.650-0700][gc,phases   ] GC(160)   Other: 38.0ms
[2022-06-20T12:33:53.651-0700][gc,heap     ] GC(160) Eden regions: 48->0(48)
[2022-06-20T12:33:53.651-0700][gc,heap     ] GC(160) Survivor regions: 3->3(7)
[2022-06-20T12:33:53.651-0700][gc,heap     ] GC(160) Old regions: 34->34
[2022-06-20T12:33:53.651-0700][gc,heap     ] GC(160) Archive regions: 2->2
[2022-06-20T12:33:53.651-0700][gc,heap     ] GC(160) Humongous regions: 129->129
[2022-06-20T12:33:53.651-0700][gc,metaspace] GC(160) Metaspace: 42128K(42752K)->42128K(42752K) NonClass: 37261K(37568K)->37261K(37568K) Class: 4867K(5184K)->4867K(5184K)
[2022-06-20T12:33:53.653-0700][gc          ] GC(160) Pause Young (Normal) (G1 Evacuation Pause) 213M->165M(1024M) 223.158ms
[2022-06-20T12:33:53.653-0700][gc,cpu      ] GC(160) User=0.02s Sys=0.05s Real=0.23s
[2022-06-20T12:43:07.653-0700][gc,start    ] GC(161) Pause Young (Normal) (G1 Evacuation Pause)
[2022-06-20T12:43:07.657-0700][gc,task     ] GC(161) Using 8 workers of 8 for evacuation
[2022-06-20T12:43:07.786-0700][gc,mmu      ] GC(161) MMU target violated: 21.0ms (20.0ms/21.0ms)
[2022-06-20T12:43:07.791-0700][gc,phases   ] GC(161)   Pre Evacuate Collection Set: 10.3ms
[2022-06-20T12:43:07.791-0700][gc,phases   ] GC(161)   Merge Heap Roots: 0.6ms
[2022-06-20T12:43:07.791-0700][gc,phases   ] GC(161)   Evacuate Collection Set: 89.7ms
[2022-06-20T12:43:07.791-0700][gc,phases   ] GC(161)   Post Evacuate Collection Set: 4.6ms
[2022-06-20T12:43:07.791-0700][gc,phases   ] GC(161)   Other: 28.4ms
[2022-06-20T12:43:07.792-0700][gc,heap     ] GC(161) Eden regions: 48->0(48)
[2022-06-20T12:43:07.792-0700][gc,heap     ] GC(161) Survivor regions: 3->3(7)
[2022-06-20T12:43:07.792-0700][gc,heap     ] GC(161) Old regions: 34->34
[2022-06-20T12:43:07.792-0700][gc,heap     ] GC(161) Archive regions: 2->2
[2022-06-20T12:43:07.792-0700][gc,heap     ] GC(161) Humongous regions: 129->129
[2022-06-20T12:43:07.793-0700][gc,metaspace] GC(161) Metaspace: 42128K(42752K)->42128K(42752K) NonClass: 37261K(37568K)->37261K(37568K) Class: 4867K(5184K)->4867K(5184K)
[2022-06-20T12:43:07.793-0700][gc          ] GC(161) Pause Young (Normal) (G1 Evacuation Pause) 213M->165M(1024M) 142.271ms
[2022-06-20T12:43:07.793-0700][gc,cpu      ] GC(161) User=0.02s Sys=0.07s Real=0.14s
[2022-06-20T12:52:58.394-0700][gc,start    ] GC(162) Pause Young (Normal) (G1 Evacuation Pause)
[2022-06-20T12:52:58.400-0700][gc,task     ] GC(162) Using 8 workers of 8 for evacuation
[2022-06-20T12:52:58.576-0700][gc,mmu      ] GC(162) MMU target violated: 21.0ms (20.0ms/21.0ms)
[2022-06-20T12:52:58.577-0700][gc,phases   ] GC(162)   Pre Evacuate Collection Set: 30.5ms
[2022-06-20T12:52:58.577-0700][gc,phases   ] GC(162)   Merge Heap Roots: 1.2ms
[2022-06-20T12:52:58.577-0700][gc,phases   ] GC(162)   Evacuate Collection Set: 125.1ms
[2022-06-20T12:52:58.577-0700][gc,phases   ] GC(162)   Post Evacuate Collection Set: 1.3ms
[2022-06-20T12:52:58.577-0700][gc,phases   ] GC(162)   Other: 20.0ms
[2022-06-20T12:52:58.578-0700][gc,heap     ] GC(162) Eden regions: 48->0(47)
[2022-06-20T12:52:58.578-0700][gc,heap     ] GC(162) Survivor regions: 3->4(7)
[2022-06-20T12:52:58.578-0700][gc,heap     ] GC(162) Old regions: 34->34
[2022-06-20T12:52:58.578-0700][gc,heap     ] GC(162) Archive regions: 2->2
[2022-06-20T12:52:58.578-0700][gc,heap     ] GC(162) Humongous regions: 129->129
[2022-06-20T12:52:58.579-0700][gc,metaspace] GC(162) Metaspace: 42128K(42752K)->42128K(42752K) NonClass: 37261K(37568K)->37261K(37568K) Class: 4867K(5184K)->4867K(5184K)
[2022-06-20T12:52:58.580-0700][gc          ] GC(162) Pause Young (Normal) (G1 Evacuation Pause) 213M->166M(1024M) 186.598ms
[2022-06-20T12:52:58.580-0700][gc,cpu      ] GC(162) User=0.04s Sys=0.07s Real=0.19s
[2022-06-20T13:02:32.145-0700][gc,start    ] GC(163) Pause Young (Normal) (G1 Evacuation Pause)
[2022-06-20T13:02:32.154-0700][gc,task     ] GC(163) Using 8 workers of 8 for evacuation
[2022-06-20T13:02:32.328-0700][gc,mmu      ] GC(163) MMU target violated: 21.0ms (20.0ms/21.0ms)
[2022-06-20T13:02:32.328-0700][gc,phases   ] GC(163)   Pre Evacuate Collection Set: 13.1ms
[2022-06-20T13:02:32.328-0700][gc,phases   ] GC(163)   Merge Heap Roots: 3.6ms
[2022-06-20T13:02:32.328-0700][gc,phases   ] GC(163)   Evacuate Collection Set: 86.0ms
[2022-06-20T13:02:32.328-0700][gc,phases   ] GC(163)   Post Evacuate Collection Set: 17.7ms
[2022-06-20T13:02:32.328-0700][gc,phases   ] GC(163)   Other: 55.4ms
[2022-06-20T13:02:32.329-0700][gc,heap     ] GC(163) Eden regions: 47->0(48)
[2022-06-20T13:02:32.329-0700][gc,heap     ] GC(163) Survivor regions: 4->3(7)
[2022-06-20T13:02:32.329-0700][gc,heap     ] GC(163) Old regions: 34->34
[2022-06-20T13:02:32.329-0700][gc,heap     ] GC(163) Archive regions: 2->2
[2022-06-20T13:02:32.329-0700][gc,heap     ] GC(163) Humongous regions: 129->129
[2022-06-20T13:02:32.330-0700][gc,metaspace] GC(163) Metaspace: 42128K(42752K)->42128K(42752K) NonClass: 37261K(37568K)->37261K(37568K) Class: 4867K(5184K)->4867K(5184K)
[2022-06-20T13:02:32.330-0700][gc          ] GC(163) Pause Young (Normal) (G1 Evacuation Pause) 213M->165M(1024M) 189.646ms
[2022-06-20T13:02:32.330-0700][gc,cpu      ] GC(163) User=0.01s Sys=0.05s Real=0.19s
[2022-06-20T13:12:28.897-0700][gc,start    ] GC(164) Pause Young (Normal) (G1 Evacuation Pause)
[2022-06-20T13:12:28.903-0700][gc,task     ] GC(164) Using 8 workers of 8 for evacuation
[2022-06-20T13:12:29.033-0700][gc,mmu      ] GC(164) MMU target violated: 21.0ms (20.0ms/21.0ms)
[2022-06-20T13:12:29.033-0700][gc,phases   ] GC(164)   Pre Evacuate Collection Set: 8.0ms
[2022-06-20T13:12:29.033-0700][gc,phases   ] GC(164)   Merge Heap Roots: 3.4ms
[2022-06-20T13:12:29.033-0700][gc,phases   ] GC(164)   Evacuate Collection Set: 89.8ms
[2022-06-20T13:12:29.033-0700][gc,phases   ] GC(164)   Post Evacuate Collection Set: 8.3ms
[2022-06-20T13:12:29.033-0700][gc,phases   ] GC(164)   Other: 22.6ms
[2022-06-20T13:12:29.034-0700][gc,heap     ] GC(164) Eden regions: 48->0(48)
[2022-06-20T13:12:29.034-0700][gc,heap     ] GC(164) Survivor regions: 3->3(7)
[2022-06-20T13:12:29.034-0700][gc,heap     ] GC(164) Old regions: 34->34
[2022-06-20T13:12:29.034-0700][gc,heap     ] GC(164) Archive regions: 2->2
[2022-06-20T13:12:29.034-0700][gc,heap     ] GC(164) Humongous regions: 129->129
[2022-06-20T13:12:29.036-0700][gc,metaspace] GC(164) Metaspace: 42128K(42752K)->42128K(42752K) NonClass: 37261K(37568K)->37261K(37568K) Class: 4867K(5184K)->4867K(5184K)
[2022-06-20T13:12:29.037-0700][gc          ] GC(164) Pause Young (Normal) (G1 Evacuation Pause) 213M->165M(1024M) 141.607ms
[2022-06-20T13:12:29.037-0700][gc,cpu      ] GC(164) User=0.03s Sys=0.07s Real=0.14s
[2022-06-20T13:22:16.022-0700][gc,start    ] GC(165) Pause Young (Normal) (G1 Evacuation Pause)
[2022-06-20T13:22:16.220-0700][gc,task     ] GC(165) Using 8 workers of 8 for evacuation
[2022-06-20T13:22:16.492-0700][gc,mmu      ] GC(165) MMU target violated: 21.0ms (20.0ms/21.0ms)
[2022-06-20T13:22:16.726-0700][gc,phases   ] GC(165)   Pre Evacuate Collection Set: 49.1ms
[2022-06-20T13:22:16.726-0700][gc,phases   ] GC(165)   Merge Heap Roots: 3.4ms
[2022-06-20T13:22:16.726-0700][gc,phases   ] GC(165)   Evacuate Collection Set: 184.9ms
[2022-06-20T13:22:16.726-0700][gc,phases   ] GC(165)   Post Evacuate Collection Set: 8.4ms
[2022-06-20T13:22:16.726-0700][gc,phases   ] GC(165)   Other: 264.5ms
[2022-06-20T13:22:16.729-0700][gc,heap     ] GC(165) Eden regions: 48->0(47)
[2022-06-20T13:22:16.729-0700][gc,heap     ] GC(165) Survivor regions: 3->4(7)
[2022-06-20T13:22:16.729-0700][gc,heap     ] GC(165) Old regions: 34->34
[2022-06-20T13:22:16.729-0700][gc,heap     ] GC(165) Archive regions: 2->2
[2022-06-20T13:22:16.729-0700][gc,heap     ] GC(165) Humongous regions: 129->129
[2022-06-20T13:22:16.730-0700][gc,metaspace] GC(165) Metaspace: 42128K(42752K)->42128K(42752K) NonClass: 37261K(37568K)->37261K(37568K) Class: 4867K(5184K)->4867K(5184K)
[2022-06-20T13:22:16.732-0700][gc          ] GC(165) Pause Young (Normal) (G1 Evacuation Pause) 213M->166M(1024M) 716.834ms
[2022-06-20T13:22:16.732-0700][gc,cpu      ] GC(165) User=0.03s Sys=0.10s Real=0.72s
[2022-06-20T13:31:58.087-0700][gc,start    ] GC(166) Pause Young (Normal) (G1 Evacuation Pause)
[2022-06-20T13:31:58.092-0700][gc,task     ] GC(166) Using 8 workers of 8 for evacuation
[2022-06-20T13:31:58.326-0700][gc,mmu      ] GC(166) MMU target violated: 21.0ms (20.0ms/21.0ms)
[2022-06-20T13:31:58.326-0700][gc,phases   ] GC(166)   Pre Evacuate Collection Set: 13.1ms
[2022-06-20T13:31:58.326-0700][gc,phases   ] GC(166)   Merge Heap Roots: 10.6ms
[2022-06-20T13:31:58.326-0700][gc,phases   ] GC(166)   Evacuate Collection Set: 180.1ms
[2022-06-20T13:31:58.326-0700][gc,phases   ] GC(166)   Post Evacuate Collection Set: 19.3ms
[2022-06-20T13:31:58.326-0700][gc,phases   ] GC(166)   Other: 12.9ms
[2022-06-20T13:31:58.328-0700][gc,heap     ] GC(166) Eden regions: 47->0(47)
[2022-06-20T13:31:58.328-0700][gc,heap     ] GC(166) Survivor regions: 4->4(7)
[2022-06-20T13:31:58.328-0700][gc,heap     ] GC(166) Old regions: 34->34
[2022-06-20T13:31:58.328-0700][gc,heap     ] GC(166) Archive regions: 2->2
[2022-06-20T13:31:58.328-0700][gc,heap     ] GC(166) Humongous regions: 129->129
[2022-06-20T13:31:58.329-0700][gc,metaspace] GC(166) Metaspace: 42128K(42752K)->42128K(42752K) NonClass: 37261K(37568K)->37261K(37568K) Class: 4867K(5184K)->4867K(5184K)
[2022-06-20T13:31:58.330-0700][gc          ] GC(166) Pause Young (Normal) (G1 Evacuation Pause) 213M->166M(1024M) 245.250ms
[2022-06-20T13:31:58.330-0700][gc,cpu      ] GC(166) User=0.05s Sys=0.08s Real=0.25s
[2022-06-20T13:41:13.212-0700][gc,start    ] GC(167) Pause Young (Normal) (G1 Evacuation Pause)
[2022-06-20T13:41:13.228-0700][gc,task     ] GC(167) Using 8 workers of 8 for evacuation
[2022-06-20T13:41:13.391-0700][gc,mmu      ] GC(167) MMU target violated: 21.0ms (20.0ms/21.0ms)
[2022-06-20T13:41:13.391-0700][gc,phases   ] GC(167)   Pre Evacuate Collection Set: 23.6ms
[2022-06-20T13:41:13.391-0700][gc,phases   ] GC(167)   Merge Heap Roots: 5.1ms
[2022-06-20T13:41:13.391-0700][gc,phases   ] GC(167)   Evacuate Collection Set: 90.3ms
[2022-06-20T13:41:13.391-0700][gc,phases   ] GC(167)   Post Evacuate Collection Set: 21.7ms
[2022-06-20T13:41:13.391-0700][gc,phases   ] GC(167)   Other: 26.2ms
[2022-06-20T13:41:13.392-0700][gc,heap     ] GC(167) Eden regions: 47->0(48)
[2022-06-20T13:41:13.392-0700][gc,heap     ] GC(167) Survivor regions: 4->3(7)
[2022-06-20T13:41:13.392-0700][gc,heap     ] GC(167) Old regions: 34->34
[2022-06-20T13:41:13.392-0700][gc,heap     ] GC(167) Archive regions: 2->2
[2022-06-20T13:41:13.392-0700][gc,heap     ] GC(167) Humongous regions: 129->129
[2022-06-20T13:41:13.393-0700][gc,metaspace] GC(167) Metaspace: 42128K(42752K)->42128K(42752K) NonClass: 37261K(37568K)->37261K(37568K) Class: 4867K(5184K)->4867K(5184K)
[2022-06-20T13:41:13.393-0700][gc          ] GC(167) Pause Young (Normal) (G1 Evacuation Pause) 213M->165M(1024M) 184.289ms
[2022-06-20T13:41:13.393-0700][gc,cpu      ] GC(167) User=0.01s Sys=0.04s Real=0.19s
[2022-06-20T13:50:57.852-0700][gc,start    ] GC(168) Pause Young (Normal) (G1 Evacuation Pause)
[2022-06-20T13:50:57.876-0700][gc,task     ] GC(168) Using 8 workers of 8 for evacuation
[2022-06-20T13:50:57.994-0700][gc,mmu      ] GC(168) MMU target violated: 21.0ms (20.0ms/21.0ms)
[2022-06-20T13:50:57.994-0700][gc,phases   ] GC(168)   Pre Evacuate Collection Set: 11.4ms
[2022-06-20T13:50:57.994-0700][gc,phases   ] GC(168)   Merge Heap Roots: 6.8ms
[2022-06-20T13:50:57.994-0700][gc,phases   ] GC(168)   Evacuate Collection Set: 80.4ms
[2022-06-20T13:50:57.994-0700][gc,phases   ] GC(168)   Post Evacuate Collection Set: 8.6ms
[2022-06-20T13:50:57.995-0700][gc,phases   ] GC(168)   Other: 24.6ms
[2022-06-20T13:50:57.995-0700][gc,heap     ] GC(168) Eden regions: 48->0(48)
[2022-06-20T13:50:57.995-0700][gc,heap     ] GC(168) Survivor regions: 3->3(7)
[2022-06-20T13:50:57.995-0700][gc,heap     ] GC(168) Old regions: 34->34
[2022-06-20T13:50:57.995-0700][gc,heap     ] GC(168) Archive regions: 2->2
[2022-06-20T13:50:57.995-0700][gc,heap     ] GC(168) Humongous regions: 129->129
[2022-06-20T13:50:57.998-0700][gc,metaspace] GC(168) Metaspace: 42128K(42752K)->42128K(42752K) NonClass: 37261K(37568K)->37261K(37568K) Class: 4867K(5184K)->4867K(5184K)
[2022-06-20T13:50:57.999-0700][gc          ] GC(168) Pause Young (Normal) (G1 Evacuation Pause) 213M->165M(1024M) 155.736ms
[2022-06-20T13:50:57.999-0700][gc,cpu      ] GC(168) User=0.02s Sys=0.05s Real=0.15s
[2022-06-20T14:00:48.481-0700][gc,start    ] GC(169) Pause Young (Normal) (G1 Evacuation Pause)
[2022-06-20T14:00:48.488-0700][gc,task     ] GC(169) Using 8 workers of 8 for evacuation
[2022-06-20T14:00:48.641-0700][gc,mmu      ] GC(169) MMU target violated: 21.0ms (20.0ms/21.0ms)
[2022-06-20T14:00:48.756-0700][gc,phases   ] GC(169)   Pre Evacuate Collection Set: 11.7ms
[2022-06-20T14:00:48.756-0700][gc,phases   ] GC(169)   Merge Heap Roots: 2.6ms
[2022-06-20T14:00:48.756-0700][gc,phases   ] GC(169)   Evacuate Collection Set: 113.5ms
[2022-06-20T14:00:48.756-0700][gc,phases   ] GC(169)   Post Evacuate Collection Set: 10.0ms
[2022-06-20T14:00:48.756-0700][gc,phases   ] GC(169)   Other: 130.5ms
[2022-06-20T14:00:48.756-0700][gc,heap     ] GC(169) Eden regions: 48->0(48)
[2022-06-20T14:00:48.756-0700][gc,heap     ] GC(169) Survivor regions: 3->3(7)
[2022-06-20T14:00:48.756-0700][gc,heap     ] GC(169) Old regions: 34->34
[2022-06-20T14:00:48.756-0700][gc,heap     ] GC(169) Archive regions: 2->2
[2022-06-20T14:00:48.756-0700][gc,heap     ] GC(169) Humongous regions: 129->129
[2022-06-20T14:00:48.757-0700][gc,metaspace] GC(169) Metaspace: 42128K(42752K)->42128K(42752K) NonClass: 37261K(37568K)->37261K(37568K) Class: 4867K(5184K)->4867K(5184K)
[2022-06-20T14:00:48.758-0700][gc          ] GC(169) Pause Young (Normal) (G1 Evacuation Pause) 213M->166M(1024M) 276.770ms
[2022-06-20T14:00:48.758-0700][gc,cpu      ] GC(169) User=0.04s Sys=0.08s Real=0.27s
[2022-06-20T14:10:36.378-0700][gc,start    ] GC(170) Pause Young (Normal) (G1 Evacuation Pause)
[2022-06-20T14:10:36.385-0700][gc,task     ] GC(170) Using 8 workers of 8 for evacuation
[2022-06-20T14:10:36.572-0700][gc,mmu      ] GC(170) MMU target violated: 21.0ms (20.0ms/21.0ms)
[2022-06-20T14:10:36.572-0700][gc,phases   ] GC(170)   Pre Evacuate Collection Set: 27.1ms
[2022-06-20T14:10:36.572-0700][gc,phases   ] GC(170)   Merge Heap Roots: 12.7ms
[2022-06-20T14:10:36.572-0700][gc,phases   ] GC(170)   Evacuate Collection Set: 102.3ms
[2022-06-20T14:10:36.572-0700][gc,phases   ] GC(170)   Post Evacuate Collection Set: 25.0ms
[2022-06-20T14:10:36.576-0700][gc,phases   ] GC(170)   Other: 21.2ms
[2022-06-20T14:10:36.578-0700][gc,heap     ] GC(170) Eden regions: 48->0(48)
[2022-06-20T14:10:36.578-0700][gc,heap     ] GC(170) Survivor regions: 3->3(7)
[2022-06-20T14:10:36.578-0700][gc,heap     ] GC(170) Old regions: 34->34
[2022-06-20T14:10:36.578-0700][gc,heap     ] GC(170) Archive regions: 2->2
[2022-06-20T14:10:36.578-0700][gc,heap     ] GC(170) Humongous regions: 129->129
[2022-06-20T14:10:36.584-0700][gc,metaspace] GC(170) Metaspace: 42128K(42752K)->42128K(42752K) NonClass: 37261K(37568K)->37261K(37568K) Class: 4867K(5184K)->4867K(5184K)
[2022-06-20T14:10:36.589-0700][gc          ] GC(170) Pause Young (Normal) (G1 Evacuation Pause) 214M->165M(1024M) 212.451ms
[2022-06-20T14:10:36.589-0700][gc,cpu      ] GC(170) User=0.01s Sys=0.05s Real=0.21s
[2022-06-20T14:20:23.437-0700][gc,start    ] GC(171) Pause Young (Normal) (G1 Evacuation Pause)
[2022-06-20T14:20:23.442-0700][gc,task     ] GC(171) Using 8 workers of 8 for evacuation
[2022-06-20T14:20:23.538-0700][gc,mmu      ] GC(171) MMU target violated: 21.0ms (20.0ms/21.0ms)
[2022-06-20T14:20:23.539-0700][gc,phases   ] GC(171)   Pre Evacuate Collection Set: 5.6ms
[2022-06-20T14:20:23.539-0700][gc,phases   ] GC(171)   Merge Heap Roots: 6.2ms
[2022-06-20T14:20:23.539-0700][gc,phases   ] GC(171)   Evacuate Collection Set: 62.5ms
[2022-06-20T14:20:23.539-0700][gc,phases   ] GC(171)   Post Evacuate Collection Set: 7.4ms
[2022-06-20T14:20:23.539-0700][gc,phases   ] GC(171)   Other: 15.7ms
[2022-06-20T14:20:23.540-0700][gc,heap     ] GC(171) Eden regions: 48->0(48)
[2022-06-20T14:20:23.540-0700][gc,heap     ] GC(171) Survivor regions: 3->3(7)
[2022-06-20T14:20:23.540-0700][gc,heap     ] GC(171) Old regions: 34->34
[2022-06-20T14:20:23.540-0700][gc,heap     ] GC(171) Archive regions: 2->2
[2022-06-20T14:20:23.540-0700][gc,heap     ] GC(171) Humongous regions: 129->129
[2022-06-20T14:20:23.540-0700][gc,metaspace] GC(171) Metaspace: 42128K(42752K)->42128K(42752K) NonClass: 37261K(37568K)->37261K(37568K) Class: 4867K(5184K)->4867K(5184K)
[2022-06-20T14:20:23.540-0700][gc          ] GC(171) Pause Young (Normal) (G1 Evacuation Pause) 213M->165M(1024M) 104.226ms
[2022-06-20T14:20:23.540-0700][gc,cpu      ] GC(171) User=0.02s Sys=0.05s Real=0.11s
[2022-06-20T14:30:08.832-0700][gc,start    ] GC(172) Pause Young (Normal) (G1 Evacuation Pause)
[2022-06-20T14:30:08.833-0700][gc,task     ] GC(172) Using 8 workers of 8 for evacuation
[2022-06-20T14:30:08.914-0700][gc,mmu      ] GC(172) MMU target violated: 21.0ms (20.0ms/21.0ms)
[2022-06-20T14:30:08.915-0700][gc,phases   ] GC(172)   Pre Evacuate Collection Set: 2.6ms
[2022-06-20T14:30:08.915-0700][gc,phases   ] GC(172)   Merge Heap Roots: 1.5ms
[2022-06-20T14:30:08.915-0700][gc,phases   ] GC(172)   Evacuate Collection Set: 66.0ms
[2022-06-20T14:30:08.915-0700][gc,phases   ] GC(172)   Post Evacuate Collection Set: 3.7ms
[2022-06-20T14:30:08.915-0700][gc,phases   ] GC(172)   Other: 6.8ms
[2022-06-20T14:30:08.916-0700][gc,heap     ] GC(172) Eden regions: 48->0(48)
[2022-06-20T14:30:08.916-0700][gc,heap     ] GC(172) Survivor regions: 3->3(7)
[2022-06-20T14:30:08.916-0700][gc,heap     ] GC(172) Old regions: 34->34
[2022-06-20T14:30:08.916-0700][gc,heap     ] GC(172) Archive regions: 2->2
[2022-06-20T14:30:08.916-0700][gc,heap     ] GC(172) Humongous regions: 129->129
[2022-06-20T14:30:08.916-0700][gc,metaspace] GC(172) Metaspace: 42128K(42752K)->42128K(42752K) NonClass: 37261K(37568K)->37261K(37568K) Class: 4867K(5184K)->4867K(5184K)
[2022-06-20T14:30:08.916-0700][gc          ] GC(172) Pause Young (Normal) (G1 Evacuation Pause) 213M->166M(1024M) 84.773ms
[2022-06-20T14:30:08.916-0700][gc,cpu      ] GC(172) User=0.02s Sys=0.06s Real=0.08s
[2022-06-20T14:39:52.038-0700][gc,start    ] GC(173) Pause Young (Normal) (G1 Evacuation Pause)
[2022-06-20T14:39:52.043-0700][gc,task     ] GC(173) Using 8 workers of 8 for evacuation
[2022-06-20T14:39:52.170-0700][gc,mmu      ] GC(173) MMU target violated: 21.0ms (20.0ms/21.0ms)
[2022-06-20T14:39:52.171-0700][gc,phases   ] GC(173)   Pre Evacuate Collection Set: 5.4ms
[2022-06-20T14:39:52.171-0700][gc,phases   ] GC(173)   Merge Heap Roots: 1.8ms
[2022-06-20T14:39:52.171-0700][gc,phases   ] GC(173)   Evacuate Collection Set: 93.0ms
[2022-06-20T14:39:52.171-0700][gc,phases   ] GC(173)   Post Evacuate Collection Set: 19.3ms
[2022-06-20T14:39:52.172-0700][gc,phases   ] GC(173)   Other: 8.8ms
[2022-06-20T14:39:52.172-0700][gc,heap     ] GC(173) Eden regions: 48->0(47)
[2022-06-20T14:39:52.172-0700][gc,heap     ] GC(173) Survivor regions: 3->4(7)
[2022-06-20T14:39:52.172-0700][gc,heap     ] GC(173) Old regions: 34->34
[2022-06-20T14:39:52.172-0700][gc,heap     ] GC(173) Archive regions: 2->2
[2022-06-20T14:39:52.172-0700][gc,heap     ] GC(173) Humongous regions: 129->129
[2022-06-20T14:39:52.174-0700][gc,metaspace] GC(173) Metaspace: 42128K(42752K)->42128K(42752K) NonClass: 37261K(37568K)->37261K(37568K) Class: 4867K(5184K)->4867K(5184K)
[2022-06-20T14:39:52.176-0700][gc          ] GC(173) Pause Young (Normal) (G1 Evacuation Pause) 214M->166M(1024M) 139.745ms
[2022-06-20T14:39:52.176-0700][gc,cpu      ] GC(173) User=0.04s Sys=0.05s Real=0.14s
[2022-06-20T14:48:47.937-0700][gc,start    ] GC(174) Pause Young (Normal) (G1 Evacuation Pause)
[2022-06-20T14:48:47.940-0700][gc,task     ] GC(174) Using 8 workers of 8 for evacuation
[2022-06-20T14:48:48.003-0700][gc,mmu      ] GC(174) MMU target violated: 21.0ms (20.0ms/21.0ms)
[2022-06-20T14:48:48.004-0700][gc,phases   ] GC(174)   Pre Evacuate Collection Set: 6.1ms
[2022-06-20T14:48:48.004-0700][gc,phases   ] GC(174)   Merge Heap Roots: 1.1ms
[2022-06-20T14:48:48.004-0700][gc,phases   ] GC(174)   Evacuate Collection Set: 35.6ms
[2022-06-20T14:48:48.004-0700][gc,phases   ] GC(174)   Post Evacuate Collection Set: 4.7ms
[2022-06-20T14:48:48.004-0700][gc,phases   ] GC(174)   Other: 15.1ms
[2022-06-20T14:48:48.005-0700][gc,heap     ] GC(174) Eden regions: 47->0(48)
[2022-06-20T14:48:48.005-0700][gc,heap     ] GC(174) Survivor regions: 4->3(7)
[2022-06-20T14:48:48.005-0700][gc,heap     ] GC(174) Old regions: 34->34
[2022-06-20T14:48:48.005-0700][gc,heap     ] GC(174) Archive regions: 2->2
[2022-06-20T14:48:48.005-0700][gc,heap     ] GC(174) Humongous regions: 129->129
[2022-06-20T14:48:48.006-0700][gc,metaspace] GC(174) Metaspace: 42128K(42752K)->42128K(42752K) NonClass: 37261K(37568K)->37261K(37568K) Class: 4867K(5184K)->4867K(5184K)
[2022-06-20T14:48:48.007-0700][gc          ] GC(174) Pause Young (Normal) (G1 Evacuation Pause) 213M->165M(1024M) 71.384ms
[2022-06-20T14:48:48.007-0700][gc,cpu      ] GC(174) User=0.02s Sys=0.05s Real=0.07s
[2022-06-20T14:58:28.357-0700][gc,start    ] GC(175) Pause Young (Normal) (G1 Evacuation Pause)
[2022-06-20T14:58:28.360-0700][gc,task     ] GC(175) Using 8 workers of 8 for evacuation
[2022-06-20T14:58:28.410-0700][gc,mmu      ] GC(175) MMU target violated: 21.0ms (20.0ms/21.0ms)
[2022-06-20T14:58:28.410-0700][gc,phases   ] GC(175)   Pre Evacuate Collection Set: 6.9ms
[2022-06-20T14:58:28.410-0700][gc,phases   ] GC(175)   Merge Heap Roots: 1.8ms
[2022-06-20T14:58:28.410-0700][gc,phases   ] GC(175)   Evacuate Collection Set: 29.1ms
[2022-06-20T14:58:28.410-0700][gc,phases   ] GC(175)   Post Evacuate Collection Set: 3.4ms
[2022-06-20T14:58:28.410-0700][gc,phases   ] GC(175)   Other: 10.2ms
[2022-06-20T14:58:28.410-0700][gc,heap     ] GC(175) Eden regions: 48->0(48)
[2022-06-20T14:58:28.410-0700][gc,heap     ] GC(175) Survivor regions: 3->3(7)
[2022-06-20T14:58:28.410-0700][gc,heap     ] GC(175) Old regions: 34->34
[2022-06-20T14:58:28.410-0700][gc,heap     ] GC(175) Archive regions: 2->2
[2022-06-20T14:58:28.410-0700][gc,heap     ] GC(175) Humongous regions: 129->129
[2022-06-20T14:58:28.410-0700][gc,metaspace] GC(175) Metaspace: 42132K(42752K)->42132K(42752K) NonClass: 37264K(37568K)->37264K(37568K) Class: 4867K(5184K)->4867K(5184K)
[2022-06-20T14:58:28.411-0700][gc          ] GC(175) Pause Young (Normal) (G1 Evacuation Pause) 213M->165M(1024M) 54.232ms
[2022-06-20T14:58:28.411-0700][gc,cpu      ] GC(175) User=0.01s Sys=0.04s Real=0.06s
[2022-06-20T15:08:13.361-0700][gc,start    ] GC(176) Pause Young (Normal) (G1 Evacuation Pause)
[2022-06-20T15:08:13.374-0700][gc,task     ] GC(176) Using 8 workers of 8 for evacuation
[2022-06-20T15:08:13.515-0700][gc,mmu      ] GC(176) MMU target violated: 21.0ms (20.0ms/21.0ms)
[2022-06-20T15:08:13.516-0700][gc,phases   ] GC(176)   Pre Evacuate Collection Set: 9.5ms
[2022-06-20T15:08:13.516-0700][gc,phases   ] GC(176)   Merge Heap Roots: 2.2ms
[2022-06-20T15:08:13.516-0700][gc,phases   ] GC(176)   Evacuate Collection Set: 95.3ms
[2022-06-20T15:08:13.516-0700][gc,phases   ] GC(176)   Post Evacuate Collection Set: 26.0ms
[2022-06-20T15:08:13.516-0700][gc,phases   ] GC(176)   Other: 9.7ms
[2022-06-20T15:08:13.517-0700][gc,heap     ] GC(176) Eden regions: 48->0(48)
[2022-06-20T15:08:13.517-0700][gc,heap     ] GC(176) Survivor regions: 3->3(7)
[2022-06-20T15:08:13.517-0700][gc,heap     ] GC(176) Old regions: 34->34
[2022-06-20T15:08:13.517-0700][gc,heap     ] GC(176) Archive regions: 2->2
[2022-06-20T15:08:13.517-0700][gc,heap     ] GC(176) Humongous regions: 129->129
[2022-06-20T15:08:13.520-0700][gc,metaspace] GC(176) Metaspace: 42132K(42752K)->42132K(42752K) NonClass: 37264K(37568K)->37264K(37568K) Class: 4867K(5184K)->4867K(5184K)
[2022-06-20T15:08:13.521-0700][gc          ] GC(176) Pause Young (Normal) (G1 Evacuation Pause) 213M->166M(1024M) 162.234ms
[2022-06-20T15:08:13.521-0700][gc,cpu      ] GC(176) User=0.03s Sys=0.07s Real=0.17s
[2022-06-20T15:18:07.297-0700][gc,start    ] GC(177) Pause Young (Normal) (G1 Evacuation Pause)
[2022-06-20T15:18:07.341-0700][gc,task     ] GC(177) Using 8 workers of 8 for evacuation
[2022-06-20T15:18:08.003-0700][gc,mmu      ] GC(177) MMU target violated: 21.0ms (20.0ms/21.0ms)
[2022-06-20T15:18:08.004-0700][gc,phases   ] GC(177)   Pre Evacuate Collection Set: 285.5ms
[2022-06-20T15:18:08.004-0700][gc,phases   ] GC(177)   Merge Heap Roots: 26.5ms
[2022-06-20T15:18:08.004-0700][gc,phases   ] GC(177)   Evacuate Collection Set: 176.0ms
[2022-06-20T15:18:08.004-0700][gc,phases   ] GC(177)   Post Evacuate Collection Set: 27.9ms
[2022-06-20T15:18:08.005-0700][gc,phases   ] GC(177)   Other: 154.9ms
[2022-06-20T15:18:08.005-0700][gc,heap     ] GC(177) Eden regions: 48->0(49)
[2022-06-20T15:18:08.005-0700][gc,heap     ] GC(177) Survivor regions: 3->2(7)
[2022-06-20T15:18:08.005-0700][gc,heap     ] GC(177) Old regions: 34->34
[2022-06-20T15:18:08.005-0700][gc,heap     ] GC(177) Archive regions: 2->2
[2022-06-20T15:18:08.005-0700][gc,heap     ] GC(177) Humongous regions: 129->129
[2022-06-20T15:18:08.007-0700][gc,metaspace] GC(177) Metaspace: 42132K(42752K)->42132K(42752K) NonClass: 37264K(37568K)->37264K(37568K) Class: 4867K(5184K)->4867K(5184K)
[2022-06-20T15:18:08.009-0700][gc          ] GC(177) Pause Young (Normal) (G1 Evacuation Pause) 214M->165M(1024M) 723.883ms
[2022-06-20T15:18:08.009-0700][gc,cpu      ] GC(177) User=0.01s Sys=0.10s Real=0.72s
[2022-06-20T15:28:13.302-0700][gc,start    ] GC(178) Pause Young (Normal) (G1 Evacuation Pause)
[2022-06-20T15:28:13.308-0700][gc,task     ] GC(178) Using 8 workers of 8 for evacuation
[2022-06-20T15:28:13.423-0700][gc,mmu      ] GC(178) MMU target violated: 21.0ms (20.0ms/21.0ms)
[2022-06-20T15:28:13.424-0700][gc,phases   ] GC(178)   Pre Evacuate Collection Set: 20.3ms
[2022-06-20T15:28:13.424-0700][gc,phases   ] GC(178)   Merge Heap Roots: 4.2ms
[2022-06-20T15:28:13.424-0700][gc,phases   ] GC(178)   Evacuate Collection Set: 57.8ms
[2022-06-20T15:28:13.424-0700][gc,phases   ] GC(178)   Post Evacuate Collection Set: 11.9ms
[2022-06-20T15:28:13.424-0700][gc,phases   ] GC(178)   Other: 22.3ms
[2022-06-20T15:28:13.425-0700][gc,heap     ] GC(178) Eden regions: 49->0(48)
[2022-06-20T15:28:13.425-0700][gc,heap     ] GC(178) Survivor regions: 2->3(7)
[2022-06-20T15:28:13.425-0700][gc,heap     ] GC(178) Old regions: 34->34
[2022-06-20T15:28:13.425-0700][gc,heap     ] GC(178) Archive regions: 2->2
[2022-06-20T15:28:13.425-0700][gc,heap     ] GC(178) Humongous regions: 129->129
[2022-06-20T15:28:13.428-0700][gc,metaspace] GC(178) Metaspace: 42132K(42752K)->42132K(42752K) NonClass: 37264K(37568K)->37264K(37568K) Class: 4867K(5184K)->4867K(5184K)
[2022-06-20T15:28:13.430-0700][gc          ] GC(178) Pause Young (Normal) (G1 Evacuation Pause) 214M->165M(1024M) 129.488ms
[2022-06-20T15:28:13.430-0700][gc,cpu      ] GC(178) User=0.01s Sys=0.05s Real=0.13s
[2022-06-20T15:38:05.317-0700][gc,start    ] GC(179) Pause Young (Normal) (G1 Evacuation Pause)
[2022-06-20T15:38:06.159-0700][gc,task     ] GC(179) Using 8 workers of 8 for evacuation
[2022-06-20T15:38:06.451-0700][gc,mmu      ] GC(179) MMU target violated: 21.0ms (20.0ms/21.0ms)
[2022-06-20T15:38:06.623-0700][gc,phases   ] GC(179)   Pre Evacuate Collection Set: 34.2ms
[2022-06-20T15:38:06.624-0700][gc,phases   ] GC(179)   Merge Heap Roots: 20.4ms
[2022-06-20T15:38:06.624-0700][gc,phases   ] GC(179)   Evacuate Collection Set: 180.8ms
[2022-06-20T15:38:06.624-0700][gc,phases   ] GC(179)   Post Evacuate Collection Set: 12.0ms
[2022-06-20T15:38:06.625-0700][gc,phases   ] GC(179)   Other: 219.3ms
[2022-06-20T15:38:06.627-0700][gc,heap     ] GC(179) Eden regions: 48->0(48)
[2022-06-20T15:38:06.627-0700][gc,heap     ] GC(179) Survivor regions: 3->3(7)
[2022-06-20T15:38:06.627-0700][gc,heap     ] GC(179) Old regions: 34->34
[2022-06-20T15:38:06.627-0700][gc,heap     ] GC(179) Archive regions: 2->2
[2022-06-20T15:38:06.627-0700][gc,heap     ] GC(179) Humongous regions: 129->129
[2022-06-20T15:38:06.635-0700][gc,metaspace] GC(179) Metaspace: 42132K(42752K)->42132K(42752K) NonClass: 37264K(37568K)->37264K(37568K) Class: 4867K(5184K)->4867K(5184K)
[2022-06-20T15:38:06.638-0700][gc          ] GC(179) Pause Young (Normal) (G1 Evacuation Pause) 213M->166M(1024M) 1322.609ms
[2022-06-20T15:38:06.638-0700][gc,cpu      ] GC(179) User=0.04s Sys=0.09s Real=1.32s
[2022-06-20T15:47:43.893-0700][gc,start    ] GC(180) Pause Young (Normal) (G1 Evacuation Pause)
[2022-06-20T15:47:43.897-0700][gc,task     ] GC(180) Using 8 workers of 8 for evacuation
[2022-06-20T15:47:43.994-0700][gc,mmu      ] GC(180) MMU target violated: 21.0ms (20.0ms/21.0ms)
[2022-06-20T15:47:43.994-0700][gc,phases   ] GC(180)   Pre Evacuate Collection Set: 12.0ms
[2022-06-20T15:47:43.994-0700][gc,phases   ] GC(180)   Merge Heap Roots: 1.4ms
[2022-06-20T15:47:43.994-0700][gc,phases   ] GC(180)   Evacuate Collection Set: 64.0ms
[2022-06-20T15:47:43.994-0700][gc,phases   ] GC(180)   Post Evacuate Collection Set: 8.6ms
[2022-06-20T15:47:43.994-0700][gc,phases   ] GC(180)   Other: 11.6ms
[2022-06-20T15:47:43.995-0700][gc,heap     ] GC(180) Eden regions: 48->0(47)
[2022-06-20T15:47:43.995-0700][gc,heap     ] GC(180) Survivor regions: 3->4(7)
[2022-06-20T15:47:43.995-0700][gc,heap     ] GC(180) Old regions: 34->34
[2022-06-20T15:47:43.995-0700][gc,heap     ] GC(180) Archive regions: 2->2
[2022-06-20T15:47:43.995-0700][gc,heap     ] GC(180) Humongous regions: 129->129
[2022-06-20T15:47:43.995-0700][gc,metaspace] GC(180) Metaspace: 42132K(42752K)->42132K(42752K) NonClass: 37264K(37568K)->37264K(37568K) Class: 4867K(5184K)->4867K(5184K)
[2022-06-20T15:47:43.996-0700][gc          ] GC(180) Pause Young (Normal) (G1 Evacuation Pause) 214M->166M(1024M) 102.982ms
[2022-06-20T15:47:43.996-0700][gc,cpu      ] GC(180) User=0.03s Sys=0.08s Real=0.10s
[2022-06-20T15:57:14.485-0700][gc,start    ] GC(181) Pause Young (Normal) (G1 Evacuation Pause)
[2022-06-20T15:57:14.496-0700][gc,task     ] GC(181) Using 8 workers of 8 for evacuation
[2022-06-20T15:57:14.566-0700][gc,mmu      ] GC(181) MMU target violated: 21.0ms (20.0ms/21.0ms)
[2022-06-20T15:57:14.567-0700][gc,phases   ] GC(181)   Pre Evacuate Collection Set: 15.6ms
[2022-06-20T15:57:14.567-0700][gc,phases   ] GC(181)   Merge Heap Roots: 8.7ms
[2022-06-20T15:57:14.567-0700][gc,phases   ] GC(181)   Evacuate Collection Set: 33.4ms
[2022-06-20T15:57:14.567-0700][gc,phases   ] GC(181)   Post Evacuate Collection Set: 2.5ms
[2022-06-20T15:57:14.567-0700][gc,phases   ] GC(181)   Other: 10.2ms
[2022-06-20T15:57:14.568-0700][gc,heap     ] GC(181) Eden regions: 47->0(48)
[2022-06-20T15:57:14.568-0700][gc,heap     ] GC(181) Survivor regions: 4->3(7)
[2022-06-20T15:57:14.568-0700][gc,heap     ] GC(181) Old regions: 34->34
[2022-06-20T15:57:14.568-0700][gc,heap     ] GC(181) Archive regions: 2->2
[2022-06-20T15:57:14.568-0700][gc,heap     ] GC(181) Humongous regions: 129->129
[2022-06-20T15:57:14.571-0700][gc,metaspace] GC(181) Metaspace: 42132K(42752K)->42132K(42752K) NonClass: 37264K(37568K)->37264K(37568K) Class: 4867K(5184K)->4867K(5184K)
[2022-06-20T15:57:14.571-0700][gc          ] GC(181) Pause Young (Normal) (G1 Evacuation Pause) 213M->165M(1024M) 87.146ms
[2022-06-20T15:57:14.571-0700][gc,cpu      ] GC(181) User=0.01s Sys=0.05s Real=0.09s
[2022-06-20T16:06:56.658-0700][gc,start    ] GC(182) Pause Young (Normal) (G1 Evacuation Pause)
[2022-06-20T16:06:56.664-0700][gc,task     ] GC(182) Using 8 workers of 8 for evacuation
[2022-06-20T16:06:56.744-0700][gc,mmu      ] GC(182) MMU target violated: 21.0ms (20.0ms/21.0ms)
[2022-06-20T16:06:56.745-0700][gc,phases   ] GC(182)   Pre Evacuate Collection Set: 18.5ms
[2022-06-20T16:06:56.745-0700][gc,phases   ] GC(182)   Merge Heap Roots: 2.1ms
[2022-06-20T16:06:56.745-0700][gc,phases   ] GC(182)   Evacuate Collection Set: 35.8ms
[2022-06-20T16:06:56.745-0700][gc,phases   ] GC(182)   Post Evacuate Collection Set: 8.5ms
[2022-06-20T16:06:56.747-0700][gc,phases   ] GC(182)   Other: 18.4ms
[2022-06-20T16:06:56.748-0700][gc,heap     ] GC(182) Eden regions: 48->0(48)
[2022-06-20T16:06:56.748-0700][gc,heap     ] GC(182) Survivor regions: 3->3(7)
[2022-06-20T16:06:56.748-0700][gc,heap     ] GC(182) Old regions: 34->34
[2022-06-20T16:06:56.748-0700][gc,heap     ] GC(182) Archive regions: 2->2
[2022-06-20T16:06:56.748-0700][gc,heap     ] GC(182) Humongous regions: 129->129
[2022-06-20T16:06:56.750-0700][gc,metaspace] GC(182) Metaspace: 42132K(42752K)->42132K(42752K) NonClass: 37264K(37568K)->37264K(37568K) Class: 4867K(5184K)->4867K(5184K)
[2022-06-20T16:06:56.752-0700][gc          ] GC(182) Pause Young (Normal) (G1 Evacuation Pause) 213M->165M(1024M) 94.834ms
[2022-06-20T16:06:56.752-0700][gc,cpu      ] GC(182) User=0.01s Sys=0.05s Real=0.10s
[2022-06-20T16:16:41.765-0700][gc,start    ] GC(183) Pause Young (Normal) (G1 Evacuation Pause)
[2022-06-20T16:16:41.768-0700][gc,task     ] GC(183) Using 8 workers of 8 for evacuation
[2022-06-20T16:16:41.873-0700][gc,mmu      ] GC(183) MMU target violated: 21.0ms (20.0ms/21.0ms)
[2022-06-20T16:16:41.873-0700][gc,phases   ] GC(183)   Pre Evacuate Collection Set: 13.9ms
[2022-06-20T16:16:41.873-0700][gc,phases   ] GC(183)   Merge Heap Roots: 2.6ms
[2022-06-20T16:16:41.873-0700][gc,phases   ] GC(183)   Evacuate Collection Set: 74.5ms
[2022-06-20T16:16:41.873-0700][gc,phases   ] GC(183)   Post Evacuate Collection Set: 9.3ms
[2022-06-20T16:16:41.873-0700][gc,phases   ] GC(183)   Other: 4.6ms
[2022-06-20T16:16:41.873-0700][gc,heap     ] GC(183) Eden regions: 48->0(48)
[2022-06-20T16:16:41.873-0700][gc,heap     ] GC(183) Survivor regions: 3->3(7)
[2022-06-20T16:16:41.873-0700][gc,heap     ] GC(183) Old regions: 34->34
[2022-06-20T16:16:41.873-0700][gc,heap     ] GC(183) Archive regions: 2->2
[2022-06-20T16:16:41.873-0700][gc,heap     ] GC(183) Humongous regions: 129->129
[2022-06-20T16:16:41.873-0700][gc,metaspace] GC(183) Metaspace: 42132K(42752K)->42132K(42752K) NonClass: 37265K(37568K)->37265K(37568K) Class: 4867K(5184K)->4867K(5184K)
[2022-06-20T16:16:41.873-0700][gc          ] GC(183) Pause Young (Normal) (G1 Evacuation Pause) 213M->166M(1024M) 107.496ms
[2022-06-20T16:16:41.873-0700][gc,cpu      ] GC(183) User=0.03s Sys=0.04s Real=0.11s
[2022-06-20T16:26:23.578-0700][gc,start    ] GC(184) Pause Young (Normal) (G1 Evacuation Pause)
[2022-06-20T16:26:23.594-0700][gc,task     ] GC(184) Using 8 workers of 8 for evacuation
[2022-06-20T16:26:23.667-0700][gc,mmu      ] GC(184) MMU target violated: 21.0ms (20.0ms/21.0ms)
[2022-06-20T16:26:23.668-0700][gc,phases   ] GC(184)   Pre Evacuate Collection Set: 14.4ms
[2022-06-20T16:26:23.668-0700][gc,phases   ] GC(184)   Merge Heap Roots: 7.1ms
[2022-06-20T16:26:23.668-0700][gc,phases   ] GC(184)   Evacuate Collection Set: 34.0ms
[2022-06-20T16:26:23.668-0700][gc,phases   ] GC(184)   Post Evacuate Collection Set: 5.0ms
[2022-06-20T16:26:23.669-0700][gc,phases   ] GC(184)   Other: 16.5ms
[2022-06-20T16:26:23.670-0700][gc,heap     ] GC(184) Eden regions: 48->0(48)
[2022-06-20T16:26:23.670-0700][gc,heap     ] GC(184) Survivor regions: 3->3(7)
[2022-06-20T16:26:23.670-0700][gc,heap     ] GC(184) Old regions: 34->34
[2022-06-20T16:26:23.670-0700][gc,heap     ] GC(184) Archive regions: 2->2
[2022-06-20T16:26:23.670-0700][gc,heap     ] GC(184) Humongous regions: 129->129
[2022-06-20T16:26:23.672-0700][gc,metaspace] GC(184) Metaspace: 42132K(42752K)->42132K(42752K) NonClass: 37265K(37568K)->37265K(37568K) Class: 4867K(5184K)->4867K(5184K)
[2022-06-20T16:26:23.673-0700][gc          ] GC(184) Pause Young (Normal) (G1 Evacuation Pause) 214M->165M(1024M) 96.669ms
[2022-06-20T16:26:23.673-0700][gc,cpu      ] GC(184) User=0.01s Sys=0.04s Real=0.10s
[2022-06-20T16:36:11.334-0700][gc,start    ] GC(185) Pause Young (Normal) (G1 Evacuation Pause)
[2022-06-20T16:36:11.338-0700][gc,task     ] GC(185) Using 8 workers of 8 for evacuation
[2022-06-20T16:36:11.387-0700][gc,mmu      ] GC(185) MMU target violated: 21.0ms (20.0ms/21.0ms)
[2022-06-20T16:36:11.387-0700][gc,phases   ] GC(185)   Pre Evacuate Collection Set: 12.5ms
[2022-06-20T16:36:11.387-0700][gc,phases   ] GC(185)   Merge Heap Roots: 2.8ms
[2022-06-20T16:36:11.387-0700][gc,phases   ] GC(185)   Evacuate Collection Set: 27.5ms
[2022-06-20T16:36:11.387-0700][gc,phases   ] GC(185)   Post Evacuate Collection Set: 2.0ms
[2022-06-20T16:36:11.387-0700][gc,phases   ] GC(185)   Other: 4.9ms
[2022-06-20T16:36:11.388-0700][gc,heap     ] GC(185) Eden regions: 48->0(48)
[2022-06-20T16:36:11.388-0700][gc,heap     ] GC(185) Survivor regions: 3->3(7)
[2022-06-20T16:36:11.388-0700][gc,heap     ] GC(185) Old regions: 34->34
[2022-06-20T16:36:11.388-0700][gc,heap     ] GC(185) Archive regions: 2->2
[2022-06-20T16:36:11.388-0700][gc,heap     ] GC(185) Humongous regions: 129->129
[2022-06-20T16:36:11.388-0700][gc,metaspace] GC(185) Metaspace: 42132K(42752K)->42132K(42752K) NonClass: 37265K(37568K)->37265K(37568K) Class: 4867K(5184K)->4867K(5184K)
[2022-06-20T16:36:11.388-0700][gc          ] GC(185) Pause Young (Normal) (G1 Evacuation Pause) 213M->165M(1024M) 55.567ms
[2022-06-20T16:36:11.388-0700][gc,cpu      ] GC(185) User=0.01s Sys=0.05s Real=0.05s
[2022-06-20T16:45:23.469-0700][gc,start    ] GC(186) Pause Young (Normal) (G1 Evacuation Pause)
[2022-06-20T16:45:23.768-0700][gc,task     ] GC(186) Using 8 workers of 8 for evacuation
[2022-06-20T16:45:24.413-0700][gc,mmu      ] GC(186) MMU target violated: 21.0ms (20.0ms/21.0ms)
[2022-06-20T16:45:24.458-0700][gc,phases   ] GC(186)   Pre Evacuate Collection Set: 32.8ms
[2022-06-20T16:45:24.458-0700][gc,phases   ] GC(186)   Merge Heap Roots: 32.0ms
[2022-06-20T16:45:24.458-0700][gc,phases   ] GC(186)   Evacuate Collection Set: 252.6ms
[2022-06-20T16:45:24.458-0700][gc,phases   ] GC(186)   Post Evacuate Collection Set: 243.1ms
[2022-06-20T16:45:24.462-0700][gc,phases   ] GC(186)   Other: 142.7ms
[2022-06-20T16:45:24.467-0700][gc,heap     ] GC(186) Eden regions: 48->0(48)
[2022-06-20T16:45:24.467-0700][gc,heap     ] GC(186) Survivor regions: 3->3(7)
[2022-06-20T16:45:24.467-0700][gc,heap     ] GC(186) Old regions: 34->34
[2022-06-20T16:45:24.467-0700][gc,heap     ] GC(186) Archive regions: 2->2
[2022-06-20T16:45:24.468-0700][gc,heap     ] GC(186) Humongous regions: 129->129
[2022-06-20T16:45:24.472-0700][gc,metaspace] GC(186) Metaspace: 42132K(42752K)->42132K(42752K) NonClass: 37265K(37568K)->37265K(37568K) Class: 4867K(5184K)->4867K(5184K)
[2022-06-20T16:45:24.480-0700][gc          ] GC(186) Pause Young (Normal) (G1 Evacuation Pause) 213M->166M(1024M) 1021.943ms
[2022-06-20T16:45:24.481-0700][gc,cpu      ] GC(186) User=0.03s Sys=0.13s Real=1.03s
[2022-06-20T16:55:09.321-0700][gc,start    ] GC(187) Pause Young (Normal) (G1 Evacuation Pause)
[2022-06-20T16:55:09.324-0700][gc,task     ] GC(187) Using 8 workers of 8 for evacuation
[2022-06-20T16:55:09.412-0700][gc,mmu      ] GC(187) MMU target violated: 21.0ms (20.0ms/21.0ms)
[2022-06-20T16:55:09.413-0700][gc,phases   ] GC(187)   Pre Evacuate Collection Set: 3.4ms
[2022-06-20T16:55:09.413-0700][gc,phases   ] GC(187)   Merge Heap Roots: 5.1ms
[2022-06-20T16:55:09.413-0700][gc,phases   ] GC(187)   Evacuate Collection Set: 66.2ms
[2022-06-20T16:55:09.413-0700][gc,phases   ] GC(187)   Post Evacuate Collection Set: 5.7ms
[2022-06-20T16:55:09.414-0700][gc,phases   ] GC(187)   Other: 9.6ms
[2022-06-20T16:55:09.415-0700][gc,heap     ] GC(187) Eden regions: 48->0(47)
[2022-06-20T16:55:09.415-0700][gc,heap     ] GC(187) Survivor regions: 3->4(7)
[2022-06-20T16:55:09.415-0700][gc,heap     ] GC(187) Old regions: 34->34
[2022-06-20T16:55:09.415-0700][gc,heap     ] GC(187) Archive regions: 2->2
[2022-06-20T16:55:09.415-0700][gc,heap     ] GC(187) Humongous regions: 129->129
[2022-06-20T16:55:09.416-0700][gc,metaspace] GC(187) Metaspace: 42134K(42752K)->42134K(42752K) NonClass: 37267K(37568K)->37267K(37568K) Class: 4867K(5184K)->4867K(5184K)
[2022-06-20T16:55:09.417-0700][gc          ] GC(187) Pause Young (Normal) (G1 Evacuation Pause) 214M->166M(1024M) 97.085ms
[2022-06-20T16:55:09.417-0700][gc,cpu      ] GC(187) User=0.03s Sys=0.07s Real=0.09s
[2022-06-20T17:04:34.778-0700][gc,start    ] GC(188) Pause Young (Normal) (G1 Evacuation Pause)
[2022-06-20T17:04:34.799-0700][gc,task     ] GC(188) Using 8 workers of 8 for evacuation
[2022-06-20T17:04:34.927-0700][gc,mmu      ] GC(188) MMU target violated: 21.0ms (20.0ms/21.0ms)
[2022-06-20T17:04:34.927-0700][gc,phases   ] GC(188)   Pre Evacuate Collection Set: 12.6ms
[2022-06-20T17:04:34.927-0700][gc,phases   ] GC(188)   Merge Heap Roots: 6.5ms
[2022-06-20T17:04:34.927-0700][gc,phases   ] GC(188)   Evacuate Collection Set: 85.4ms
[2022-06-20T17:04:34.927-0700][gc,phases   ] GC(188)   Post Evacuate Collection Set: 8.9ms
[2022-06-20T17:04:34.928-0700][gc,phases   ] GC(188)   Other: 16.3ms
[2022-06-20T17:04:34.928-0700][gc,heap     ] GC(188) Eden regions: 47->0(48)
[2022-06-20T17:04:34.928-0700][gc,heap     ] GC(188) Survivor regions: 4->3(7)
[2022-06-20T17:04:34.928-0700][gc,heap     ] GC(188) Old regions: 34->34
[2022-06-20T17:04:34.928-0700][gc,heap     ] GC(188) Archive regions: 2->2
[2022-06-20T17:04:34.928-0700][gc,heap     ] GC(188) Humongous regions: 129->129
[2022-06-20T17:04:34.932-0700][gc,metaspace] GC(188) Metaspace: 42135K(42752K)->42135K(42752K) NonClass: 37268K(37568K)->37268K(37568K) Class: 4867K(5184K)->4867K(5184K)
[2022-06-20T17:04:34.936-0700][gc          ] GC(188) Pause Young (Normal) (G1 Evacuation Pause) 213M->165M(1024M) 165.413ms
[2022-06-20T17:04:34.936-0700][gc,cpu      ] GC(188) User=0.01s Sys=0.03s Real=0.16s
[2022-06-20T17:14:19.958-0700][gc,start    ] GC(189) Pause Young (Normal) (G1 Evacuation Pause)
[2022-06-20T17:14:19.965-0700][gc,task     ] GC(189) Using 8 workers of 8 for evacuation
[2022-06-20T17:14:20.073-0700][gc,mmu      ] GC(189) MMU target violated: 21.0ms (20.0ms/21.0ms)
[2022-06-20T17:14:20.074-0700][gc,phases   ] GC(189)   Pre Evacuate Collection Set: 25.3ms
[2022-06-20T17:14:20.074-0700][gc,phases   ] GC(189)   Merge Heap Roots: 2.5ms
[2022-06-20T17:14:20.074-0700][gc,phases   ] GC(189)   Evacuate Collection Set: 68.1ms
[2022-06-20T17:14:20.074-0700][gc,phases   ] GC(189)   Post Evacuate Collection Set: 6.6ms
[2022-06-20T17:14:20.074-0700][gc,phases   ] GC(189)   Other: 7.4ms
[2022-06-20T17:14:20.075-0700][gc,heap     ] GC(189) Eden regions: 48->0(48)
[2022-06-20T17:14:20.075-0700][gc,heap     ] GC(189) Survivor regions: 3->3(7)
[2022-06-20T17:14:20.075-0700][gc,heap     ] GC(189) Old regions: 34->34
[2022-06-20T17:14:20.075-0700][gc,heap     ] GC(189) Archive regions: 2->2
[2022-06-20T17:14:20.075-0700][gc,heap     ] GC(189) Humongous regions: 129->129
[2022-06-20T17:14:20.078-0700][gc,metaspace] GC(189) Metaspace: 42135K(42752K)->42135K(42752K) NonClass: 37268K(37568K)->37268K(37568K) Class: 4867K(5184K)->4867K(5184K)
[2022-06-20T17:14:20.079-0700][gc          ] GC(189) Pause Young (Normal) (G1 Evacuation Pause) 213M->165M(1024M) 121.916ms
[2022-06-20T17:14:20.079-0700][gc,cpu      ] GC(189) User=0.01s Sys=0.05s Real=0.12s
[2022-06-20T17:24:07.068-0700][gc,start    ] GC(190) Pause Young (Normal) (G1 Evacuation Pause)
[2022-06-20T17:24:07.073-0700][gc,task     ] GC(190) Using 8 workers of 8 for evacuation
[2022-06-20T17:24:07.189-0700][gc,mmu      ] GC(190) MMU target violated: 21.0ms (20.0ms/21.0ms)
[2022-06-20T17:24:07.190-0700][gc,phases   ] GC(190)   Pre Evacuate Collection Set: 8.9ms
[2022-06-20T17:24:07.190-0700][gc,phases   ] GC(190)   Merge Heap Roots: 2.3ms
[2022-06-20T17:24:07.190-0700][gc,phases   ] GC(190)   Evacuate Collection Set: 77.2ms
[2022-06-20T17:24:07.190-0700][gc,phases   ] GC(190)   Post Evacuate Collection Set: 7.6ms
[2022-06-20T17:24:07.191-0700][gc,phases   ] GC(190)   Other: 22.9ms
[2022-06-20T17:24:07.192-0700][gc,heap     ] GC(190) Eden regions: 48->0(48)
[2022-06-20T17:24:07.192-0700][gc,heap     ] GC(190) Survivor regions: 3->3(7)
[2022-06-20T17:24:07.192-0700][gc,heap     ] GC(190) Old regions: 34->34
[2022-06-20T17:24:07.192-0700][gc,heap     ] GC(190) Archive regions: 2->2
[2022-06-20T17:24:07.192-0700][gc,heap     ] GC(190) Humongous regions: 129->129
[2022-06-20T17:24:07.195-0700][gc,metaspace] GC(190) Metaspace: 42135K(42752K)->42135K(42752K) NonClass: 37268K(37568K)->37268K(37568K) Class: 4867K(5184K)->4867K(5184K)
[2022-06-20T17:24:07.197-0700][gc          ] GC(190) Pause Young (Normal) (G1 Evacuation Pause) 213M->166M(1024M) 130.305ms
[2022-06-20T17:24:07.197-0700][gc,cpu      ] GC(190) User=0.03s Sys=0.07s Real=0.13s
[2022-06-20T17:33:47.912-0700][gc,start    ] GC(191) Pause Young (Normal) (G1 Evacuation Pause)
[2022-06-20T17:33:47.916-0700][gc,task     ] GC(191) Using 8 workers of 8 for evacuation
[2022-06-20T17:33:47.989-0700][gc,mmu      ] GC(191) MMU target violated: 21.0ms (20.0ms/21.0ms)
[2022-06-20T17:33:47.990-0700][gc,phases   ] GC(191)   Pre Evacuate Collection Set: 5.8ms
[2022-06-20T17:33:47.990-0700][gc,phases   ] GC(191)   Merge Heap Roots: 1.8ms
[2022-06-20T17:33:47.990-0700][gc,phases   ] GC(191)   Evacuate Collection Set: 41.7ms
[2022-06-20T17:33:47.990-0700][gc,phases   ] GC(191)   Post Evacuate Collection Set: 7.1ms
[2022-06-20T17:33:47.990-0700][gc,phases   ] GC(191)   Other: 16.3ms
[2022-06-20T17:33:47.991-0700][gc,heap     ] GC(191) Eden regions: 48->0(48)
[2022-06-20T17:33:47.991-0700][gc,heap     ] GC(191) Survivor regions: 3->3(7)
[2022-06-20T17:33:47.991-0700][gc,heap     ] GC(191) Old regions: 34->34
[2022-06-20T17:33:47.991-0700][gc,heap     ] GC(191) Archive regions: 2->2
[2022-06-20T17:33:47.991-0700][gc,heap     ] GC(191) Humongous regions: 129->129
[2022-06-20T17:33:47.991-0700][gc,metaspace] GC(191) Metaspace: 42135K(42752K)->42135K(42752K) NonClass: 37268K(37568K)->37268K(37568K) Class: 4867K(5184K)->4867K(5184K)
[2022-06-20T17:33:47.991-0700][gc          ] GC(191) Pause Young (Normal) (G1 Evacuation Pause) 214M->165M(1024M) 80.419ms
[2022-06-20T17:33:47.991-0700][gc,cpu      ] GC(191) User=0.01s Sys=0.06s Real=0.08s
[2022-06-20T17:42:58.578-0700][gc,start    ] GC(192) Pause Young (Normal) (G1 Evacuation Pause)
[2022-06-20T17:42:58.582-0700][gc,task     ] GC(192) Using 8 workers of 8 for evacuation
[2022-06-20T17:42:58.695-0700][gc,mmu      ] GC(192) MMU target violated: 21.0ms (20.0ms/21.0ms)
[2022-06-20T17:42:58.696-0700][gc,phases   ] GC(192)   Pre Evacuate Collection Set: 17.9ms
[2022-06-20T17:42:58.696-0700][gc,phases   ] GC(192)   Merge Heap Roots: 1.7ms
[2022-06-20T17:42:58.696-0700][gc,phases   ] GC(192)   Evacuate Collection Set: 69.1ms
[2022-06-20T17:42:58.696-0700][gc,phases   ] GC(192)   Post Evacuate Collection Set: 13.2ms
[2022-06-20T17:42:58.697-0700][gc,phases   ] GC(192)   Other: 11.9ms
[2022-06-20T17:42:58.698-0700][gc,heap     ] GC(192) Eden regions: 48->0(48)
[2022-06-20T17:42:58.698-0700][gc,heap     ] GC(192) Survivor regions: 3->3(7)
[2022-06-20T17:42:58.698-0700][gc,heap     ] GC(192) Old regions: 34->34
[2022-06-20T17:42:58.698-0700][gc,heap     ] GC(192) Archive regions: 2->2
[2022-06-20T17:42:58.698-0700][gc,heap     ] GC(192) Humongous regions: 129->129
[2022-06-20T17:42:58.700-0700][gc,metaspace] GC(192) Metaspace: 42135K(42752K)->42135K(42752K) NonClass: 37268K(37568K)->37268K(37568K) Class: 4867K(5184K)->4867K(5184K)
[2022-06-20T17:42:58.701-0700][gc          ] GC(192) Pause Young (Normal) (G1 Evacuation Pause) 213M->165M(1024M) 123.899ms
[2022-06-20T17:42:58.701-0700][gc,cpu      ] GC(192) User=0.01s Sys=0.06s Real=0.13s
[2022-06-20T17:52:47.463-0700][gc,start    ] GC(193) Pause Young (Normal) (G1 Evacuation Pause)
[2022-06-20T17:52:47.481-0700][gc,task     ] GC(193) Using 8 workers of 8 for evacuation
[2022-06-20T17:52:47.636-0700][gc,mmu      ] GC(193) MMU target violated: 21.0ms (20.0ms/21.0ms)
[2022-06-20T17:52:47.637-0700][gc,phases   ] GC(193)   Pre Evacuate Collection Set: 9.9ms
[2022-06-20T17:52:47.637-0700][gc,phases   ] GC(193)   Merge Heap Roots: 14.7ms
[2022-06-20T17:52:47.637-0700][gc,phases   ] GC(193)   Evacuate Collection Set: 101.9ms
[2022-06-20T17:52:47.637-0700][gc,phases   ] GC(193)   Post Evacuate Collection Set: 11.1ms
[2022-06-20T17:52:47.637-0700][gc,phases   ] GC(193)   Other: 19.0ms
[2022-06-20T17:52:47.638-0700][gc,heap     ] GC(193) Eden regions: 48->0(48)
[2022-06-20T17:52:47.638-0700][gc,heap     ] GC(193) Survivor regions: 3->3(7)
[2022-06-20T17:52:47.638-0700][gc,heap     ] GC(193) Old regions: 34->34
[2022-06-20T17:52:47.638-0700][gc,heap     ] GC(193) Archive regions: 2->2
[2022-06-20T17:52:47.638-0700][gc,heap     ] GC(193) Humongous regions: 129->129
[2022-06-20T17:52:47.639-0700][gc,metaspace] GC(193) Metaspace: 42135K(42752K)->42135K(42752K) NonClass: 37268K(37568K)->37268K(37568K) Class: 4867K(5184K)->4867K(5184K)
[2022-06-20T17:52:47.640-0700][gc          ] GC(193) Pause Young (Normal) (G1 Evacuation Pause) 213M->166M(1024M) 178.295ms
[2022-06-20T17:52:47.640-0700][gc,cpu      ] GC(193) User=0.03s Sys=0.06s Real=0.18s
[2022-06-20T18:02:29.759-0700][gc,start    ] GC(194) Pause Young (Normal) (G1 Evacuation Pause)
[2022-06-20T18:02:29.765-0700][gc,task     ] GC(194) Using 8 workers of 8 for evacuation
[2022-06-20T18:02:29.947-0700][gc,mmu      ] GC(194) MMU target violated: 21.0ms (20.0ms/21.0ms)
[2022-06-20T18:02:29.948-0700][gc,phases   ] GC(194)   Pre Evacuate Collection Set: 36.7ms
[2022-06-20T18:02:29.948-0700][gc,phases   ] GC(194)   Merge Heap Roots: 3.2ms
[2022-06-20T18:02:29.948-0700][gc,phases   ] GC(194)   Evacuate Collection Set: 126.0ms
[2022-06-20T18:02:29.948-0700][gc,phases   ] GC(194)   Post Evacuate Collection Set: 6.0ms
[2022-06-20T18:02:29.948-0700][gc,phases   ] GC(194)   Other: 11.4ms
[2022-06-20T18:02:29.949-0700][gc,heap     ] GC(194) Eden regions: 48->0(47)
[2022-06-20T18:02:29.949-0700][gc,heap     ] GC(194) Survivor regions: 3->4(7)
[2022-06-20T18:02:29.949-0700][gc,heap     ] GC(194) Old regions: 34->34
[2022-06-20T18:02:29.949-0700][gc,heap     ] GC(194) Archive regions: 2->2
[2022-06-20T18:02:29.949-0700][gc,heap     ] GC(194) Humongous regions: 129->129
[2022-06-20T18:02:29.950-0700][gc,metaspace] GC(194) Metaspace: 42135K(42752K)->42135K(42752K) NonClass: 37268K(37568K)->37268K(37568K) Class: 4867K(5184K)->4867K(5184K)
[2022-06-20T18:02:29.950-0700][gc          ] GC(194) Pause Young (Normal) (G1 Evacuation Pause) 214M->166M(1024M) 193.467ms
[2022-06-20T18:02:29.950-0700][gc,cpu      ] GC(194) User=0.05s Sys=0.06s Real=0.20s
[2022-06-20T18:07:58.672-0700][gc,heap,exit] Heap
[2022-06-20T18:07:58.673-0700][gc,heap,exit]  garbage-first heap   total 1048576K, used 207814K [0x00000007c0000000, 0x0000000800000000)
[2022-06-20T18:07:58.673-0700][gc,heap,exit]   region size 1024K, 41 young (41984K), 4 survivors (4096K)
[2022-06-20T18:07:58.673-0700][gc,heap,exit]  Metaspace       used 42778K, committed 43456K, reserved 1114112K
[2022-06-20T18:07:58.673-0700][gc,heap,exit]   class space    used 5018K, committed 5312K, reserved 1048576K
