[2022-05-28T21:35:40.471-0700][gc,init] CardTable entry size: 512
[2022-05-28T21:35:40.471-0700][gc     ] Using G1
[2022-05-28T21:35:40.473-0700][gc,init] Version: 18.0.1.1+2-6 (release)
[2022-05-28T21:35:40.473-0700][gc,init] CPUs: 8 total, 8 available
[2022-05-28T21:35:40.473-0700][gc,init] Memory: 8192M
[2022-05-28T21:35:40.473-0700][gc,init] Large Page Support: Disabled
[2022-05-28T21:35:40.473-0700][gc,init] NUMA Support: Disabled
[2022-05-28T21:35:40.473-0700][gc,init] Compressed Oops: Enabled (Zero based)
[2022-05-28T21:35:40.473-0700][gc,init] Heap Region Size: 1M
[2022-05-28T21:35:40.473-0700][gc,init] Heap Min Capacity: 1G
[2022-05-28T21:35:40.473-0700][gc,init] Heap Initial Capacity: 1G
[2022-05-28T21:35:40.473-0700][gc,init] Heap Max Capacity: 1G
[2022-05-28T21:35:40.473-0700][gc,init] Pre-touch: Disabled
[2022-05-28T21:35:40.473-0700][gc,init] Parallel Workers: 8
[2022-05-28T21:35:40.473-0700][gc,init] Concurrent Workers: 2
[2022-05-28T21:35:40.473-0700][gc,init] Concurrent Refinement Workers: 8
[2022-05-28T21:35:40.473-0700][gc,init] Periodic GC: Disabled
[2022-05-28T21:35:40.473-0700][gc,metaspace] CDS archive(s) mapped at: [0x0000000800000000-0x0000000800ba8000-0x0000000800ba8000), size 12222464, SharedBaseAddress: 0x0000000800000000, ArchiveRelocationMode: 0.
[2022-05-28T21:35:40.473-0700][gc,metaspace] Compressed class space mapped at: 0x0000000800c00000-0x0000000840c00000, reserved size: 1073741824
[2022-05-28T21:35:40.473-0700][gc,metaspace] Narrow klass base: 0x0000000800000000, Narrow klass shift: 0, Narrow klass range: 0x100000000
[2022-05-28T21:35:41.586-0700][gc,start    ] GC(0) Pause Young (Normal) (G1 Evacuation Pause)
[2022-05-28T21:35:41.586-0700][gc,task     ] GC(0) Using 8 workers of 8 for evacuation
[2022-05-28T21:35:41.588-0700][gc,phases   ] GC(0)   Pre Evacuate Collection Set: 0.1ms
[2022-05-28T21:35:41.588-0700][gc,phases   ] GC(0)   Merge Heap Roots: 0.0ms
[2022-05-28T21:35:41.588-0700][gc,phases   ] GC(0)   Evacuate Collection Set: 2.3ms
[2022-05-28T21:35:41.588-0700][gc,phases   ] GC(0)   Post Evacuate Collection Set: 0.3ms
[2022-05-28T21:35:41.588-0700][gc,phases   ] GC(0)   Other: 0.2ms
[2022-05-28T21:35:41.588-0700][gc,heap     ] GC(0) Eden regions: 51->0(44)
[2022-05-28T21:35:41.588-0700][gc,heap     ] GC(0) Survivor regions: 0->7(7)
[2022-05-28T21:35:41.588-0700][gc,heap     ] GC(0) Old regions: 0->1
[2022-05-28T21:35:41.588-0700][gc,heap     ] GC(0) Archive regions: 2->2
[2022-05-28T21:35:41.588-0700][gc,heap     ] GC(0) Humongous regions: 0->0
[2022-05-28T21:35:41.588-0700][gc,metaspace] GC(0) Metaspace: 18695K(18944K)->18695K(18944K) NonClass: 16502K(16640K)->16502K(16640K) Class: 2193K(2304K)->2193K(2304K)
[2022-05-28T21:35:41.588-0700][gc          ] GC(0) Pause Young (Normal) (G1 Evacuation Pause) 51M->8M(1024M) 2.967ms
[2022-05-28T21:35:41.588-0700][gc,cpu      ] GC(0) User=0.01s Sys=0.01s Real=0.00s
[2022-05-28T21:35:41.786-0700][gc,start    ] GC(1) Pause Young (Concurrent Start) (Metadata GC Threshold)
[2022-05-28T21:35:41.786-0700][gc,task     ] GC(1) Using 8 workers of 8 for evacuation
[2022-05-28T21:35:41.789-0700][gc,phases   ] GC(1)   Pre Evacuate Collection Set: 0.1ms
[2022-05-28T21:35:41.789-0700][gc,phases   ] GC(1)   Merge Heap Roots: 0.0ms
[2022-05-28T21:35:41.789-0700][gc,phases   ] GC(1)   Evacuate Collection Set: 2.6ms
[2022-05-28T21:35:41.789-0700][gc,phases   ] GC(1)   Post Evacuate Collection Set: 0.3ms
[2022-05-28T21:35:41.789-0700][gc,phases   ] GC(1)   Other: 0.0ms
[2022-05-28T21:35:41.789-0700][gc,heap     ] GC(1) Eden regions: 11->0(49)
[2022-05-28T21:35:41.789-0700][gc,heap     ] GC(1) Survivor regions: 7->2(7)
[2022-05-28T21:35:41.789-0700][gc,heap     ] GC(1) Old regions: 1->7
[2022-05-28T21:35:41.789-0700][gc,heap     ] GC(1) Archive regions: 2->2
[2022-05-28T21:35:41.789-0700][gc,heap     ] GC(1) Humongous regions: 129->129
[2022-05-28T21:35:41.789-0700][gc,metaspace] GC(1) Metaspace: 21296K(21504K)->21296K(21504K) NonClass: 18775K(18880K)->18775K(18880K) Class: 2521K(2624K)->2521K(2624K)
[2022-05-28T21:35:41.789-0700][gc          ] GC(1) Pause Young (Concurrent Start) (Metadata GC Threshold) 148M->138M(1024M) 3.270ms
[2022-05-28T21:35:41.789-0700][gc,cpu      ] GC(1) User=0.02s Sys=0.00s Real=0.00s
[2022-05-28T21:35:41.789-0700][gc          ] GC(2) Concurrent Mark Cycle
[2022-05-28T21:35:41.789-0700][gc,marking  ] GC(2) Concurrent Clear Claimed Marks
[2022-05-28T21:35:41.789-0700][gc,marking  ] GC(2) Concurrent Clear Claimed Marks 0.010ms
[2022-05-28T21:35:41.789-0700][gc,marking  ] GC(2) Concurrent Scan Root Regions
[2022-05-28T21:35:41.791-0700][gc,marking  ] GC(2) Concurrent Scan Root Regions 1.278ms
[2022-05-28T21:35:41.791-0700][gc,marking  ] GC(2) Concurrent Mark
[2022-05-28T21:35:41.791-0700][gc,marking  ] GC(2) Concurrent Mark From Roots
[2022-05-28T21:35:41.791-0700][gc,task     ] GC(2) Using 2 workers of 2 for marking
[2022-05-28T21:35:41.792-0700][gc,marking  ] GC(2) Concurrent Mark From Roots 1.227ms
[2022-05-28T21:35:41.792-0700][gc,marking  ] GC(2) Concurrent Preclean
[2022-05-28T21:35:41.792-0700][gc,marking  ] GC(2) Concurrent Preclean 0.006ms
[2022-05-28T21:35:41.792-0700][gc,start    ] GC(2) Pause Remark
[2022-05-28T21:35:41.793-0700][gc          ] GC(2) Pause Remark 138M->138M(1024M) 1.014ms
[2022-05-28T21:35:41.793-0700][gc,cpu      ] GC(2) User=0.00s Sys=0.00s Real=0.00s
[2022-05-28T21:35:41.793-0700][gc,marking  ] GC(2) Concurrent Mark 2.359ms
[2022-05-28T21:35:41.793-0700][gc,marking  ] GC(2) Concurrent Rebuild Remembered Sets
[2022-05-28T21:35:41.793-0700][gc,marking  ] GC(2) Concurrent Rebuild Remembered Sets 0.004ms
[2022-05-28T21:35:41.793-0700][gc,start    ] GC(2) Pause Cleanup
[2022-05-28T21:35:41.793-0700][gc          ] GC(2) Pause Cleanup 138M->138M(1024M) 0.005ms
[2022-05-28T21:35:41.793-0700][gc,cpu      ] GC(2) User=0.00s Sys=0.00s Real=0.00s
[2022-05-28T21:35:41.793-0700][gc,marking  ] GC(2) Concurrent Cleanup for Next Mark
[2022-05-28T21:35:41.794-0700][gc,marking  ] GC(2) Concurrent Cleanup for Next Mark 1.198ms
[2022-05-28T21:35:41.794-0700][gc          ] GC(2) Concurrent Mark Cycle 4.965ms
[2022-05-28T21:35:42.148-0700][gc,start    ] GC(3) Pause Young (Normal) (G1 Evacuation Pause)
[2022-05-28T21:35:42.148-0700][gc,task     ] GC(3) Using 8 workers of 8 for evacuation
[2022-05-28T21:35:42.151-0700][gc,phases   ] GC(3)   Pre Evacuate Collection Set: 0.1ms
[2022-05-28T21:35:42.151-0700][gc,phases   ] GC(3)   Merge Heap Roots: 0.0ms
[2022-05-28T21:35:42.151-0700][gc,phases   ] GC(3)   Evacuate Collection Set: 1.9ms
[2022-05-28T21:35:42.151-0700][gc,phases   ] GC(3)   Post Evacuate Collection Set: 0.2ms
[2022-05-28T21:35:42.151-0700][gc,phases   ] GC(3)   Other: 0.0ms
[2022-05-28T21:35:42.151-0700][gc,heap     ] GC(3) Eden regions: 49->0(45)
[2022-05-28T21:35:42.151-0700][gc,heap     ] GC(3) Survivor regions: 2->6(7)
[2022-05-28T21:35:42.151-0700][gc,heap     ] GC(3) Old regions: 7->7
[2022-05-28T21:35:42.151-0700][gc,heap     ] GC(3) Archive regions: 2->2
[2022-05-28T21:35:42.151-0700][gc,heap     ] GC(3) Humongous regions: 129->129
[2022-05-28T21:35:42.151-0700][gc,metaspace] GC(3) Metaspace: 32767K(33088K)->32767K(33088K) NonClass: 29125K(29312K)->29125K(29312K) Class: 3642K(3776K)->3642K(3776K)
[2022-05-28T21:35:42.151-0700][gc          ] GC(3) Pause Young (Normal) (G1 Evacuation Pause) 187M->142M(1024M) 2.300ms
[2022-05-28T21:35:42.151-0700][gc,cpu      ] GC(3) User=0.01s Sys=0.00s Real=0.01s
[2022-05-29T14:13:06.445-0700][gc,start    ] GC(4) Pause Young (Normal) (G1 Evacuation Pause)
[2022-05-29T14:13:06.451-0700][gc,task     ] GC(4) Using 8 workers of 8 for evacuation
[2022-05-29T14:13:06.529-0700][gc,mmu      ] GC(4) MMU target violated: 21.0ms (20.0ms/21.0ms)
[2022-05-29T14:13:06.529-0700][gc,phases   ] GC(4)   Pre Evacuate Collection Set: 7.8ms
[2022-05-29T14:13:06.529-0700][gc,phases   ] GC(4)   Merge Heap Roots: 1.5ms
[2022-05-29T14:13:06.529-0700][gc,phases   ] GC(4)   Evacuate Collection Set: 64.7ms
[2022-05-29T14:13:06.529-0700][gc,phases   ] GC(4)   Post Evacuate Collection Set: 1.3ms
[2022-05-29T14:13:06.529-0700][gc,phases   ] GC(4)   Other: 3.6ms
[2022-05-29T14:13:06.529-0700][gc,heap     ] GC(4) Eden regions: 45->0(50)
[2022-05-29T14:13:06.529-0700][gc,heap     ] GC(4) Survivor regions: 6->1(7)
[2022-05-29T14:13:06.529-0700][gc,heap     ] GC(4) Old regions: 7->13
[2022-05-29T14:13:06.529-0700][gc,heap     ] GC(4) Archive regions: 2->2
[2022-05-29T14:13:06.529-0700][gc,heap     ] GC(4) Humongous regions: 129->129
[2022-05-29T14:13:06.529-0700][gc,metaspace] GC(4) Metaspace: 34692K(35008K)->34692K(35008K) NonClass: 30841K(30976K)->30841K(30976K) Class: 3851K(4032K)->3851K(4032K)
[2022-05-29T14:13:06.529-0700][gc          ] GC(4) Pause Young (Normal) (G1 Evacuation Pause) 187M->143M(1024M) 84.910ms
[2022-05-29T14:13:06.529-0700][gc,cpu      ] GC(4) User=0.01s Sys=0.06s Real=0.08s
[2022-05-29T16:00:02.675-0700][gc,start    ] GC(5) Pause Young (Concurrent Start) (Metadata GC Threshold)
[2022-05-29T16:00:02.677-0700][gc,task     ] GC(5) Using 8 workers of 8 for evacuation
[2022-05-29T16:00:02.692-0700][gc,phases   ] GC(5)   Pre Evacuate Collection Set: 3.2ms
[2022-05-29T16:00:02.693-0700][gc,phases   ] GC(5)   Merge Heap Roots: 0.9ms
[2022-05-29T16:00:02.693-0700][gc,phases   ] GC(5)   Evacuate Collection Set: 11.2ms
[2022-05-29T16:00:02.693-0700][gc,phases   ] GC(5)   Post Evacuate Collection Set: 0.3ms
[2022-05-29T16:00:02.693-0700][gc,phases   ] GC(5)   Other: 0.6ms
[2022-05-29T16:00:02.693-0700][gc,heap     ] GC(5) Eden regions: 46->0(50)
[2022-05-29T16:00:02.693-0700][gc,heap     ] GC(5) Survivor regions: 1->1(7)
[2022-05-29T16:00:02.693-0700][gc,heap     ] GC(5) Old regions: 13->13
[2022-05-29T16:00:02.693-0700][gc,heap     ] GC(5) Archive regions: 2->2
[2022-05-29T16:00:02.693-0700][gc,heap     ] GC(5) Humongous regions: 129->129
[2022-05-29T16:00:02.693-0700][gc,metaspace] GC(5) Metaspace: 35781K(36096K)->35781K(36096K) NonClass: 31695K(31872K)->31695K(31872K) Class: 4085K(4224K)->4085K(4224K)
[2022-05-29T16:00:02.693-0700][gc          ] GC(5) Pause Young (Concurrent Start) (Metadata GC Threshold) 188M->143M(1024M) 17.624ms
[2022-05-29T16:00:02.693-0700][gc,cpu      ] GC(5) User=0.01s Sys=0.01s Real=0.02s
[2022-05-29T16:00:02.693-0700][gc          ] GC(6) Concurrent Mark Cycle
[2022-05-29T16:00:02.693-0700][gc,marking  ] GC(6) Concurrent Clear Claimed Marks
[2022-05-29T16:00:02.693-0700][gc,marking  ] GC(6) Concurrent Clear Claimed Marks 0.042ms
[2022-05-29T16:00:02.693-0700][gc,marking  ] GC(6) Concurrent Scan Root Regions
[2022-05-29T16:00:02.696-0700][gc,marking  ] GC(6) Concurrent Scan Root Regions 2.949ms
[2022-05-29T16:00:02.696-0700][gc,marking  ] GC(6) Concurrent Mark
[2022-05-29T16:00:02.696-0700][gc,marking  ] GC(6) Concurrent Mark From Roots
[2022-05-29T16:00:02.696-0700][gc,task     ] GC(6) Using 2 workers of 2 for marking
[2022-05-29T16:00:02.729-0700][gc,marking  ] GC(6) Concurrent Mark From Roots 33.511ms
[2022-05-29T16:00:02.729-0700][gc,marking  ] GC(6) Concurrent Preclean
[2022-05-29T16:00:02.729-0700][gc,marking  ] GC(6) Concurrent Preclean 0.130ms
[2022-05-29T16:00:02.729-0700][gc,start    ] GC(6) Pause Remark
[2022-05-29T16:00:02.840-0700][gc,mmu      ] GC(6) MMU target violated: 21.0ms (20.0ms/21.0ms)
[2022-05-29T16:00:02.840-0700][gc          ] GC(6) Pause Remark 144M->144M(1024M) 110.285ms
[2022-05-29T16:00:02.840-0700][gc,cpu      ] GC(6) User=0.01s Sys=0.05s Real=0.12s
[2022-05-29T16:00:02.840-0700][gc,marking  ] GC(6) Concurrent Mark 144.448ms
[2022-05-29T16:00:02.840-0700][gc,marking  ] GC(6) Concurrent Rebuild Remembered Sets
[2022-05-29T16:00:02.850-0700][gc,marking  ] GC(6) Concurrent Rebuild Remembered Sets 9.614ms
[2022-05-29T16:00:02.852-0700][gc,start    ] GC(6) Pause Cleanup
[2022-05-29T16:00:02.853-0700][gc          ] GC(6) Pause Cleanup 144M->144M(1024M) 0.138ms
[2022-05-29T16:00:02.853-0700][gc,cpu      ] GC(6) User=0.00s Sys=0.00s Real=0.00s
[2022-05-29T16:00:02.853-0700][gc,marking  ] GC(6) Concurrent Cleanup for Next Mark
[2022-05-29T16:00:02.855-0700][gc,marking  ] GC(6) Concurrent Cleanup for Next Mark 2.430ms
[2022-05-29T16:00:02.855-0700][gc          ] GC(6) Concurrent Mark Cycle 162.600ms
[2022-05-29T16:17:49.013-0700][gc,start    ] GC(7) Pause Young (Prepare Mixed) (G1 Evacuation Pause)
[2022-05-29T16:17:49.017-0700][gc,task     ] GC(7) Using 8 workers of 8 for evacuation
[2022-05-29T16:17:49.121-0700][gc,mmu      ] GC(7) MMU target violated: 21.0ms (20.0ms/21.0ms)
[2022-05-29T16:17:49.121-0700][gc,phases   ] GC(7)   Pre Evacuate Collection Set: 18.6ms
[2022-05-29T16:17:49.121-0700][gc,phases   ] GC(7)   Merge Heap Roots: 1.7ms
[2022-05-29T16:17:49.121-0700][gc,phases   ] GC(7)   Evacuate Collection Set: 81.6ms
[2022-05-29T16:17:49.121-0700][gc,phases   ] GC(7)   Post Evacuate Collection Set: 0.5ms
[2022-05-29T16:17:49.121-0700][gc,phases   ] GC(7)   Other: 2.0ms
[2022-05-29T16:17:49.121-0700][gc,heap     ] GC(7) Eden regions: 50->0(47)
[2022-05-29T16:17:49.121-0700][gc,heap     ] GC(7) Survivor regions: 1->4(7)
[2022-05-29T16:17:49.121-0700][gc,heap     ] GC(7) Old regions: 13->13
[2022-05-29T16:17:49.121-0700][gc,heap     ] GC(7) Archive regions: 2->2
[2022-05-29T16:17:49.121-0700][gc,heap     ] GC(7) Humongous regions: 129->129
[2022-05-29T16:17:49.121-0700][gc,metaspace] GC(7) Metaspace: 40321K(40832K)->40321K(40832K) NonClass: 35550K(35840K)->35550K(35840K) Class: 4770K(4992K)->4770K(4992K)
[2022-05-29T16:17:49.121-0700][gc          ] GC(7) Pause Young (Prepare Mixed) (G1 Evacuation Pause) 193M->145M(1024M) 108.216ms
[2022-05-29T16:17:49.121-0700][gc,cpu      ] GC(7) User=0.02s Sys=0.04s Real=0.11s
[2022-05-29T16:30:46.222-0700][gc,start    ] GC(8) Pause Young (Mixed) (G1 Evacuation Pause)
[2022-05-29T16:30:46.225-0700][gc,task     ] GC(8) Using 8 workers of 8 for evacuation
[2022-05-29T16:30:46.525-0700][gc,mmu      ] GC(8) MMU target violated: 21.0ms (20.0ms/21.0ms)
[2022-05-29T16:30:46.525-0700][gc,phases   ] GC(8)   Pre Evacuate Collection Set: 6.8ms
[2022-05-29T16:30:46.525-0700][gc,phases   ] GC(8)   Merge Heap Roots: 0.6ms
[2022-05-29T16:30:46.525-0700][gc,phases   ] GC(8)   Evacuate Collection Set: 286.1ms
[2022-05-29T16:30:46.525-0700][gc,phases   ] GC(8)   Post Evacuate Collection Set: 3.3ms
[2022-05-29T16:30:46.525-0700][gc,phases   ] GC(8)   Other: 2.9ms
[2022-05-29T16:30:46.525-0700][gc,heap     ] GC(8) Eden regions: 47->0(45)
[2022-05-29T16:30:46.525-0700][gc,heap     ] GC(8) Survivor regions: 4->6(7)
[2022-05-29T16:30:46.525-0700][gc,heap     ] GC(8) Old regions: 13->13
[2022-05-29T16:30:46.525-0700][gc,heap     ] GC(8) Archive regions: 2->2
[2022-05-29T16:30:46.525-0700][gc,heap     ] GC(8) Humongous regions: 129->129
[2022-05-29T16:30:46.525-0700][gc,metaspace] GC(8) Metaspace: 41581K(42240K)->41581K(42240K) NonClass: 36710K(37056K)->36710K(37056K) Class: 4871K(5184K)->4871K(5184K)
[2022-05-29T16:30:46.525-0700][gc          ] GC(8) Pause Young (Mixed) (G1 Evacuation Pause) 192M->147M(1024M) 302.633ms
[2022-05-29T16:30:46.525-0700][gc,cpu      ] GC(8) User=0.12s Sys=0.09s Real=0.30s
[2022-05-29T16:39:06.404-0700][gc,start    ] GC(9) Pause Young (Normal) (G1 Evacuation Pause)
[2022-05-29T16:39:06.407-0700][gc,task     ] GC(9) Using 8 workers of 8 for evacuation
[2022-05-29T16:39:06.491-0700][gc,mmu      ] GC(9) MMU target violated: 21.0ms (20.0ms/21.0ms)
[2022-05-29T16:39:06.492-0700][gc,phases   ] GC(9)   Pre Evacuate Collection Set: 6.1ms
[2022-05-29T16:39:06.492-0700][gc,phases   ] GC(9)   Merge Heap Roots: 0.8ms
[2022-05-29T16:39:06.492-0700][gc,phases   ] GC(9)   Evacuate Collection Set: 75.4ms
[2022-05-29T16:39:06.492-0700][gc,phases   ] GC(9)   Post Evacuate Collection Set: 1.6ms
[2022-05-29T16:39:06.492-0700][gc,phases   ] GC(9)   Other: 2.0ms
[2022-05-29T16:39:06.492-0700][gc,heap     ] GC(9) Eden regions: 45->0(48)
[2022-05-29T16:39:06.492-0700][gc,heap     ] GC(9) Survivor regions: 6->3(7)
[2022-05-29T16:39:06.492-0700][gc,heap     ] GC(9) Old regions: 13->16
[2022-05-29T16:39:06.492-0700][gc,heap     ] GC(9) Archive regions: 2->2
[2022-05-29T16:39:06.492-0700][gc,heap     ] GC(9) Humongous regions: 129->129
[2022-05-29T16:39:06.492-0700][gc,metaspace] GC(9) Metaspace: 41638K(42304K)->41638K(42304K) NonClass: 36765K(37120K)->36765K(37120K) Class: 4872K(5184K)->4872K(5184K)
[2022-05-29T16:39:06.492-0700][gc          ] GC(9) Pause Young (Normal) (G1 Evacuation Pause) 192M->148M(1024M) 90.622ms
[2022-05-29T16:39:06.492-0700][gc,cpu      ] GC(9) User=0.02s Sys=0.07s Real=0.09s
[2022-05-29T16:48:44.092-0700][gc,start    ] GC(10) Pause Young (Normal) (G1 Evacuation Pause)
[2022-05-29T16:48:44.094-0700][gc,task     ] GC(10) Using 8 workers of 8 for evacuation
[2022-05-29T16:48:44.179-0700][gc,mmu      ] GC(10) MMU target violated: 21.0ms (20.0ms/21.0ms)
[2022-05-29T16:48:44.180-0700][gc,phases   ] GC(10)   Pre Evacuate Collection Set: 6.2ms
[2022-05-29T16:48:44.180-0700][gc,phases   ] GC(10)   Merge Heap Roots: 4.2ms
[2022-05-29T16:48:44.180-0700][gc,phases   ] GC(10)   Evacuate Collection Set: 73.5ms
[2022-05-29T16:48:44.180-0700][gc,phases   ] GC(10)   Post Evacuate Collection Set: 0.8ms
[2022-05-29T16:48:44.180-0700][gc,phases   ] GC(10)   Other: 1.2ms
[2022-05-29T16:48:44.180-0700][gc,heap     ] GC(10) Eden regions: 48->0(47)
[2022-05-29T16:48:44.180-0700][gc,heap     ] GC(10) Survivor regions: 3->4(7)
[2022-05-29T16:48:44.180-0700][gc,heap     ] GC(10) Old regions: 16->16
[2022-05-29T16:48:44.180-0700][gc,heap     ] GC(10) Archive regions: 2->2
[2022-05-29T16:48:44.180-0700][gc,heap     ] GC(10) Humongous regions: 129->129
[2022-05-29T16:48:44.180-0700][gc,metaspace] GC(10) Metaspace: 41668K(42304K)->41668K(42304K) NonClass: 36795K(37120K)->36795K(37120K) Class: 4872K(5184K)->4872K(5184K)
[2022-05-29T16:48:44.180-0700][gc          ] GC(10) Pause Young (Normal) (G1 Evacuation Pause) 196M->148M(1024M) 88.322ms
[2022-05-29T16:48:44.180-0700][gc,cpu      ] GC(10) User=0.03s Sys=0.06s Real=0.09s
[2022-05-29T16:58:29.629-0700][gc,start    ] GC(11) Pause Young (Normal) (G1 Evacuation Pause)
[2022-05-29T16:58:29.640-0700][gc,task     ] GC(11) Using 8 workers of 8 for evacuation
[2022-05-29T16:58:29.744-0700][gc,mmu      ] GC(11) MMU target violated: 21.0ms (20.0ms/21.0ms)
[2022-05-29T16:58:29.744-0700][gc,phases   ] GC(11)   Pre Evacuate Collection Set: 14.9ms
[2022-05-29T16:58:29.744-0700][gc,phases   ] GC(11)   Merge Heap Roots: 3.7ms
[2022-05-29T16:58:29.744-0700][gc,phases   ] GC(11)   Evacuate Collection Set: 75.2ms
[2022-05-29T16:58:29.744-0700][gc,phases   ] GC(11)   Post Evacuate Collection Set: 2.2ms
[2022-05-29T16:58:29.744-0700][gc,phases   ] GC(11)   Other: 9.9ms
[2022-05-29T16:58:29.744-0700][gc,heap     ] GC(11) Eden regions: 47->0(48)
[2022-05-29T16:58:29.744-0700][gc,heap     ] GC(11) Survivor regions: 4->3(7)
[2022-05-29T16:58:29.744-0700][gc,heap     ] GC(11) Old regions: 16->16
[2022-05-29T16:58:29.744-0700][gc,heap     ] GC(11) Archive regions: 2->2
[2022-05-29T16:58:29.744-0700][gc,heap     ] GC(11) Humongous regions: 129->129
[2022-05-29T16:58:29.744-0700][gc,metaspace] GC(11) Metaspace: 41685K(42368K)->41685K(42368K) NonClass: 36813K(37184K)->36813K(37184K) Class: 4872K(5184K)->4872K(5184K)
[2022-05-29T16:58:29.744-0700][gc          ] GC(11) Pause Young (Normal) (G1 Evacuation Pause) 195M->147M(1024M) 118.214ms
[2022-05-29T16:58:29.744-0700][gc,cpu      ] GC(11) User=0.02s Sys=0.03s Real=0.12s
[2022-05-29T17:08:32.869-0700][gc,start    ] GC(12) Pause Young (Normal) (G1 Evacuation Pause)
[2022-05-29T17:08:32.889-0700][gc,task     ] GC(12) Using 8 workers of 8 for evacuation
[2022-05-29T17:08:33.045-0700][gc,mmu      ] GC(12) MMU target violated: 21.0ms (20.0ms/21.0ms)
[2022-05-29T17:08:33.045-0700][gc,phases   ] GC(12)   Pre Evacuate Collection Set: 7.4ms
[2022-05-29T17:08:33.045-0700][gc,phases   ] GC(12)   Merge Heap Roots: 1.3ms
[2022-05-29T17:08:33.045-0700][gc,phases   ] GC(12)   Evacuate Collection Set: 131.3ms
[2022-05-29T17:08:33.045-0700][gc,phases   ] GC(12)   Post Evacuate Collection Set: 4.7ms
[2022-05-29T17:08:33.045-0700][gc,phases   ] GC(12)   Other: 24.7ms
[2022-05-29T17:08:33.048-0700][gc,heap     ] GC(12) Eden regions: 48->0(47)
[2022-05-29T17:08:33.048-0700][gc,heap     ] GC(12) Survivor regions: 3->4(7)
[2022-05-29T17:08:33.048-0700][gc,heap     ] GC(12) Old regions: 16->16
[2022-05-29T17:08:33.048-0700][gc,heap     ] GC(12) Archive regions: 2->2
[2022-05-29T17:08:33.048-0700][gc,heap     ] GC(12) Humongous regions: 129->129
[2022-05-29T17:08:33.048-0700][gc,metaspace] GC(12) Metaspace: 41690K(42368K)->41690K(42368K) NonClass: 36817K(37184K)->36817K(37184K) Class: 4872K(5184K)->4872K(5184K)
[2022-05-29T17:08:33.048-0700][gc          ] GC(12) Pause Young (Normal) (G1 Evacuation Pause) 195M->148M(1024M) 181.750ms
[2022-05-29T17:08:33.048-0700][gc,cpu      ] GC(12) User=0.02s Sys=0.05s Real=0.18s
[2022-05-29T17:17:48.734-0700][gc,start    ] GC(13) Pause Young (Normal) (G1 Evacuation Pause)
[2022-05-29T17:17:48.736-0700][gc,task     ] GC(13) Using 8 workers of 8 for evacuation
[2022-05-29T17:17:48.810-0700][gc,mmu      ] GC(13) MMU target violated: 21.0ms (20.0ms/21.0ms)
[2022-05-29T17:17:48.810-0700][gc,phases   ] GC(13)   Pre Evacuate Collection Set: 6.7ms
[2022-05-29T17:17:48.810-0700][gc,phases   ] GC(13)   Merge Heap Roots: 1.1ms
[2022-05-29T17:17:48.810-0700][gc,phases   ] GC(13)   Evacuate Collection Set: 62.8ms
[2022-05-29T17:17:48.810-0700][gc,phases   ] GC(13)   Post Evacuate Collection Set: 3.4ms
[2022-05-29T17:17:48.810-0700][gc,phases   ] GC(13)   Other: 0.1ms
[2022-05-29T17:17:48.811-0700][gc,heap     ] GC(13) Eden regions: 47->0(46)
[2022-05-29T17:17:48.811-0700][gc,heap     ] GC(13) Survivor regions: 4->5(7)
[2022-05-29T17:17:48.811-0700][gc,heap     ] GC(13) Old regions: 16->16
[2022-05-29T17:17:48.811-0700][gc,heap     ] GC(13) Archive regions: 2->2
[2022-05-29T17:17:48.811-0700][gc,heap     ] GC(13) Humongous regions: 129->129
[2022-05-29T17:17:48.811-0700][gc,metaspace] GC(13) Metaspace: 41693K(42368K)->41693K(42368K) NonClass: 36820K(37184K)->36820K(37184K) Class: 4872K(5184K)->4872K(5184K)
[2022-05-29T17:17:48.811-0700][gc          ] GC(13) Pause Young (Normal) (G1 Evacuation Pause) 195M->149M(1024M) 78.018ms
[2022-05-29T17:17:48.811-0700][gc,cpu      ] GC(13) User=0.02s Sys=0.04s Real=0.08s
[2022-05-29T17:23:20.198-0700][gc,heap,exit] Heap
[2022-05-29T17:23:20.198-0700][gc,heap,exit]  garbage-first heap   total 1048576K, used 189917K [0x00000007c0000000, 0x0000000800000000)
[2022-05-29T17:23:20.198-0700][gc,heap,exit]   region size 1024K, 42 young (43008K), 5 survivors (5120K)
[2022-05-29T17:23:20.198-0700][gc,heap,exit]  Metaspace       used 42344K, committed 43008K, reserved 1114112K
[2022-05-29T17:23:20.198-0700][gc,heap,exit]   class space    used 5025K, committed 5312K, reserved 1048576K
