[2022-05-28T21:33:24.722-0700][gc,init] CardTable entry size: 512
[2022-05-28T21:33:24.722-0700][gc     ] Using G1
[2022-05-28T21:33:24.723-0700][gc,init] Version: 18.0.1.1+2-6 (release)
[2022-05-28T21:33:24.723-0700][gc,init] CPUs: 8 total, 8 available
[2022-05-28T21:33:24.723-0700][gc,init] Memory: 8192M
[2022-05-28T21:33:24.723-0700][gc,init] Large Page Support: Disabled
[2022-05-28T21:33:24.723-0700][gc,init] NUMA Support: Disabled
[2022-05-28T21:33:24.723-0700][gc,init] Compressed Oops: Enabled (Zero based)
[2022-05-28T21:33:24.723-0700][gc,init] Heap Region Size: 1M
[2022-05-28T21:33:24.723-0700][gc,init] Heap Min Capacity: 512M
[2022-05-28T21:33:24.723-0700][gc,init] Heap Initial Capacity: 512M
[2022-05-28T21:33:24.723-0700][gc,init] Heap Max Capacity: 512M
[2022-05-28T21:33:24.723-0700][gc,init] Pre-touch: Disabled
[2022-05-28T21:33:24.723-0700][gc,init] Parallel Workers: 8
[2022-05-28T21:33:24.723-0700][gc,init] Concurrent Workers: 2
[2022-05-28T21:33:24.723-0700][gc,init] Concurrent Refinement Workers: 8
[2022-05-28T21:33:24.723-0700][gc,init] Periodic GC: Disabled
[2022-05-28T21:33:24.723-0700][gc,metaspace] CDS archive(s) mapped at: [0x0000000800000000-0x0000000800ba8000-0x0000000800ba8000), size 12222464, SharedBaseAddress: 0x0000000800000000, ArchiveRelocationMode: 0.
[2022-05-28T21:33:24.723-0700][gc,metaspace] Compressed class space mapped at: 0x0000000800c00000-0x0000000840c00000, reserved size: 1073741824
[2022-05-28T21:33:24.723-0700][gc,metaspace] Narrow klass base: 0x0000000800000000, Narrow klass shift: 0, Narrow klass range: 0x100000000
[2022-05-28T21:35:41.141-0700][gc,start    ] GC(0) Pause Young (Normal) (G1 Evacuation Pause)
[2022-05-28T21:35:41.142-0700][gc,task     ] GC(0) Using 8 workers of 8 for evacuation
[2022-05-28T21:35:41.150-0700][gc,phases   ] GC(0)   Pre Evacuate Collection Set: 0.1ms
[2022-05-28T21:35:41.150-0700][gc,phases   ] GC(0)   Merge Heap Roots: 0.3ms
[2022-05-28T21:35:41.150-0700][gc,phases   ] GC(0)   Evacuate Collection Set: 6.6ms
[2022-05-28T21:35:41.150-0700][gc,phases   ] GC(0)   Post Evacuate Collection Set: 0.4ms
[2022-05-28T21:35:41.150-0700][gc,phases   ] GC(0)   Other: 1.1ms
[2022-05-28T21:35:41.150-0700][gc,heap     ] GC(0) Eden regions: 25->0(21)
[2022-05-28T21:35:41.150-0700][gc,heap     ] GC(0) Survivor regions: 0->4(4)
[2022-05-28T21:35:41.150-0700][gc,heap     ] GC(0) Old regions: 0->4
[2022-05-28T21:35:41.150-0700][gc,heap     ] GC(0) Archive regions: 2->2
[2022-05-28T21:35:41.150-0700][gc,heap     ] GC(0) Humongous regions: 0->0
[2022-05-28T21:35:41.150-0700][gc,metaspace] GC(0) Metaspace: 7798K(8000K)->7798K(8000K) NonClass: 6946K(7040K)->6946K(7040K) Class: 852K(960K)->852K(960K)
[2022-05-28T21:35:41.150-0700][gc          ] GC(0) Pause Young (Normal) (G1 Evacuation Pause) 25M->8M(512M) 9.208ms
[2022-05-28T21:35:41.150-0700][gc,cpu      ] GC(0) User=0.01s Sys=0.01s Real=0.01s
[2022-05-29T17:01:45.780-0700][gc,start    ] GC(1) Pause Young (Normal) (G1 Evacuation Pause)
[2022-05-29T17:01:45.795-0700][gc,task     ] GC(1) Using 8 workers of 8 for evacuation
[2022-05-29T17:01:46.035-0700][gc,mmu      ] GC(1) MMU target violated: 21.0ms (20.0ms/21.0ms)
[2022-05-29T17:01:46.036-0700][gc,phases   ] GC(1)   Pre Evacuate Collection Set: 17.7ms
[2022-05-29T17:01:46.036-0700][gc,phases   ] GC(1)   Merge Heap Roots: 2.6ms
[2022-05-29T17:01:46.036-0700][gc,phases   ] GC(1)   Evacuate Collection Set: 202.8ms
[2022-05-29T17:01:46.036-0700][gc,phases   ] GC(1)   Post Evacuate Collection Set: 11.1ms
[2022-05-29T17:01:46.036-0700][gc,phases   ] GC(1)   Other: 12.2ms
[2022-05-29T17:01:46.036-0700][gc,heap     ] GC(1) Eden regions: 21->0(24)
[2022-05-29T17:01:46.036-0700][gc,heap     ] GC(1) Survivor regions: 4->1(4)
[2022-05-29T17:01:46.036-0700][gc,heap     ] GC(1) Old regions: 4->8
[2022-05-29T17:01:46.036-0700][gc,heap     ] GC(1) Archive regions: 2->2
[2022-05-29T17:01:46.036-0700][gc,heap     ] GC(1) Humongous regions: 0->0
[2022-05-29T17:01:46.036-0700][gc,metaspace] GC(1) Metaspace: 8549K(8768K)->8549K(8768K) NonClass: 7675K(7808K)->7675K(7808K) Class: 873K(960K)->873K(960K)
[2022-05-29T17:01:46.036-0700][gc          ] GC(1) Pause Young (Normal) (G1 Evacuation Pause) 29M->8M(512M) 257.021ms
[2022-05-29T17:01:46.036-0700][gc,cpu      ] GC(1) User=0.05s Sys=0.10s Real=0.26s
[2022-05-29T17:23:14.345-0700][gc,heap,exit] Heap
[2022-05-29T17:23:14.349-0700][gc,heap,exit]  garbage-first heap   total 524288K, used 12045K [0x00000007e0000000, 0x0000000800000000)
[2022-05-29T17:23:14.349-0700][gc,heap,exit]   region size 1024K, 5 young (5120K), 1 survivors (1024K)
[2022-05-29T17:23:14.349-0700][gc,heap,exit]  Metaspace       used 8552K, committed 8768K, reserved 1114112K
[2022-05-29T17:23:14.349-0700][gc,heap,exit]   class space    used 874K, committed 960K, reserved 1048576K
