[2022-06-18T17:57:20.227-0700][gc,init] CardTable entry size: 512
[2022-06-18T17:57:20.227-0700][gc     ] Using G1
[2022-06-18T17:57:20.228-0700][gc,init] Version: 18.0.1.1+2-6 (release)
[2022-06-18T17:57:20.228-0700][gc,init] CPUs: 8 total, 8 available
[2022-06-18T17:57:20.228-0700][gc,init] Memory: 8192M
[2022-06-18T17:57:20.228-0700][gc,init] Large Page Support: Disabled
[2022-06-18T17:57:20.228-0700][gc,init] NUMA Support: Disabled
[2022-06-18T17:57:20.228-0700][gc,init] Compressed Oops: Enabled (Zero based)
[2022-06-18T17:57:20.228-0700][gc,init] Heap Region Size: 1M
[2022-06-18T17:57:20.228-0700][gc,init] Heap Min Capacity: 512M
[2022-06-18T17:57:20.228-0700][gc,init] Heap Initial Capacity: 512M
[2022-06-18T17:57:20.228-0700][gc,init] Heap Max Capacity: 512M
[2022-06-18T17:57:20.228-0700][gc,init] Pre-touch: Disabled
[2022-06-18T17:57:20.228-0700][gc,init] Parallel Workers: 8
[2022-06-18T17:57:20.228-0700][gc,init] Concurrent Workers: 2
[2022-06-18T17:57:20.228-0700][gc,init] Concurrent Refinement Workers: 8
[2022-06-18T17:57:20.228-0700][gc,init] Periodic GC: Disabled
[2022-06-18T17:57:20.228-0700][gc,metaspace] CDS archive(s) mapped at: [0x0000000800000000-0x0000000800ba8000-0x0000000800ba8000), size 12222464, SharedBaseAddress: 0x0000000800000000, ArchiveRelocationMode: 0.
[2022-06-18T17:57:20.228-0700][gc,metaspace] Compressed class space mapped at: 0x0000000800c00000-0x0000000840c00000, reserved size: 1073741824
[2022-06-18T17:57:20.228-0700][gc,metaspace] Narrow klass base: 0x0000000800000000, Narrow klass shift: 0, Narrow klass range: 0x100000000
[2022-06-18T17:59:29.726-0700][gc,start    ] GC(0) Pause Young (Normal) (G1 Evacuation Pause)
[2022-06-18T17:59:29.727-0700][gc,task     ] GC(0) Using 8 workers of 8 for evacuation
[2022-06-18T17:59:29.732-0700][gc,phases   ] GC(0)   Pre Evacuate Collection Set: 0.8ms
[2022-06-18T17:59:29.732-0700][gc,phases   ] GC(0)   Merge Heap Roots: 0.0ms
[2022-06-18T17:59:29.732-0700][gc,phases   ] GC(0)   Evacuate Collection Set: 4.0ms
[2022-06-18T17:59:29.732-0700][gc,phases   ] GC(0)   Post Evacuate Collection Set: 0.6ms
[2022-06-18T17:59:29.732-0700][gc,phases   ] GC(0)   Other: 0.5ms
[2022-06-18T17:59:29.732-0700][gc,heap     ] GC(0) Eden regions: 25->0(21)
[2022-06-18T17:59:29.732-0700][gc,heap     ] GC(0) Survivor regions: 0->4(4)
[2022-06-18T17:59:29.732-0700][gc,heap     ] GC(0) Old regions: 0->4
[2022-06-18T17:59:29.732-0700][gc,heap     ] GC(0) Archive regions: 2->2
[2022-06-18T17:59:29.732-0700][gc,heap     ] GC(0) Humongous regions: 0->0
[2022-06-18T17:59:29.732-0700][gc,metaspace] GC(0) Metaspace: 7806K(8064K)->7806K(8064K) NonClass: 6954K(7104K)->6954K(7104K) Class: 852K(960K)->852K(960K)
[2022-06-18T17:59:29.732-0700][gc          ] GC(0) Pause Young (Normal) (G1 Evacuation Pause) 25M->8M(512M) 6.297ms
[2022-06-18T17:59:29.732-0700][gc,cpu      ] GC(0) User=0.01s Sys=0.02s Real=0.01s
[2022-06-18T22:54:40.193-0700][gc,start    ] GC(1) Pause Young (Normal) (G1 Evacuation Pause)
[2022-06-18T22:54:40.197-0700][gc,task     ] GC(1) Using 8 workers of 8 for evacuation
[2022-06-18T22:54:40.406-0700][gc,mmu      ] GC(1) MMU target violated: 21.0ms (20.0ms/21.0ms)
[2022-06-18T22:54:40.407-0700][gc,phases   ] GC(1)   Pre Evacuate Collection Set: 6.8ms
[2022-06-18T22:54:40.407-0700][gc,phases   ] GC(1)   Merge Heap Roots: 1.1ms
[2022-06-18T22:54:40.407-0700][gc,phases   ] GC(1)   Evacuate Collection Set: 195.4ms
[2022-06-18T22:54:40.407-0700][gc,phases   ] GC(1)   Post Evacuate Collection Set: 2.6ms
[2022-06-18T22:54:40.407-0700][gc,phases   ] GC(1)   Other: 4.0ms
[2022-06-18T22:54:40.408-0700][gc,heap     ] GC(1) Eden regions: 21->0(24)
[2022-06-18T22:54:40.408-0700][gc,heap     ] GC(1) Survivor regions: 4->1(4)
[2022-06-18T22:54:40.408-0700][gc,heap     ] GC(1) Old regions: 4->7
[2022-06-18T22:54:40.408-0700][gc,heap     ] GC(1) Archive regions: 2->2
[2022-06-18T22:54:40.408-0700][gc,heap     ] GC(1) Humongous regions: 0->0
[2022-06-18T22:54:40.408-0700][gc,metaspace] GC(1) Metaspace: 8537K(8768K)->8537K(8768K) NonClass: 7663K(7808K)->7663K(7808K) Class: 873K(960K)->873K(960K)
[2022-06-18T22:54:40.408-0700][gc          ] GC(1) Pause Young (Normal) (G1 Evacuation Pause) 29M->8M(512M) 216.785ms
[2022-06-18T22:54:40.408-0700][gc,cpu      ] GC(1) User=0.08s Sys=0.07s Real=0.21s
[2022-06-19T14:06:10.598-0700][gc,start    ] GC(2) Pause Young (Normal) (G1 Evacuation Pause)
[2022-06-19T14:06:10.600-0700][gc,task     ] GC(2) Using 8 workers of 8 for evacuation
[2022-06-19T14:06:10.676-0700][gc,mmu      ] GC(2) MMU target violated: 21.0ms (20.0ms/21.0ms)
[2022-06-19T14:06:10.676-0700][gc,phases   ] GC(2)   Pre Evacuate Collection Set: 5.2ms
[2022-06-19T14:06:10.676-0700][gc,phases   ] GC(2)   Merge Heap Roots: 3.7ms
[2022-06-19T14:06:10.676-0700][gc,phases   ] GC(2)   Evacuate Collection Set: 54.0ms
[2022-06-19T14:06:10.676-0700][gc,phases   ] GC(2)   Post Evacuate Collection Set: 2.1ms
[2022-06-19T14:06:10.676-0700][gc,phases   ] GC(2)   Other: 11.3ms
[2022-06-19T14:06:10.676-0700][gc,heap     ] GC(2) Eden regions: 24->0(24)
[2022-06-19T14:06:10.676-0700][gc,heap     ] GC(2) Survivor regions: 1->1(4)
[2022-06-19T14:06:10.676-0700][gc,heap     ] GC(2) Old regions: 7->7
[2022-06-19T14:06:10.676-0700][gc,heap     ] GC(2) Archive regions: 2->2
[2022-06-19T14:06:10.676-0700][gc,heap     ] GC(2) Humongous regions: 0->0
[2022-06-19T14:06:10.676-0700][gc,metaspace] GC(2) Metaspace: 8545K(8768K)->8545K(8768K) NonClass: 7672K(7808K)->7672K(7808K) Class: 873K(960K)->873K(960K)
[2022-06-19T14:06:10.676-0700][gc          ] GC(2) Pause Young (Normal) (G1 Evacuation Pause) 32M->8M(512M) 79.349ms
[2022-06-19T14:06:10.676-0700][gc,cpu      ] GC(2) User=0.02s Sys=0.04s Real=0.08s
[2022-06-19T22:10:02.058-0700][gc,start    ] GC(3) Pause Young (Normal) (G1 Evacuation Pause)
[2022-06-19T22:10:02.063-0700][gc,task     ] GC(3) Using 8 workers of 8 for evacuation
[2022-06-19T22:10:02.155-0700][gc,mmu      ] GC(3) MMU target violated: 21.0ms (20.0ms/21.0ms)
[2022-06-19T22:10:02.156-0700][gc,phases   ] GC(3)   Pre Evacuate Collection Set: 16.5ms
[2022-06-19T22:10:02.156-0700][gc,phases   ] GC(3)   Merge Heap Roots: 4.9ms
[2022-06-19T22:10:02.156-0700][gc,phases   ] GC(3)   Evacuate Collection Set: 53.0ms
[2022-06-19T22:10:02.156-0700][gc,phases   ] GC(3)   Post Evacuate Collection Set: 5.5ms
[2022-06-19T22:10:02.156-0700][gc,phases   ] GC(3)   Other: 12.0ms
[2022-06-19T22:10:02.157-0700][gc,heap     ] GC(3) Eden regions: 24->0(24)
[2022-06-19T22:10:02.157-0700][gc,heap     ] GC(3) Survivor regions: 1->1(4)
[2022-06-19T22:10:02.157-0700][gc,heap     ] GC(3) Old regions: 7->7
[2022-06-19T22:10:02.157-0700][gc,heap     ] GC(3) Archive regions: 2->2
[2022-06-19T22:10:02.157-0700][gc,heap     ] GC(3) Humongous regions: 0->0
[2022-06-19T22:10:02.158-0700][gc,metaspace] GC(3) Metaspace: 8550K(8768K)->8550K(8768K) NonClass: 7676K(7808K)->7676K(7808K) Class: 873K(960K)->873K(960K)
[2022-06-19T22:10:02.158-0700][gc          ] GC(3) Pause Young (Normal) (G1 Evacuation Pause) 32M->8M(512M) 101.141ms
[2022-06-19T22:10:02.158-0700][gc,cpu      ] GC(3) User=0.03s Sys=0.03s Real=0.10s
[2022-06-20T16:16:27.891-0700][gc,start    ] GC(4) Pause Young (Normal) (G1 Evacuation Pause)
[2022-06-20T16:16:27.894-0700][gc,task     ] GC(4) Using 8 workers of 8 for evacuation
[2022-06-20T16:16:27.962-0700][gc,mmu      ] GC(4) MMU target violated: 21.0ms (20.0ms/21.0ms)
[2022-06-20T16:16:27.978-0700][gc,phases   ] GC(4)   Pre Evacuate Collection Set: 3.0ms
[2022-06-20T16:16:27.978-0700][gc,phases   ] GC(4)   Merge Heap Roots: 1.1ms
[2022-06-20T16:16:27.978-0700][gc,phases   ] GC(4)   Evacuate Collection Set: 54.7ms
[2022-06-20T16:16:27.978-0700][gc,phases   ] GC(4)   Post Evacuate Collection Set: 2.8ms
[2022-06-20T16:16:27.978-0700][gc,phases   ] GC(4)   Other: 22.8ms
[2022-06-20T16:16:27.979-0700][gc,heap     ] GC(4) Eden regions: 24->0(24)
[2022-06-20T16:16:27.979-0700][gc,heap     ] GC(4) Survivor regions: 1->1(4)
[2022-06-20T16:16:27.979-0700][gc,heap     ] GC(4) Old regions: 7->7
[2022-06-20T16:16:27.979-0700][gc,heap     ] GC(4) Archive regions: 2->2
[2022-06-20T16:16:27.979-0700][gc,heap     ] GC(4) Humongous regions: 0->0
[2022-06-20T16:16:27.979-0700][gc,metaspace] GC(4) Metaspace: 8553K(8768K)->8553K(8768K) NonClass: 7679K(7808K)->7679K(7808K) Class: 873K(960K)->873K(960K)
[2022-06-20T16:16:27.979-0700][gc          ] GC(4) Pause Young (Normal) (G1 Evacuation Pause) 32M->8M(512M) 90.160ms
[2022-06-20T16:16:27.979-0700][gc,cpu      ] GC(4) User=0.02s Sys=0.03s Real=0.09s
[2022-06-20T18:07:52.884-0700][gc,heap,exit] Heap
[2022-06-20T18:07:52.885-0700][gc,heap,exit]  garbage-first heap   total 524288K, used 14659K [0x00000007e0000000, 0x0000000800000000)
[2022-06-20T18:07:52.885-0700][gc,heap,exit]   region size 1024K, 8 young (8192K), 1 survivors (1024K)
[2022-06-20T18:07:52.885-0700][gc,heap,exit]  Metaspace       used 8556K, committed 8768K, reserved 1114112K
[2022-06-20T18:07:52.885-0700][gc,heap,exit]   class space    used 874K, committed 960K, reserved 1048576K
